03-21 00:40:36.110   718  2139 D DisplayPowerController: requestPowerState: policy=BRIGHT, useProximitySensor=false, screenBrightness=163, screenAutoBrightnessAdjustment=0.0, brightnessSetByUser=true, useAutoBrightness=false, blockScreenOn=false, lowPowerMode=false, boostScreenBrightness=false, dozeScreenBrightness=-1, dozeScreenState=UNKNOWN, waitForNegativeProximity=false
03-21 00:40:36.110   718  2139 I PowerManagerService: setBrightness mButtonLight, screenBrightness=163
03-21 00:40:36.110   718  2139 D PowerManagerService: updateDisplayPowerStateLocked: mDisplayReady=true, policy=3, mWakefulness=1, mWakeLockSummary=0x0, mUserActivitySummary=0x9, mBootCompleted=true, mScreenBrightnessBoostInProgress=false
03-21 00:40:36.110   718  2139 D PowerManagerService: Releasing suspend blocker "PowerManagerService.WakeLocks".
03-21 00:40:36.111 15272 19713 D SettingsInterface:  from settings cache , name = enabled_accessibility_services , value = null
03-21 00:40:36.111 15272 19713 D SettingsInterface:  from settings cache , name = font_scale , value = null
03-21 00:40:36.112 15272 19713 D SettingsInterface:  from settings cache , name = accessibility_display_magnification_enabled , value = 0
03-21 00:40:36.112 15272 19713 D SettingsInterface:  from settings cache , name = high_text_contrast_enabled , value = null
03-21 00:40:36.112 15272 19713 D SQLiteDatabase: beginTransaction()
03-21 00:40:36.113   217   379 D AALService: Output backlight = 542/1023, CABC gain = 256
03-21 00:40:36.119 19417 19417 D ActivityThread: SVC-Creating service: CreateServiceData{token=android.os.BinderProxy@11ed313 className=com.google.android.gms.chimera.GmsInternalBoundBrokerService packageName=com.google.android.gms intent=null}
03-21 00:40:36.122 19417 19417 D ActivityThread: SVC-CREATE_SERVICE handled : 0 / CreateServiceData{token=android.os.BinderProxy@11ed313 className=com.google.android.gms.chimera.GmsInternalBoundBrokerService packageName=com.google.android.gms intent=null}
03-21 00:40:36.122 19417 19417 V ActivityThread: handleBindService s=com.google.android.gms.chimera.GmsInternalBoundBrokerService@221d950 rebind=false
03-21 00:40:36.123 15272 19713 D SQLiteDatabase: endTransaction()
03-21 00:40:36.125 15272 19713 D SettingsInterface:  from settings cache , name = enabled_accessibility_services , value = null
03-21 00:40:36.125 15272 19713 D SettingsInterface:  from settings cache , name = font_scale , value = null
03-21 00:40:36.125 15272 19713 D SettingsInterface:  from settings cache , name = accessibility_display_magnification_enabled , value = 0
03-21 00:40:36.125 15272 19713 D SettingsInterface:  from settings cache , name = high_text_contrast_enabled , value = null
03-21 00:40:36.126 19417 19417 D ActivityThread: SVC-BIND_SERVICE handled : 0 / BindServiceData{token=android.os.BinderProxy@11ed313 intent=Intent { act=com.google.android.gms.common.BIND_SHARED_PREFS pkg=com.google.android.gms }}
03-21 00:40:36.129 15272 19713 D SQLiteDatabase: beginTransaction()
03-21 00:40:36.135 19417 19417 D ActivityThread: SVC-UNBIND_SERVICE handled : 0 / BindServiceData{token=android.os.BinderProxy@11ed313 intent=Intent { act=com.google.android.gms.common.BIND_SHARED_PREFS pkg=com.google.android.gms }}
03-21 00:40:36.135 19417 19417 D ActivityThread: SVC-Destroying service: com.google.android.gms.chimera.GmsInternalBoundBrokerService@221d950
03-21 00:40:36.136 19417 19417 D ActivityThread: SVC-STOP_SERVICE handled : 0 / android.os.BinderProxy@11ed313
03-21 00:40:36.139 15272 19713 D SQLiteDatabase: endTransaction()
03-21 00:40:36.142   217   379 D AALService: Output backlight = 541/1023, CABC gain = 256
03-21 00:40:36.142 15272 19713 D SettingsInterface:  from settings cache , name = enabled_accessibility_services , value = null
03-21 00:40:36.143 15272 19713 D SettingsInterface:  from settings cache , name = font_scale , value = null
03-21 00:40:36.143 15272 19713 D SettingsInterface:  from settings cache , name = accessibility_display_magnification_enabled , value = 0
03-21 00:40:36.143 15272 19713 D SettingsInterface:  from settings cache , name = high_text_contrast_enabled , value = null
03-21 00:40:36.144 15272 19713 D SQLiteDatabase: beginTransaction()
03-21 00:40:36.153 15272 19713 D SQLiteDatabase: endTransaction()
03-21 00:40:36.156   217   379 D AALService: Output backlight = 540/1023, CABC gain = 256
03-21 00:40:36.161   718  1037 D WifiStateMachine:  ConnectedState (when=-1ms what=131155 arg1=638!CMD_RSSI_POLL  rt=470125494/4552299977 638 0 "Fibertel WiFi413 2.4GHz" 60:14:b3:0b:b2:20 rssi=-33 f=2412 sc=60 link=65 tx=0.0, 0.0, 0.0  rx=0.0 bcn=0 [on:0 tx:0 rx:0 period:2998] from screen [on:0 period:1188813377] gl hn rssi=-28 ag=0 hr ticks 0,0,0 ls-=0 [56,56,56,56,61] brc=0 lrc=0 offload-stopped
03-21 00:40:36.163   718  1037 D WifiStateMachine:  L2ConnectedState (when=-2ms what=131155 arg1=638!CMD_RSSI_POLL  rt=470125495/4552299978 638 0 "Fibertel WiFi413 2.4GHz" 60:14:b3:0b:b2:20 rssi=-33 f=2412 sc=60 link=65 tx=0.0, 0.0, 0.0  rx=0.0 bcn=0 [on:0 tx:0 rx:0 period:1] from screen [on:0 period:1188813378] gl hn rssi=-28 ag=0 hr ticks 0,0,0 ls-=0 [56,56,56,56,61] brc=0 lrc=0 offload-stopped
03-21 00:40:36.163   718  1037 D WifiStateMachine:  get link layer stats 0
03-21 00:40:36.165   718  1037 D WifiHW  : enter -->wifi_send_command cmd=IFNAME=wlan0 SIGNAL_POLL
03-21 00:40:36.165 26577 26577 D wpa_supplicant: wlan0: Control interface command 'SIGNAL_POLL'
03-21 00:40:36.180   718  1037 D WifiHW  : leave --> reply=RSSI=-33
03-21 00:40:36.180   718  1037 D WifiHW  : LINKSPEED=65
03-21 00:40:36.180   718  1037 D WifiHW  : NOISE=9999
03-21 00:40:36.180   718  1037 D WifiHW  : FREQUENCY=2412
03-21 00:40:36.180   718  1037 D WifiHW  : 
03-21 00:40:36.180   718  1037 I WifiStateMachine: fetchRssiLinkSpeedAndFrequencyNative, newRssi:-33, newLinkSpeed:65, SSID:"Fibertel WiFi413 2.4GHz"
03-21 00:40:36.180 15272 15272 D ActivityThread: SVC-Calling onStartCommand: com.google.android.gms.udc.service.UdcApiService@fc7c6d0, flags=0, startId=6
03-21 00:40:36.180   718  1037 D WifiStateMachine: mLastSignalLevel:4, newSignalLevel:4
03-21 00:40:36.180   718  1037 E WifiConfigStore: updateConfiguration freq=2412 BSSID=60:14:b3:0b:b2:20 RSSI=-33 "Fibertel WiFi413 2.4GHz"WPA_PSK
03-21 00:40:36.180 15272 15272 D ActivityThread: SVC-SERVICE_ARGS handled : 0 / ServiceArgsData{token=android.os.BinderProxy@61a0693 startId=6 args=Intent { cmp=com.google.android.gms/.udc.service.UdcApiService }}
03-21 00:40:36.181   718  1037 V ActivityManager: Broadcast sticky: Intent { act=android.net.wifi.RSSI_CHANGED flg=0x4000010 (has extras) } ordered=false userid=-1 callerApp=ProcessRecord{15394b 718:system/1000}
03-21 00:40:36.183   718  1052 D WifiWatchdogStateMachine: RSSI current: 4 new: -33, 4
03-21 00:40:36.185  1543  1551 I PerfService: PerfServiceNative_getPackName
03-21 00:40:36.185   217   379 D AALService: Output backlight = 539/1023, CABC gain = 256
03-21 00:40:36.188   718  2140 I libPerfService: perfGetLastBoostPid 20287
03-21 00:40:36.188   718  2140 D PerfServiceManager: [PerfService] getLastBoostPid 20287 
03-21 00:40:36.188   718  2140 I libPerfService: perfGetLastBoostPid 20287
03-21 00:40:36.188  1543  1551 I PerfService: PerfServiceNative_getPackName
03-21 00:40:36.189   718  1441 I libPerfService: perfGetLastBoostPid 20287
03-21 00:40:36.189   718  1441 D PerfServiceManager: [PerfService] getLastBoostPid 20287 
03-21 00:40:36.189   718  1441 I libPerfService: perfGetLastBoostPid 20287
03-21 00:40:36.189  1543  1551 D GasService: FG app changed: from  to com.tembac.extensionsTest
03-21 00:40:36.189  1543  1551 I PerfService: PerfServiceNative_getPackName
03-21 00:40:36.190   718   734 I libPerfService: perfGetLastBoostPid 20287
03-21 00:40:36.190   718   734 D PerfServiceManager: [PerfService] getLastBoostPid 20287 
03-21 00:40:36.190   718   734 I libPerfService: perfGetLastBoostPid 20287
03-21 00:40:36.196   718  1383 D PowerManagerService: acquireWakeLockInternal: lock=216067771, flags=0x1, tag="CMWakeLock", ws=WorkSource{10013 com.google.android.gms}, uid=10013, pid=15272
03-21 00:40:36.196   718  1383 D PowerManagerService: updateWakeLockSummaryLocked: mWakefulness=Awake, mWakeLockSummary=0x1
03-21 00:40:36.196   718  1383 D PowerManagerService: updateUserActivitySummaryLocked: mWakefulness=Awake, mUserActivitySummary=0x9, nextTimeout=470125839 (in 310 ms)
03-21 00:40:36.196   718  1383 D DisplayPowerController: requestPowerState: policy=BRIGHT, useProximitySensor=false, screenBrightness=163, screenAutoBrightnessAdjustment=0.0, brightnessSetByUser=true, useAutoBrightness=false, blockScreenOn=false, lowPowerMode=false, boostScreenBrightness=false, dozeScreenBrightness=-1, dozeScreenState=UNKNOWN, waitForNegativeProximity=false
03-21 00:40:36.196   718  1383 I PowerManagerService: setBrightness mButtonLight, screenBrightness=163
03-21 00:40:36.197   718  1383 D PowerManagerService: updateDisplayPowerStateLocked: mDisplayReady=true, policy=3, mWakefulness=1, mWakeLockSummary=0x1, mUserActivitySummary=0x9, mBootCompleted=true, mScreenBrightnessBoostInProgress=false
03-21 00:40:36.197   718  1383 D PowerManagerService: Acquiring suspend blocker "PowerManagerService.WakeLocks".
03-21 00:40:36.197   718  1383 D PowerManagerNotifier: onWakeLockAcquired: flags=1, tag="CMWakeLock", packageName=com.google.android.gms, ownerUid=10013, ownerPid=15272, workSource=WorkSource{10013 com.google.android.gms}
03-21 00:40:36.199   217   379 D AALService: Output backlight = 538/1023, CABC gain = 256
03-21 00:40:36.219   718  1379 D PowerManagerService: releaseWakeLockInternal: lock=216067771 [CMWakeLock], flags=0x0, total_time=23ms
03-21 00:40:36.219   718  1379 D PowerManagerNotifier: onWakeLockReleased: flags=1, tag="CMWakeLock", packageName=com.google.android.gms, ownerUid=10013, ownerPid=15272, workSource=WorkSource{10013 com.google.android.gms}
03-21 00:40:36.219   718  1379 D PowerManagerService: updateWakeLockSummaryLocked: mWakefulness=Awake, mWakeLockSummary=0x0
03-21 00:40:36.220   718  1379 D PowerManagerService: updateUserActivitySummaryLocked: mWakefulness=Awake, mUserActivitySummary=0x9, nextTimeout=470125839 (in 286 ms)
03-21 00:40:36.220   718  1379 D DisplayPowerController: requestPowerState: policy=BRIGHT, useProximitySensor=false, screenBrightness=163, screenAutoBrightnessAdjustment=0.0, brightnessSetByUser=true, useAutoBrightness=false, blockScreenOn=false, lowPowerMode=false, boostScreenBrightness=false, dozeScreenBrightness=-1, dozeScreenState=UNKNOWN, waitForNegativeProximity=false
03-21 00:40:36.220   718  1379 I PowerManagerService: setBrightness mButtonLight, screenBrightness=163
03-21 00:40:36.220   718  1379 D PowerManagerService: updateDisplayPowerStateLocked: mDisplayReady=true, policy=3, mWakefulness=1, mWakeLockSummary=0x0, mUserActivitySummary=0x9, mBootCompleted=true, mScreenBrightnessBoostInProgress=false
03-21 00:40:36.220   718  1379 D PowerManagerService: Releasing suspend blocker "PowerManagerService.WakeLocks".
03-21 00:40:36.224 15272 19713 D SettingsInterface:  from settings cache , name = enabled_accessibility_services , value = null
03-21 00:40:36.224 15272 19713 D SettingsInterface:  from settings cache , name = font_scale , value = null
03-21 00:40:36.224 15272 19713 D SettingsInterface:  from settings cache , name = accessibility_display_magnification_enabled , value = 0
03-21 00:40:36.224 15272 19713 D SettingsInterface:  from settings cache , name = high_text_contrast_enabled , value = null
03-21 00:40:36.225 15272 19713 D SQLiteDatabase: beginTransaction()
03-21 00:40:36.231   217   379 D AALService: Output backlight = 537/1023, CABC gain = 256
03-21 00:40:36.237 19417 19417 D ActivityThread: SVC-Creating service: CreateServiceData{token=android.os.BinderProxy@c801749 className=com.google.android.gms.chimera.GmsInternalBoundBrokerService packageName=com.google.android.gms intent=null}
03-21 00:40:36.239 19417 19417 D ActivityThread: SVC-CREATE_SERVICE handled : 0 / CreateServiceData{token=android.os.BinderProxy@c801749 className=com.google.android.gms.chimera.GmsInternalBoundBrokerService packageName=com.google.android.gms intent=null}
03-21 00:40:36.239 19417 19417 V ActivityThread: handleBindService s=com.google.android.gms.chimera.GmsInternalBoundBrokerService@518584e rebind=false
03-21 00:40:36.240 15272 19713 D SQLiteDatabase: endTransaction()
03-21 00:40:36.246 19417 19417 D ActivityThread: SVC-BIND_SERVICE handled : 0 / BindServiceData{token=android.os.BinderProxy@c801749 intent=Intent { act=com.google.android.gms.common.BIND_SHARED_PREFS pkg=com.google.android.gms }}
03-21 00:40:36.247 15272 19713 D SettingsInterface:  from settings cache , name = enabled_accessibility_services , value = null
03-21 00:40:36.247 15272 19713 D SettingsInterface:  from settings cache , name = font_scale , value = null
03-21 00:40:36.247 15272 19713 D SettingsInterface:  from settings cache , name = accessibility_display_magnification_enabled , value = 0
03-21 00:40:36.248 15272 19713 D SettingsInterface:  from settings cache , name = high_text_contrast_enabled , value = null
03-21 00:40:36.249 15272 19713 D SQLiteDatabase: beginTransaction()
03-21 00:40:36.253 19417 19417 D ActivityThread: SVC-UNBIND_SERVICE handled : 0 / BindServiceData{token=android.os.BinderProxy@c801749 intent=Intent { act=com.google.android.gms.common.BIND_SHARED_PREFS pkg=com.google.android.gms }}
03-21 00:40:36.253 19417 19417 D ActivityThread: SVC-Destroying service: com.google.android.gms.chimera.GmsInternalBoundBrokerService@518584e
03-21 00:40:36.253 19417 19417 D ActivityThread: SVC-STOP_SERVICE handled : 0 / android.os.BinderProxy@c801749
03-21 00:40:36.256 15272 19713 D SQLiteDatabase: endTransaction()
03-21 00:40:36.259   217   379 D AALService: Output backlight = 536/1023, CABC gain = 256
03-21 00:40:36.265 15272 15272 D ActivityThread: SVC-Calling onStartCommand: com.google.android.gms.udc.service.UdcApiService@fc7c6d0, flags=0, startId=7
03-21 00:40:36.265 15272 15272 D ActivityThread: SVC-SERVICE_ARGS handled : 0 / ServiceArgsData{token=android.os.BinderProxy@61a0693 startId=7 args=Intent { cmp=com.google.android.gms/.udc.service.UdcApiService }}
03-21 00:40:36.271   718  2141 D PowerManagerService: acquireWakeLockInternal: lock=216067771, flags=0x1, tag="CMWakeLock", ws=WorkSource{10013 com.google.android.gms}, uid=10013, pid=15272
03-21 00:40:36.271   718  2141 D PowerManagerService: updateWakeLockSummaryLocked: mWakefulness=Awake, mWakeLockSummary=0x1
03-21 00:40:36.271   217   379 D AALService: Output backlight = 535/1023, CABC gain = 256
03-21 00:40:36.271   718  2141 D PowerManagerService: updateUserActivitySummaryLocked: mWakefulness=Awake, mUserActivitySummary=0x9, nextTimeout=470125839 (in 234 ms)
03-21 00:40:36.272   718  2141 D DisplayPowerController: requestPowerState: policy=BRIGHT, useProximitySensor=false, screenBrightness=163, screenAutoBrightnessAdjustment=0.0, brightnessSetByUser=true, useAutoBrightness=false, blockScreenOn=false, lowPowerMode=false, boostScreenBrightness=false, dozeScreenBrightness=-1, dozeScreenState=UNKNOWN, waitForNegativeProximity=false
03-21 00:40:36.272   718  2141 I PowerManagerService: setBrightness mButtonLight, screenBrightness=163
03-21 00:40:36.272   718  2141 D PowerManagerService: updateDisplayPowerStateLocked: mDisplayReady=true, policy=3, mWakefulness=1, mWakeLockSummary=0x1, mUserActivitySummary=0x9, mBootCompleted=true, mScreenBrightnessBoostInProgress=false
03-21 00:40:36.272   718  2141 D PowerManagerService: Acquiring suspend blocker "PowerManagerService.WakeLocks".
03-21 00:40:36.272   718  2141 D PowerManagerNotifier: onWakeLockAcquired: flags=1, tag="CMWakeLock", packageName=com.google.android.gms, ownerUid=10013, ownerPid=15272, workSource=WorkSource{10013 com.google.android.gms}
03-21 00:40:36.287   718  1127 D PowerManagerService: releaseWakeLockInternal: lock=216067771 [CMWakeLock], flags=0x0, total_time=15ms
03-21 00:40:36.287   718  1127 D PowerManagerNotifier: onWakeLockReleased: flags=1, tag="CMWakeLock", packageName=com.google.android.gms, ownerUid=10013, ownerPid=15272, workSource=WorkSource{10013 com.google.android.gms}
03-21 00:40:36.287   718  1127 D PowerManagerService: updateWakeLockSummaryLocked: mWakefulness=Awake, mWakeLockSummary=0x0
03-21 00:40:36.288   718  1127 D PowerManagerService: updateUserActivitySummaryLocked: mWakefulness=Awake, mUserActivitySummary=0x9, nextTimeout=470125839 (in 218 ms)
03-21 00:40:36.288   718  1127 D DisplayPowerController: requestPowerState: policy=BRIGHT, useProximitySensor=false, screenBrightness=163, screenAutoBrightnessAdjustment=0.0, brightnessSetByUser=true, useAutoBrightness=false, blockScreenOn=false, lowPowerMode=false, boostScreenBrightness=false, dozeScreenBrightness=-1, dozeScreenState=UNKNOWN, waitForNegativeProximity=false
03-21 00:40:36.288   718  1127 I PowerManagerService: setBrightness mButtonLight, screenBrightness=163
03-21 00:40:36.288   718  1127 D PowerManagerService: updateDisplayPowerStateLocked: mDisplayReady=true, policy=3, mWakefulness=1, mWakeLockSummary=0x0, mUserActivitySummary=0x9, mBootCompleted=true, mScreenBrightnessBoostInProgress=false
03-21 00:40:36.288   718  1127 D PowerManagerService: Releasing suspend blocker "PowerManagerService.WakeLocks".
03-21 00:40:36.290 15272 20314 D SettingsInterface:  from settings cache , name = enabled_accessibility_services , value = null
03-21 00:40:36.291 15272 20314 D SettingsInterface:  from settings cache , name = font_scale , value = null
03-21 00:40:36.291 15272 20314 D SettingsInterface:  from settings cache , name = accessibility_display_magnification_enabled , value = 0
03-21 00:40:36.291 15272 20314 D SettingsInterface:  from settings cache , name = high_text_contrast_enabled , value = null
03-21 00:40:36.293 15272 20314 D SQLiteDatabase: beginTransaction()
03-21 00:40:36.300 15272 15272 D ActivityThread: SVC-Calling onStartCommand: com.google.android.gms.udc.service.UdcApiService@fc7c6d0, flags=0, startId=8
03-21 00:40:36.300   217   379 D AALService: Output backlight = 534/1023, CABC gain = 256
03-21 00:40:36.307 15272 20314 D SQLiteDatabase: endTransaction()
03-21 00:40:36.307 15272 15272 D ActivityThread: SVC-SERVICE_ARGS handled : 0 / ServiceArgsData{token=android.os.BinderProxy@61a0693 startId=8 args=Intent { cmp=com.google.android.gms/.udc.service.UdcApiService }}
03-21 00:40:36.311   718  1383 D PowerManagerService: acquireWakeLockInternal: lock=216067771, flags=0x1, tag="CMWakeLock", ws=WorkSource{10013 com.google.android.gms}, uid=10013, pid=15272
03-21 00:40:36.311   718  1383 D PowerManagerService: updateWakeLockSummaryLocked: mWakefulness=Awake, mWakeLockSummary=0x1
03-21 00:40:36.311   718  1383 D PowerManagerService: updateUserActivitySummaryLocked: mWakefulness=Awake, mUserActivitySummary=0x9, nextTimeout=470125839 (in 194 ms)
03-21 00:40:36.312   718  1383 D DisplayPowerController: requestPowerState: policy=BRIGHT, useProximitySensor=false, screenBrightness=163, screenAutoBrightnessAdjustment=0.0, brightnessSetByUser=true, useAutoBrightness=false, blockScreenOn=false, lowPowerMode=false, boostScreenBrightness=false, dozeScreenBrightness=-1, dozeScreenState=UNKNOWN, waitForNegativeProximity=false
03-21 00:40:36.312   718  1383 I PowerManagerService: setBrightness mButtonLight, screenBrightness=163
03-21 00:40:36.312   718  1383 D PowerManagerService: updateDisplayPowerStateLocked: mDisplayReady=true, policy=3, mWakefulness=1, mWakeLockSummary=0x1, mUserActivitySummary=0x9, mBootCompleted=true, mScreenBrightnessBoostInProgress=false
03-21 00:40:36.312   718  1383 D PowerManagerService: Acquiring suspend blocker "PowerManagerService.WakeLocks".
03-21 00:40:36.312   718  1383 D PowerManagerNotifier: onWakeLockAcquired: flags=1, tag="CMWakeLock", packageName=com.google.android.gms, ownerUid=10013, ownerPid=15272, workSource=WorkSource{10013 com.google.android.gms}
03-21 00:40:36.312 15272 20314 D SettingsInterface:  from settings cache , name = enabled_accessibility_services , value = null
03-21 00:40:36.312 15272 20314 D SettingsInterface:  from settings cache , name = font_scale , value = null
03-21 00:40:36.312 15272 20314 D SettingsInterface:  from settings cache , name = accessibility_display_magnification_enabled , value = 0
03-21 00:40:36.312 15272 20314 D SettingsInterface:  from settings cache , name = high_text_contrast_enabled , value = null
03-21 00:40:36.313 15272 20314 D SQLiteDatabase: beginTransaction()
03-21 00:40:36.315   217   379 D AALService: Output backlight = 533/1023, CABC gain = 256
03-21 00:40:36.326   718  1513 D PowerManagerService: releaseWakeLockInternal: lock=216067771 [CMWakeLock], flags=0x0, total_time=14ms
03-21 00:40:36.326   718  1513 D PowerManagerNotifier: onWakeLockReleased: flags=1, tag="CMWakeLock", packageName=com.google.android.gms, ownerUid=10013, ownerPid=15272, workSource=WorkSource{10013 com.google.android.gms}
03-21 00:40:36.326   718  1513 D PowerManagerService: updateWakeLockSummaryLocked: mWakefulness=Awake, mWakeLockSummary=0x0
03-21 00:40:36.326   718  1513 D PowerManagerService: updateUserActivitySummaryLocked: mWakefulness=Awake, mUserActivitySummary=0x9, nextTimeout=470125839 (in 179 ms)
03-21 00:40:36.326   718  1513 D DisplayPowerController: requestPowerState: policy=BRIGHT, useProximitySensor=false, screenBrightness=163, screenAutoBrightnessAdjustment=0.0, brightnessSetByUser=true, useAutoBrightness=false, blockScreenOn=false, lowPowerMode=false, boostScreenBrightness=false, dozeScreenBrightness=-1, dozeScreenState=UNKNOWN, waitForNegativeProximity=false
03-21 00:40:36.326 15272 20314 D SQLiteDatabase: endTransaction()
03-21 00:40:36.327   718  1513 I PowerManagerService: setBrightness mButtonLight, screenBrightness=163
03-21 00:40:36.327   718  1513 D PowerManagerService: updateDisplayPowerStateLocked: mDisplayReady=true, policy=3, mWakefulness=1, mWakeLockSummary=0x0, mUserActivitySummary=0x9, mBootCompleted=true, mScreenBrightnessBoostInProgress=false
03-21 00:40:36.327   718  1513 D PowerManagerService: Releasing suspend blocker "PowerManagerService.WakeLocks".
03-21 00:40:36.336 15272 20314 D SettingsInterface:  from settings cache , name = enabled_accessibility_services , value = null
03-21 00:40:36.337 15272 20314 D SettingsInterface:  from settings cache , name = font_scale , value = null
03-21 00:40:36.337 15272 20314 D SettingsInterface:  from settings cache , name = accessibility_display_magnification_enabled , value = 0
03-21 00:40:36.337 15272 20314 D SettingsInterface:  from settings cache , name = high_text_contrast_enabled , value = null
03-21 00:40:36.338 15272 20314 D SQLiteDatabase: beginTransaction()
03-21 00:40:36.340   718   732 I art     : Background sticky concurrent mark sweep GC freed 13502(1674KB) AllocSpace objects, 5(100KB) LOS objects, 7% free, 22MB/23MB, paused 5.695ms total 67.130ms
03-21 00:40:36.343   217   379 D AALService: Output backlight = 532/1023, CABC gain = 256
03-21 00:40:36.350 15272 20314 D SQLiteDatabase: endTransaction()
03-21 00:40:36.353 15272 20314 D SettingsInterface:  from settings cache , name = enabled_accessibility_services , value = null
03-21 00:40:36.353 15272 20314 D SettingsInterface:  from settings cache , name = font_scale , value = null
03-21 00:40:36.353 15272 20314 D SettingsInterface:  from settings cache , name = accessibility_display_magnification_enabled , value = 0
03-21 00:40:36.353 15272 20314 D SettingsInterface:  from settings cache , name = high_text_contrast_enabled , value = null
03-21 00:40:36.354 15272 20314 D SQLiteDatabase: beginTransaction()
03-21 00:40:36.358   217   379 D AALService: Output backlight = 531/1023, CABC gain = 256
03-21 00:40:36.362 15272 20314 D SQLiteDatabase: endTransaction()
03-21 00:40:36.364 15272 20314 D SettingsInterface:  from settings cache , name = enabled_accessibility_services , value = null
03-21 00:40:36.364 15272 20314 D SettingsInterface:  from settings cache , name = font_scale , value = null
03-21 00:40:36.365 15272 20314 D SettingsInterface:  from settings cache , name = accessibility_display_magnification_enabled , value = 0
03-21 00:40:36.365 15272 20314 D SettingsInterface:  from settings cache , name = high_text_contrast_enabled , value = null
03-21 00:40:36.366 15272 20314 D SQLiteDatabase: beginTransaction()
03-21 00:40:36.373   718   718 E WifiTrafficPoller: TRAFFIC_STATS_POLL true Token 1789 num clients 5
03-21 00:40:36.374 15272 20314 D SQLiteDatabase: endTransaction()
03-21 00:40:36.374   718   718 E WifiTrafficPoller:  packet count Tx=402590 Rx=726058
03-21 00:40:36.386   217   379 D AALService: Output backlight = 530/1023, CABC gain = 256
03-21 00:40:36.395 15272 15272 D ActivityThread: SVC-Calling onStartCommand: com.google.android.gms.udc.service.UdcApiService@fc7c6d0, flags=0, startId=9
03-21 00:40:36.396 15272 15272 D ActivityThread: SVC-SERVICE_ARGS handled : 0 / ServiceArgsData{token=android.os.BinderProxy@61a0693 startId=9 args=Intent { cmp=com.google.android.gms/.udc.service.UdcApiService }}
03-21 00:40:36.400   718   735 D PowerManagerService: acquireWakeLockInternal: lock=216067771, flags=0x1, tag="CMWakeLock", ws=WorkSource{10013 com.google.android.gms}, uid=10013, pid=15272
03-21 00:40:36.401   718   735 D PowerManagerService: updateWakeLockSummaryLocked: mWakefulness=Awake, mWakeLockSummary=0x1
03-21 00:40:36.401   718   735 D PowerManagerService: updateUserActivitySummaryLocked: mWakefulness=Awake, mUserActivitySummary=0x9, nextTimeout=470125839 (in 105 ms)
03-21 00:40:36.401   718   735 D DisplayPowerController: requestPowerState: policy=BRIGHT, useProximitySensor=false, screenBrightness=163, screenAutoBrightnessAdjustment=0.0, brightnessSetByUser=true, useAutoBrightness=false, blockScreenOn=false, lowPowerMode=false, boostScreenBrightness=false, dozeScreenBrightness=-1, dozeScreenState=UNKNOWN, waitForNegativeProximity=false
03-21 00:40:36.401   718   735 I PowerManagerService: setBrightness mButtonLight, screenBrightness=163
03-21 00:40:36.401   718   735 D PowerManagerService: updateDisplayPowerStateLocked: mDisplayReady=true, policy=3, mWakefulness=1, mWakeLockSummary=0x1, mUserActivitySummary=0x9, mBootCompleted=true, mScreenBrightnessBoostInProgress=false
03-21 00:40:36.401   718   735 D PowerManagerService: Acquiring suspend blocker "PowerManagerService.WakeLocks".
03-21 00:40:36.401   217   379 D AALService: Output backlight = 529/1023, CABC gain = 256
03-21 00:40:36.401   718   735 D PowerManagerNotifier: onWakeLockAcquired: flags=1, tag="CMWakeLock", packageName=com.google.android.gms, ownerUid=10013, ownerPid=15272, workSource=WorkSource{10013 com.google.android.gms}
03-21 00:40:36.408   718 22892 D PowerManagerService: releaseWakeLockInternal: lock=216067771 [CMWakeLock], flags=0x0, total_time=8ms
03-21 00:40:36.409   718 22892 D PowerManagerNotifier: onWakeLockReleased: flags=1, tag="CMWakeLock", packageName=com.google.android.gms, ownerUid=10013, ownerPid=15272, workSource=WorkSource{10013 com.google.android.gms}
03-21 00:40:36.409   718 22892 D PowerManagerService: updateWakeLockSummaryLocked: mWakefulness=Awake, mWakeLockSummary=0x0
03-21 00:40:36.409   718 22892 D PowerManagerService: updateUserActivitySummaryLocked: mWakefulness=Awake, mUserActivitySummary=0x9, nextTimeout=470125839 (in 97 ms)
03-21 00:40:36.409   718 22892 D DisplayPowerController: requestPowerState: policy=BRIGHT, useProximitySensor=false, screenBrightness=163, screenAutoBrightnessAdjustment=0.0, brightnessSetByUser=true, useAutoBrightness=false, blockScreenOn=false, lowPowerMode=false, boostScreenBrightness=false, dozeScreenBrightness=-1, dozeScreenState=UNKNOWN, waitForNegativeProximity=false
03-21 00:40:36.409   718 22892 I PowerManagerService: setBrightness mButtonLight, screenBrightness=163
03-21 00:40:36.409   718 22892 D PowerManagerService: updateDisplayPowerStateLocked: mDisplayReady=true, policy=3, mWakefulness=1, mWakeLockSummary=0x0, mUserActivitySummary=0x9, mBootCompleted=true, mScreenBrightnessBoostInProgress=false
03-21 00:40:36.409   718 22892 D PowerManagerService: Releasing suspend blocker "PowerManagerService.WakeLocks".
03-21 00:40:36.410 15272 19713 D SettingsInterface:  from settings cache , name = enabled_accessibility_services , value = null
03-21 00:40:36.410 15272 19713 D SettingsInterface:  from settings cache , name = font_scale , value = null
03-21 00:40:36.411 15272 19713 D SettingsInterface:  from settings cache , name = accessibility_display_magnification_enabled , value = 0
03-21 00:40:36.411 15272 19713 D SettingsInterface:  from settings cache , name = high_text_contrast_enabled , value = null
03-21 00:40:36.412 15272 19713 D SQLiteDatabase: beginTransaction()
03-21 00:40:36.420 15272 19713 D SQLiteDatabase: endTransaction()
03-21 00:40:36.423 15272 19713 D SettingsInterface:  from settings cache , name = enabled_accessibility_services , value = null
03-21 00:40:36.423 15272 19713 D SettingsInterface:  from settings cache , name = font_scale , value = null
03-21 00:40:36.423 15272 19713 D SettingsInterface:  from settings cache , name = accessibility_display_magnification_enabled , value = 0
03-21 00:40:36.423 15272 19713 D SettingsInterface:  from settings cache , name = high_text_contrast_enabled , value = null
03-21 00:40:36.424 15272 19713 D SQLiteDatabase: beginTransaction()
03-21 00:40:36.430   217   379 D AALService: Output backlight = 528/1023, CABC gain = 256
03-21 00:40:36.431 15272 19713 D SQLiteDatabase: endTransaction()
03-21 00:40:36.473   217   379 D AALService: Output backlight = 529/1023, CABC gain = 256
03-21 00:40:36.502   217   379 D AALService: Output backlight = 530/1023, CABC gain = 256
03-21 00:40:36.505   718   779 D PowerManagerService: handleUserActivityTimeout
03-21 00:40:36.505   718   779 D PowerManagerService: updateUserActivitySummaryLocked: mWakefulness=Awake, mUserActivitySummary=0x1, nextTimeout=470178150 (in 52311 ms)
03-21 00:40:36.506   718   779 D DisplayPowerController: requestPowerState: policy=BRIGHT, useProximitySensor=false, screenBrightness=163, screenAutoBrightnessAdjustment=0.0, brightnessSetByUser=true, useAutoBrightness=false, blockScreenOn=false, lowPowerMode=false, boostScreenBrightness=false, dozeScreenBrightness=-1, dozeScreenState=UNKNOWN, waitForNegativeProximity=false
03-21 00:40:36.506   718   779 D lights  : write_int open fd=-1
03-21 00:40:36.506   718   779 I PowerManagerService: setBrightness mButtonLight 0.
03-21 00:40:36.506   718   779 D PowerManagerService: updateDisplayPowerStateLocked: mDisplayReady=true, policy=3, mWakefulness=1, mWakeLockSummary=0x0, mUserActivitySummary=0x1, mBootCompleted=true, mScreenBrightnessBoostInProgress=false
03-21 00:40:36.516   217   379 D AALService: Output backlight = 531/1023, CABC gain = 256
03-21 00:40:36.545   217   379 D AALService: Output backlight = 532/1023, CABC gain = 256
03-21 00:40:36.559   217   379 D AALService: Output backlight = 533/1023, CABC gain = 256
03-21 00:40:36.588   217   379 D AALService: Output backlight = 530/1023, CABC gain = 257
03-21 00:40:36.602   217   379 D AALService: Output backlight = 526/1023, CABC gain = 258
03-21 00:40:36.617   217   379 D AALService: Output backlight = 520/1023, CABC gain = 260
03-21 00:40:36.631   217   379 D AALService: Output backlight = 516/1023, CABC gain = 261
03-21 00:40:36.646   217   379 D AALService: Output backlight = 510/1023, CABC gain = 263
03-21 00:40:36.660   217   379 D AALService: Output backlight = 502/1023, CABC gain = 265
03-21 00:40:36.674   217   379 D AALService: Output backlight = 491/1023, CABC gain = 268
03-21 00:40:36.689   217   379 D AALService: Output backlight = 480/1023, CABC gain = 271
03-21 00:40:36.703   217   379 D AALService: Output backlight = 469/1023, CABC gain = 274
03-21 00:40:36.718   217   379 D AALService: Output backlight = 455/1023, CABC gain = 278
03-21 00:40:36.732   217   379 D AALService: Output backlight = 443/1023, CABC gain = 281
03-21 00:40:36.746   217   379 D AALService: Output backlight = 428/1023, CABC gain = 285
03-21 00:40:36.761   217   379 D AALService: Output backlight = 418/1023, CABC gain = 288
03-21 00:40:36.775   217   379 D AALService: Output backlight = 410/1023, CABC gain = 291
03-21 00:40:36.776   193   193 I BufferQueueConsumer: [com.google.android.apps.messaging/com.google.android.apps.messaging.ui.conversation.ConversationActivity](this:0xb8f59690,id:4070,api:1,p:-1,c:-1) disconnect(C)
03-21 00:40:36.777   193   193 I BufferQueueConsumer: [android/com.android.internal.app.ResolverActivity](this:0xb8ee0a60,id:4072,api:2,p:-1,c:-1) disconnect(C)
03-21 00:40:36.777   193   193 W SurfaceFlinger: couldn't log to binary event log: overflow.
03-21 00:40:36.777   193   193 D GraphicBuffer: free, handle(0xb8f3d7d0) (w:480 h:800 s:480 f:0x1 u:0x000f02)
03-21 00:40:36.777   193   193 I BufferQueue: [com.google.android.apps.messaging/com.google.android.apps.messaging.ui.conversation.ConversationActivity](this:0xb8f59690,id:4070,api:1,p:-1,c:-1) ~BufferQueueCore
03-21 00:40:36.778   193   193 D GraphicBuffer: free, handle(0xb8f71608) (w:480 h:764 s:480 f:0x1 u:0x000933)
03-21 00:40:36.778   193   193 I BufferQueue: [android/com.android.internal.app.ResolverActivity](this:0xb8ee0a60,id:4072,api:2,p:-1,c:-1) ~BufferQueueCore
03-21 00:40:36.778   718   769 D ActivityManager: ACT-IDLE_NOW_MSG from windowsVisible() for idle: ActivityRecord{960fc00 u0 com.tembac.extensionsTest/.MainActivity t527}
03-21 00:40:36.779   718  1049 I libPerfService: 1: set: 3
03-21 00:40:36.780   718  1049 I libPerfService: 1: set freq: 819000
03-21 00:40:36.780   718  1049 I libPerfService: 1: set freq max: 0
03-21 00:40:36.781   718   769 V WindowManager: Looking for focus: 8 = Window{289a461 u0 StatusBar}, flags=-2122055608, canReceive=false
03-21 00:40:36.781   718   769 V WindowManager: findFocusedWindow: Found new focus @ 5 = Window{59f4ee2 u0 com.tembac.extensionsTest/com.tembac.extensionsTest.MainActivity}
03-21 00:40:36.787   718  1441 V WindowManager: Looking for focus: 7 = Window{289a461 u0 StatusBar}, flags=-2122055608, canReceive=false
03-21 00:40:36.787   718  1441 V WindowManager: findFocusedWindow: Found new focus @ 4 = Window{59f4ee2 u0 com.tembac.extensionsTest/com.tembac.extensionsTest.MainActivity}
03-21 00:40:36.787 19513 19513 D WindowClient: Remove from mViews: com.android.internal.policy.PhoneWindow$DecorView{1e23fc9 V.E...... R.....ID 0,0-480,764}, this = android.view.WindowManagerGlobal@86d6440
03-21 00:40:36.787 19513 19513 D ActivityThread: ACT-DESTROY_ACTIVITY handled : 1 / android.os.BinderProxy@ab4564
03-21 00:40:36.790   217   379 D AALService: Output backlight = 402/1023, CABC gain = 294
03-21 00:40:36.804   217   379 D AALService: Output backlight = 395/1023, CABC gain = 297
03-21 00:40:36.818   217   379 D AALService: Output backlight = 387/1023, CABC gain = 300
03-21 00:40:36.833   217   379 D AALService: Output backlight = 379/1023, CABC gain = 303
03-21 00:40:36.847   217   379 D AALService: Output backlight = 374/1023, CABC gain = 305
03-21 00:40:36.862   217   379 D AALService: Output backlight = 369/1023, CABC gain = 307
03-21 00:40:36.876   217   379 D AALService: Output backlight = 361/1023, CABC gain = 310
03-21 00:40:36.890   217   379 D AALService: Output backlight = 356/1023, CABC gain = 312
03-21 00:40:36.905   217   379 D AALService: Output backlight = 352/1023, CABC gain = 314
03-21 00:40:36.919   217   379 D AALService: Output backlight = 346/1023, CABC gain = 316
03-21 00:40:36.934   217   379 D AALService: Output backlight = 341/1023, CABC gain = 318
03-21 00:40:36.947   718  1049 D PerfServiceManager: [PerfService] MESSAGE_TIMEOUT:105 
03-21 00:40:36.947   718  1049 I libPerfService: 5: set: 1
03-21 00:40:36.948   718  1049 I libPerfService: 5: set freq: 0
03-21 00:40:36.948   718  1049 I libPerfService: 5: set freq max: 0
03-21 00:40:36.948   217   379 D AALService: Output backlight = 336/1023, CABC gain = 320
03-21 00:40:36.948   718  1049 D PerfServiceManager: [PerfService] set utilization:0.8 
03-21 00:40:36.962   217   379 D AALService: Output backlight = 334/1023, CABC gain = 321
03-21 00:40:36.977   217   379 D AALService: Output backlight = 331/1023, CABC gain = 323
03-21 00:40:36.991   217   379 D AALService: Output backlight = 329/1023, CABC gain = 324
03-21 00:40:37.006   217   379 D AALService: Output backlight = 326/1023, CABC gain = 326
03-21 00:40:37.020   217   379 D AALService: Output backlight = 324/1023, CABC gain = 327
03-21 00:40:37.034   217   379 D AALService: Output backlight = 320/1023, CABC gain = 329
03-21 00:40:37.049   217   379 D AALService: Output backlight = 319/1023, CABC gain = 330
03-21 00:40:37.063   217   379 D AALService: Output backlight = 317/1023, CABC gain = 331
03-21 00:40:37.077   217   379 D AALService: Output backlight = 315/1023, CABC gain = 332
03-21 00:40:37.092   217   379 D AALService: Output backlight = 314/1023, CABC gain = 333
03-21 00:40:37.106   217   379 D AALService: Output backlight = 310/1023, CABC gain = 335
03-21 00:40:37.121   217   379 D AALService: Output backlight = 308/1023, CABC gain = 336
03-21 00:40:37.121   232   232 I thermal_repeater: select timeout
03-21 00:40:37.135   217   379 D AALService: Output backlight = 307/1023, CABC gain = 337
03-21 00:40:37.164   217   379 D AALService: Output backlight = 305/1023, CABC gain = 338
03-21 00:40:37.178   217   379 D AALService: Output backlight = 303/1023, CABC gain = 339
03-21 00:40:37.193  1543  1551 I PerfService: PerfServiceNative_getPackName
03-21 00:40:37.193   217   379 D AALService: Output backlight = 302/1023, CABC gain = 340
03-21 00:40:37.193   718  1578 I libPerfService: perfGetLastBoostPid 20287
03-21 00:40:37.193   718  1578 D PerfServiceManager: [PerfService] getLastBoostPid 20287 
03-21 00:40:37.193   718  1578 I libPerfService: perfGetLastBoostPid 20287
03-21 00:40:37.207   217   379 D AALService: Output backlight = 300/1023, CABC gain = 341
03-21 00:40:37.222   217   379 D AALService: Output backlight = 301/1023, CABC gain = 341
03-21 00:40:37.236   217   379 D AALService: Output backlight = 299/1023, CABC gain = 342
03-21 00:40:37.250   217   379 D AALService: Output backlight = 297/1023, CABC gain = 343
03-21 00:40:37.279   217   379 D AALService: Output backlight = 296/1023, CABC gain = 344
03-21 00:40:37.294   217   379 D AALService: Output backlight = 294/1023, CABC gain = 345
03-21 00:40:37.322   217   379 D AALService: Output backlight = 292/1023, CABC gain = 346
03-21 00:40:37.337   217   379 D AALService: Output backlight = 293/1023, CABC gain = 346
03-21 00:40:37.351   217   379 D AALService: Output backlight = 292/1023, CABC gain = 347
03-21 00:40:37.376   718   718 E WifiTrafficPoller: TRAFFIC_STATS_POLL true Token 1789 num clients 5
03-21 00:40:37.377   718   718 E WifiTrafficPoller:  packet count Tx=402590 Rx=726058
03-21 00:40:37.394   217   379 D AALService: Output backlight = 290/1023, CABC gain = 348
03-21 00:40:37.423   217   379 D AALService: Output backlight = 288/1023, CABC gain = 349
03-21 00:40:37.438   217   379 D AALService: Output backlight = 289/1023, CABC gain = 349
03-21 00:40:37.466   217   379 D AALService: Output backlight = 287/1023, CABC gain = 350
03-21 00:40:37.481   217   379 D AALService: Output backlight = 288/1023, CABC gain = 350
03-21 00:40:37.524   217   379 D AALService: Output backlight = 287/1023, CABC gain = 351
03-21 00:40:37.553   217   379 D AALService: Output backlight = 288/1023, CABC gain = 351
03-21 00:40:37.581   217   379 D AALService: Output backlight = 286/1023, CABC gain = 352
03-21 00:40:37.596   217   379 D AALService: Output backlight = 287/1023, CABC gain = 352
03-21 00:40:37.653   217   379 D AALService: Output backlight = 286/1023, CABC gain = 353
03-21 00:40:37.682   217   379 D AALService: Output backlight = 287/1023, CABC gain = 353
03-21 00:40:37.740   217   379 D AALService: Output backlight = 288/1023, CABC gain = 353
03-21 00:40:37.754   217   379 D AALService: Output backlight = 287/1023, CABC gain = 354
03-21 00:40:37.783   217   379 D AALService: Output backlight = 288/1023, CABC gain = 354
03-21 00:40:37.855   217   379 D AALService: Output backlight = 289/1023, CABC gain = 354
03-21 00:40:37.884   217   379 D AALService: Output backlight = 290/1023, CABC gain = 354
03-21 00:40:37.885   718  1027 V SettingsProvider: packageValueForCallResult, name = haptic_feedback_enabled, value : 1
03-21 00:40:37.886   718  1027 D AppOps  : startOperation: allowing code 3 uid 1000 package android
03-21 00:40:37.886   718  1027 D PowerManagerService: acquireWakeLockInternal: lock=74015297, flags=0x1, tag="*vibrator*", ws=WorkSource{1000}, uid=1000, pid=718
03-21 00:40:37.886   718  1027 D PowerManagerService: updateWakeLockSummaryLocked: mWakefulness=Awake, mWakeLockSummary=0x1
03-21 00:40:37.887   718  1027 D PowerManagerService: updateUserActivitySummaryLocked: mWakefulness=Awake, mUserActivitySummary=0x1, nextTimeout=470178150 (in 50930 ms)
03-21 00:40:37.887   718  1027 D DisplayPowerController: requestPowerState: policy=BRIGHT, useProximitySensor=false, screenBrightness=163, screenAutoBrightnessAdjustment=0.0, brightnessSetByUser=true, useAutoBrightness=false, blockScreenOn=false, lowPowerMode=false, boostScreenBrightness=false, dozeScreenBrightness=-1, dozeScreenState=UNKNOWN, waitForNegativeProximity=false
03-21 00:40:37.887   718  1027 I PowerManagerService: setBrightness mButtonLight 0.
03-21 00:40:37.887   718  1027 D PowerManagerService: updateDisplayPowerStateLocked: mDisplayReady=true, policy=3, mWakefulness=1, mWakeLockSummary=0x1, mUserActivitySummary=0x1, mBootCompleted=true, mScreenBrightnessBoostInProgress=false
03-21 00:40:37.887   718  1027 D PowerManagerService: Acquiring suspend blocker "PowerManagerService.WakeLocks".
03-21 00:40:37.888   718  1027 D PowerManagerNotifier: onWakeLockAcquired: flags=1, tag="*vibrator*", packageName=android, ownerUid=1000, ownerPid=718, workSource=WorkSource{1000}
03-21 00:40:37.889   718  1027 V SettingsProvider: packageValueForCallResult, name = haptic_feedback_enabled, value : 1
03-21 00:40:37.889   718  1027 D AppOps  : startOperation: allowing code 3 uid 1000 package android
03-21 00:40:37.889   718 20316 D PowerManagerService: releaseWakeLockInternal: lock=74015297 [*vibrator*], flags=0x0, total_time=3ms
03-21 00:40:37.890   718 20316 D PowerManagerNotifier: onWakeLockReleased: flags=1, tag="*vibrator*", packageName=android, ownerUid=1000, ownerPid=718, workSource=WorkSource{1000}
03-21 00:40:37.890   718 20316 D PowerManagerService: updateWakeLockSummaryLocked: mWakefulness=Awake, mWakeLockSummary=0x0
03-21 00:40:37.890   718 20316 D PowerManagerService: updateUserActivitySummaryLocked: mWakefulness=Awake, mUserActivitySummary=0x1, nextTimeout=470178150 (in 50926 ms)
03-21 00:40:37.890   718 20316 D DisplayPowerController: requestPowerState: policy=BRIGHT, useProximitySensor=false, screenBrightness=163, screenAutoBrightnessAdjustment=0.0, brightnessSetByUser=true, useAutoBrightness=false, blockScreenOn=false, lowPowerMode=false, boostScreenBrightness=false, dozeScreenBrightness=-1, dozeScreenState=UNKNOWN, waitForNegativeProximity=false
03-21 00:40:37.891   718 20316 I PowerManagerService: setBrightness mButtonLight 0.
03-21 00:40:37.891   718 20316 D PowerManagerService: updateDisplayPowerStateLocked: mDisplayReady=true, policy=3, mWakefulness=1, mWakeLockSummary=0x0, mUserActivitySummary=0x1, mBootCompleted=true, mScreenBrightnessBoostInProgress=false
03-21 00:40:37.891   718 20316 D PowerManagerService: Releasing suspend blocker "PowerManagerService.WakeLocks".
03-21 00:40:37.891   718  1027 D PowerManagerService: acquireWakeLockInternal: lock=74015297, flags=0x1, tag="*vibrator*", ws=WorkSource{1000}, uid=1000, pid=718
03-21 00:40:37.891   718  1027 D PowerManagerService: updateWakeLockSummaryLocked: mWakefulness=Awake, mWakeLockSummary=0x1
03-21 00:40:37.892   718  1027 D PowerManagerService: updateUserActivitySummaryLocked: mWakefulness=Awake, mUserActivitySummary=0x1, nextTimeout=470178150 (in 50925 ms)
03-21 00:40:37.892   718  1027 D DisplayPowerController: requestPowerState: policy=BRIGHT, useProximitySensor=false, screenBrightness=163, screenAutoBrightnessAdjustment=0.0, brightnessSetByUser=true, useAutoBrightness=false, blockScreenOn=false, lowPowerMode=false, boostScreenBrightness=false, dozeScreenBrightness=-1, dozeScreenState=UNKNOWN, waitForNegativeProximity=false
03-21 00:40:37.892   718  1027 I PowerManagerService: setBrightness mButtonLight 0.
03-21 00:40:37.892   718  1027 D PowerManagerService: updateDisplayPowerStateLocked: mDisplayReady=true, policy=3, mWakefulness=1, mWakeLockSummary=0x1, mUserActivitySummary=0x1, mBootCompleted=true, mScreenBrightnessBoostInProgress=false
03-21 00:40:37.892   718  1027 D PowerManagerService: Acquiring suspend blocker "PowerManagerService.WakeLocks".
03-21 00:40:37.892   718  1027 D PowerManagerNotifier: onWakeLockAcquired: flags=1, tag="*vibrator*", packageName=android, ownerUid=1000, ownerPid=718, workSource=WorkSource{1000}
03-21 00:40:37.893   718  1026 D PowerManagerService: userActivityFromNative
03-21 00:40:37.894   718  1026 D PowerManagerService: userActivityNoUpdateLocked: eventTime=470127218, event=1, flags=0x0, uid=1000
03-21 00:40:37.894   718  1026 D PowerManagerNotifier: onUserActivity: event=1, uid=1000
03-21 00:40:37.894   718  1026 D PowerManagerService: updateUserActivitySummaryLocked: mWakefulness=Awake, mUserActivitySummary=0x9, nextTimeout=470132218 (in 4991 ms)
03-21 00:40:37.894   718  1026 D DisplayPowerController: requestPowerState: policy=BRIGHT, useProximitySensor=false, screenBrightness=163, screenAutoBrightnessAdjustment=0.0, brightnessSetByUser=true, useAutoBrightness=false, blockScreenOn=false, lowPowerMode=false, boostScreenBrightness=false, dozeScreenBrightness=-1, dozeScreenState=UNKNOWN, waitForNegativeProximity=false
03-21 00:40:37.894   718  1026 D lights  : write_int open fd=-1
03-21 00:40:37.895   718  1026 I PowerManagerService: setBrightness mButtonLight, screenBrightness=163
03-21 00:40:37.895   718  1026 D PowerManagerService: updateDisplayPowerStateLocked: mDisplayReady=true, policy=3, mWakefulness=1, mWakeLockSummary=0x1, mUserActivitySummary=0x9, mBootCompleted=true, mScreenBrightnessBoostInProgress=false
03-21 00:40:37.895   718  1026 V tianyunfei: className=com.tembac.extensionsTest.MainActivity
03-21 00:40:37.895   718  1026 V tianyunfei: win.getOwningPackage()=com.tembac.extensionsTest
03-21 00:40:37.897   718  1441 V ActivityManager: Broadcast: Intent { act=android.intent.action.CLOSE_SYSTEM_DIALOGS flg=0x50000010 (has extras) } ordered=false userid=-1 callerApp=null
03-21 00:40:37.899  1072  1072 D SettingsInterface:  from settings cache , name = device_provisioned , value = 1
03-21 00:40:37.900 18747 18747 D Launcher3: Launcher, Close system dialogs: reason = recentapps
03-21 00:40:37.902  1072  1072 D SettingsInterface:  from settings cache , name = development_settings_enabled , value = 1
03-21 00:40:37.902  1072  1072 D SettingsInterface:  from settings cache , name = lock_to_app_enabled , value = null
03-21 00:40:37.913   217   379 D AALService: Output backlight = 288/1023, CABC gain = 355
03-21 00:40:37.916   718  1127 I ActivityManager: START u0 {act=com.android.systemui.recents.SHOW_RECENTS flg=0x10804000 cmp=com.android.systemui/.recents.RecentsActivity} from uid 10027 from pid 1072 on display 0
03-21 00:40:37.918   718  1127 V WindowManager: Looking for focus: 7 = Window{289a461 u0 StatusBar}, flags=-2122055608, canReceive=false
03-21 00:40:37.918   718  1127 V WindowManager: findFocusedWindow: Found new focus @ 2 = Window{59f4ee2 u0 com.tembac.extensionsTest/com.tembac.extensionsTest.MainActivity}
03-21 00:40:37.921   718  1127 V WindowManager: Set focused app to: AppWindowToken{cc4138a token=Token{e7d09f5 ActivityRecord{3fd7b2c u0 com.android.systemui/.recents.RecentsActivity t61}}} old focus=AppWindowToken{c3b727e token=Token{3137c39 ActivityRecord{960fc00 u0 com.tembac.extensionsTest/.MainActivity t527}}} moveFocusNow=true
03-21 00:40:37.922   718  1127 V WindowManager: Looking for focus: 7 = Window{289a461 u0 StatusBar}, flags=-2122055608, canReceive=false
03-21 00:40:37.922   718  1127 V WindowManager: findFocusedWindow: Reached focused app=AppWindowToken{cc4138a token=Token{e7d09f5 ActivityRecord{3fd7b2c u0 com.android.systemui/.recents.RecentsActivity t61}}}
03-21 00:40:37.924   718  1127 V WindowManager: Changing focus from Window{59f4ee2 u0 com.tembac.extensionsTest/com.tembac.extensionsTest.MainActivity} to null Callers=com.android.server.wm.WindowManagerService.setFocusedApp:4470 com.android.server.am.ActivityManagerService.setFocusedActivityLocked:2927 com.android.server.am.ActivityStack.moveTaskToFrontLocked:4430 com.android.server.am.ActivityStackSupervisor.startActivityUncheckedLocked:2331 
03-21 00:40:37.924   718  1127 D WindowManager: Input focus has changed to null
03-21 00:40:37.925   718   769 I WindowManager: Focus moving from Window{59f4ee2 u0 com.tembac.extensionsTest/com.tembac.extensionsTest.MainActivity} to null
03-21 00:40:37.925   718   769 I WindowManager: Losing focus: Window{59f4ee2 u0 com.tembac.extensionsTest/com.tembac.extensionsTest.MainActivity}
03-21 00:40:37.926   718  1049 I libPerfService: 1: set freq: 1300000
03-21 00:40:37.926   718  1049 I libPerfService: 1: set: 4
03-21 00:40:37.927   217   379 D AALService: Output backlight = 289/1023, CABC gain = 355
03-21 00:40:37.927   193   193 I SurfaceFlinger: [Built-in Screen (type:0)] fps:28.746347,dur:1878.50,max:1121.72,min:5.62
