03-21 00:40:37.927   718  1127 I BufferQueue: [unnamed-718-1297](this:0xb91e0040,id:1297,api:0,p:-1,c:-1) BufferQueue core=(718:system_server)
03-21 00:40:37.928   718  1127 D BufferQueueDump: [unnamed-718-1297] this:0xb95375c8, value:0x9f887178, iLen:6
03-21 00:40:37.928   718  1127 I BufferQueueConsumer: [unnamed-718-1297](this:0xb91e0040,id:1297,api:0,p:-1,c:718) connect(C): consumer=(718:system_server) controlledByApp=false
03-21 00:40:37.928   718  1127 D BufferQueueDump: [unnamed-718-1297] this:0xb95375c8, value:0x9f8871b8, iLen:6
03-21 00:40:37.928   718  1127 I BufferQueueConsumer: [unnamed-718-1297](this:0xb91e0040,id:1297,api:0,p:-1,c:718) setConsumerName: unnamed-718-1297
03-21 00:40:37.928   718  1127 D BufferQueueDump: [ScreenshotClient] this:0xb95375c8, value:0x9f8871f0, iLen:6
03-21 00:40:37.928   718  1127 I BufferQueueConsumer: [ScreenshotClient](this:0xb91e0040,id:1297,api:0,p:-1,c:718) setConsumerName: ScreenshotClient
03-21 00:40:37.929   193   193 D Surface : Surface::connect(this=0xb8f411b0,api=1)
03-21 00:40:37.929   718  1127 I BufferQueueProducer: [ScreenshotClient](this:0xb91e0040,id:1297,api:1,p:193,c:718) connect(P): api=1 producer=(193:/system/bin/surfaceflinger) producerControlledByApp=false
03-21 00:40:37.930   718  1127 I BufferQueueProducer: [ScreenshotClient](this:0xb91e0040,id:1297,api:1,p:193,c:718) new GraphicBuffer needed
03-21 00:40:37.930   193  1031 I [MALI][Gralloc]: usage: 0x333, format: 1 stride: 288 vertical_stride: 288 size: 331776
03-21 00:40:37.931   193  1031 D GraphicBuffer: alloc, handle(0xb8f71670) (w:288 h:288 s:288 f:0x1 u:0x000333) err(0)
03-21 00:40:37.931   718  1127 D GraphicBuffer: register, handle(0xb91b80c0) (w:288 h:288 s:288 f:0x1 u:0x000333)
03-21 00:40:37.932   193   360 D GraphicBuffer: free, handle(0xb8f71670) (w:288 h:288 s:288 f:0x1 u:0x000333)
03-21 00:40:37.932   193   193 D GraphicBuffer: register, handle(0xb8ef5798) (w:288 h:288 s:288 f:0x1 u:0x000333)
03-21 00:40:37.935   193   193 D Surface : Surface::disconnect(this=0xb8f411b0,api=1)
03-21 00:40:37.935   193   193 D GraphicBuffer: unregister, handle(0xb8ef5798) (w:288 h:288 s:288 f:0x1 u:0x000333)
03-21 00:40:37.936   718  1127 I BufferQueueProducer: [ScreenshotClient](this:0xb91e0040,id:1297,api:1,p:-1,c:718) disconnect(P): api 1
03-21 00:40:37.936   718  1127 I BufferQueueConsumer: [ScreenshotClient](this:0xb91e0040,id:1297,api:1,p:-1,c:718) getReleasedBuffers: returning mask 0xffffffffffffffff
03-21 00:40:37.938   718  1127 I BufferQueueConsumer: [ScreenshotClient](this:0xb91e0040,id:1297,api:1,p:-1,c:-1) disconnect(C)
03-21 00:40:37.939   718  1127 D GraphicBuffer: unregister, handle(0xb91b80c0) (w:288 h:288 s:288 f:0x1 u:0x000333)
03-21 00:40:37.940   718  1127 I BufferQueue: [ScreenshotClient](this:0xb91e0040,id:1297,api:1,p:-1,c:-1) ~BufferQueueCore
03-21 00:40:37.940   718  1127 D PowerManagerService: acquireWakeLockInternal: lock=62844727, flags=0x1, tag="*launch*", ws=WorkSource{10027}, uid=1000, pid=718
03-21 00:40:37.941   718  1127 D PowerManagerService: updateWakeLockSummaryLocked: mWakefulness=Awake, mWakeLockSummary=0x1
03-21 00:40:37.941   718  1127 D PowerManagerService: updateUserActivitySummaryLocked: mWakefulness=Awake, mUserActivitySummary=0x9, nextTimeout=470132218 (in 4944 ms)
03-21 00:40:37.941   718  1127 D DisplayPowerController: requestPowerState: policy=BRIGHT, useProximitySensor=false, screenBrightness=163, screenAutoBrightnessAdjustment=0.0, brightnessSetByUser=true, useAutoBrightness=false, blockScreenOn=false, lowPowerMode=false, boostScreenBrightness=false, dozeScreenBrightness=-1, dozeScreenState=UNKNOWN, waitForNegativeProximity=false
03-21 00:40:37.941   718  1127 I PowerManagerService: setBrightness mButtonLight, screenBrightness=163
03-21 00:40:37.941   718  1127 D PowerManagerService: updateDisplayPowerStateLocked: mDisplayReady=true, policy=3, mWakefulness=1, mWakeLockSummary=0x1, mUserActivitySummary=0x9, mBootCompleted=true, mScreenBrightnessBoostInProgress=false
03-21 00:40:37.941   718  1127 D PowerManagerNotifier: onWakeLockAcquired: flags=1, tag="*launch*", packageName=android, ownerUid=1000, ownerPid=718, workSource=WorkSource{10027}
03-21 00:40:37.942 20287 20287 D ActivityThread: ACT-AM_ON_PAUSE_CALLED ActivityRecord{3c17ba token=android.os.BinderProxy@cacf66b {com.tembac.extensionsTest/com.tembac.extensionsTest.MainActivity}}
03-21 00:40:37.943 20287 20287 D ActivityThread: ACT-PAUSE_ACTIVITY handled : 3 / android.os.BinderProxy@cacf66b
03-21 00:40:37.943   718  1127 D ActivityManager: Delay resumeKeyDispatchingLocked() to avoid deadlock.
03-21 00:40:37.946   718  1127 D InputReader: InputReader:: getSwitchState lock 
03-21 00:40:37.947   718  1127 D InputReader: InputReader::getStateLocked:: return 
03-21 00:40:37.949   718  1127 D ActivityManager: Set intentActivity.task.mMovingToFront = true
03-21 00:40:37.951  1072  1072 V PhoneStatusBar: onReceive: Intent { act=android.intent.action.CLOSE_SYSTEM_DIALOGS flg=0x50000010 (has extras) }
03-21 00:40:37.952 20287 20287 V ActivityThread: Finishing stop of ActivityRecord{3c17ba token=android.os.BinderProxy@cacf66b {com.tembac.extensionsTest/com.tembac.extensionsTest.MainActivity}}: show=false win=com.android.internal.policy.PhoneWindow@69f75c2
03-21 00:40:37.953  1072  1072 V ActivityThread: Performing resume of ActivityRecord{6733a9e token=android.os.BinderProxy@f20497f {com.android.systemui/com.android.systemui.recents.RecentsActivity}}
03-21 00:40:37.954   718   754 V NetworkStats: setKernelCounterSet uid=10090 set=0
03-21 00:40:37.954 20287 20287 V PhoneWindow: DecorView setVisiblity: visibility = 4 ,Parent =ViewRoot{448100c com.tembac.extensionsTest/com.tembac.extensionsTest.MainActivity,ident = 0}, this =com.android.internal.policy.PhoneWindow$DecorView{ca28e47 I.E...... R.....I. 0,0-480,800}
03-21 00:40:37.954 20287 20287 D ActivityThread: ACT-STOP_ACTIVITY_HIDE handled : 0 / android.os.BinderProxy@cacf66b
03-21 00:40:37.955   718 20317 D PowerManagerService: releaseWakeLockInternal: lock=74015297 [*vibrator*], flags=0x0, total_time=64ms
03-21 00:40:37.956   718 20317 D PowerManagerNotifier: onWakeLockReleased: flags=1, tag="*vibrator*", packageName=android, ownerUid=1000, ownerPid=718, workSource=WorkSource{1000}
03-21 00:40:37.956   217   379 D AALService: Output backlight = 290/1023, CABC gain = 355
03-21 00:40:37.956   718 20317 D PowerManagerService: updateWakeLockSummaryLocked: mWakefulness=Awake, mWakeLockSummary=0x1
03-21 00:40:37.956   718 20317 D PowerManagerService: updateUserActivitySummaryLocked: mWakefulness=Awake, mUserActivitySummary=0x9, nextTimeout=470132218 (in 4929 ms)
03-21 00:40:37.956   718 20317 D DisplayPowerController: requestPowerState: policy=BRIGHT, useProximitySensor=false, screenBrightness=163, screenAutoBrightnessAdjustment=0.0, brightnessSetByUser=true, useAutoBrightness=false, blockScreenOn=false, lowPowerMode=false, boostScreenBrightness=false, dozeScreenBrightness=-1, dozeScreenState=UNKNOWN, waitForNegativeProximity=false
03-21 00:40:37.956   718 20317 I PowerManagerService: setBrightness mButtonLight, screenBrightness=163
03-21 00:40:37.957   718 20317 D PowerManagerService: updateDisplayPowerStateLocked: mDisplayReady=true, policy=3, mWakefulness=1, mWakeLockSummary=0x1, mUserActivitySummary=0x9, mBootCompleted=true, mScreenBrightnessBoostInProgress=false
03-21 00:40:37.957 20287 20305 D Surface : Surface::disconnect(this=0xb906aaa8,api=1)
03-21 00:40:37.957 20287 20305 D GraphicBuffer: unregister, handle(0xb90835e0) (w:480 h:800 s:480 f:0x1 u:0x000f02)
03-21 00:40:37.957  1072  1072 D SettingsInterface:  from settings cache , name = assistant , value = null
03-21 00:40:37.958   193   358 I BufferQueueProducer: [com.tembac.extensionsTest/com.tembac.extensionsTest.MainActivity](this:0xb8f55170,id:4073,api:1,p:-1,c:193) disconnect(P): api 1
03-21 00:40:37.959   193   358 I BufferQueueConsumer: [com.tembac.extensionsTest/com.tembac.extensionsTest.MainActivity](this:0xb8f55170,id:4073,api:1,p:-1,c:193) getReleasedBuffers: returning mask 0xffffffffffffffff
03-21 00:40:37.960 20287 20305 D Surface : Surface::disconnect(this=0xb906aaa8,api=1)
03-21 00:40:37.960   193  1520 I BufferQueueProducer: [com.tembac.extensionsTest/com.tembac.extensionsTest.MainActivity](this:0xb8f55170,id:4073,api:1,p:-1,c:193) disconnect(P): api 1
03-21 00:40:37.961   718  2141 V WindowManager: Looking for focus: 7 = Window{289a461 u0 StatusBar}, flags=-2122055608, canReceive=false
03-21 00:40:37.961   718  2141 V WindowManager: findFocusedWindow: No focusable windows.
03-21 00:40:37.962  1072  1072 D SettingsInterface:  from settings cache , name = assistant , value = null
03-21 00:40:37.964  1072  1072 D recents.RecentsActivity: updateRecentsTasks:mConfig.mClearVisible= true
03-21 00:40:37.964  1072  1072 D recents.RecentsActivity: mClearAll: visible
03-21 00:40:37.964  1072  1072 D ActivityThread: ACT-AM_ON_RESUME_CALLED ActivityRecord{6733a9e token=android.os.BinderProxy@f20497f {com.android.systemui/com.android.systemui.recents.RecentsActivity}}
03-21 00:40:37.964  1072  1072 V ActivityThread: Resume ActivityRecord{6733a9e token=android.os.BinderProxy@f20497f {com.android.systemui/com.android.systemui.recents.RecentsActivity}} started activity: false, hideForNow: false, finished: false
03-21 00:40:37.965  1072  1072 V ActivityThread: Resuming ActivityRecord{6733a9e token=android.os.BinderProxy@f20497f {com.android.systemui/com.android.systemui.recents.RecentsActivity}} with isForward=true
03-21 00:40:37.965  1072  1072 V PhoneWindow: DecorView setVisiblity: visibility = 0 ,Parent =ViewRoot{14c8e71 com.android.systemui/com.android.systemui.recents.RecentsActivity,ident = 23}, this =com.android.internal.policy.PhoneWindow$DecorView{308bd6e V.E...... R.....ID 0,0-480,800}
03-21 00:40:37.966  1072  1072 V ActivityThread: Scheduling idle handler for ActivityRecord{6733a9e token=android.os.BinderProxy@f20497f {com.android.systemui/com.android.systemui.recents.RecentsActivity}}
03-21 00:40:37.966  1072  1072 D ActivityThread: ACT-RESUME_ACTIVITY handled : 1 / android.os.BinderProxy@f20497f
03-21 00:40:37.967  1072  1072 D ActivityThread: ACT-NEW_INTENT handled : 0 / NewIntentData{intents=[Intent { act=com.android.systemui.recents.SHOW_RECENTS flg=0x10c04000 cmp=com.android.systemui/.recents.RecentsActivity }] token=android.os.BinderProxy@f20497f}
03-21 00:40:37.971   193  4223 I BufferQueueProducer: [StatusBar](this:0xb8ef7228,id:7,api:1,p:1072,c:193) queueBuffer: fps=13.66 dur=1976.37 max=1521.84 min=8.73
03-21 00:40:37.974   193   193 I BufferQueue: [unnamed-193-4074](this:0xb8ee0a60,id:4074,api:0,p:-1,c:-1) BufferQueue core=(193:/system/bin/surfaceflinger)
03-21 00:40:37.974   193   193 D BufferQueueDump: [unnamed-193-4074] this:0xb8ef9390, value:0xbecb5650, iLen:6
03-21 00:40:37.974   193   193 I BufferQueueConsumer: [unnamed-193-4074](this:0xb8ee0a60,id:4074,api:0,p:-1,c:193) connect(C): consumer=(193:/system/bin/surfaceflinger) controlledByApp=false
03-21 00:40:37.974   193   193 D BufferQueueDump: [unnamed-193-4074] this:0xb8ef9390, value:0xbecb5670, iLen:6
03-21 00:40:37.974   193   193 I BufferQueueConsumer: [unnamed-193-4074](this:0xb8ee0a60,id:4074,api:0,p:-1,c:193) setConsumerName: unnamed-193-4074
03-21 00:40:37.974   193   193 D BufferQueueDump: [com.android.systemui/com.android.systemui.recents.RecentsActivity] this:0xb8ef9390, value:0xbecb56c8, iLen:6
03-21 00:40:37.974   193   193 I BufferQueueConsumer: [com.android.systemui/com.android.systemui.recents.RecentsActivity](this:0xb8ee0a60,id:4074,api:0,p:-1,c:193) setConsumerName: com.android.systemui/com.android.systemui.recents.RecentsActivity
03-21 00:40:37.974   193   193 I BufferQueueConsumer: [com.android.systemui/com.android.systemui.recents.RecentsActivity](this:0xb8ee0a60,id:4074,api:0,p:-1,c:193) setDefaultBufferSize: width=480 height=800
03-21 00:40:37.975   718  1372 V WindowManager: Looking for focus: 7 = Window{289a461 u0 StatusBar}, flags=-2122055608, canReceive=false
03-21 00:40:37.975   718  1372 V WindowManager: findFocusedWindow: Found new focus @ 4 = Window{1e893d0 u0 com.android.systemui/com.android.systemui.recents.RecentsActivity}
03-21 00:40:37.976   718  1372 V WindowManager: Changing focus from null to Window{1e893d0 u0 com.android.systemui/com.android.systemui.recents.RecentsActivity} Callers=com.android.server.wm.WindowManagerService.relayoutWindow:3589 com.android.server.wm.Session.relayout:201 android.view.IWindowSession$Stub.onTransact:284 com.android.server.wm.Session.onTransact:133 
03-21 00:40:37.976   718  1372 D WindowManager: Input focus has changed to Window{1e893d0 u0 com.android.systemui/com.android.systemui.recents.RecentsActivity}
03-21 00:40:37.978   718   769 I WindowManager: Focus moving from null to Window{1e893d0 u0 com.android.systemui/com.android.systemui.recents.RecentsActivity}
03-21 00:40:37.978   718   769 I WindowManager: Gaining focus: Window{1e893d0 u0 com.android.systemui/com.android.systemui.recents.RecentsActivity}
03-21 00:40:37.978  1072  1072 D Surface : Surface::allocateBuffers(this=0xb933d1e8)
03-21 00:40:37.978  1072  1389 D OpenGLRenderer: CanvasContext() 0xb9431830 initialize window=0xb933d1f0, title=com.android.systemui/com.android.systemui.recents.RecentsActivity
03-21 00:40:37.979  1072  1389 D Surface : Surface::connect(this=0xb933d1e8,api=1)
03-21 00:40:37.979   193  4223 D BufferQueueProducer: [](this:0xb8ee0a60,id:4074,api:0,p:-1,c:193) allocateBuffers: allocating from 0 buffers up to 3 buffers
03-21 00:40:37.979   193  4223 I [MALI][Gralloc]: usage: 0x900, format: 1 stride: 480 vertical_stride: 800 size: 1536000
03-21 00:40:37.979   193   358 I BufferQueueProducer: [com.android.systemui/com.android.systemui.recents.RecentsActivity](this:0xb8ee0a60,id:4074,api:1,p:1072,c:193) connect(P): api=1 producer=(1072:com.android.systemui) producerControlledByApp=true
03-21 00:40:37.979  1072  1389 W libEGL  : [ANDROID_RECORDABLE] format: 1
03-21 00:40:37.980   193  4223 D GraphicBuffer: alloc, handle(0xb8ee8b60) (w:480 h:800 s:480 f:0x1 u:0x000900) err(0)
03-21 00:40:37.980   193  4223 I [MALI][Gralloc]: usage: 0x900, format: 1 stride: 480 vertical_stride: 800 size: 1536000
03-21 00:40:37.980  1072  1389 D Surface : Surface::setBufferCount(this=0xb933d1e8,bufferCount=4)
03-21 00:40:37.980   193  1520 I BufferQueueProducer: [com.android.systemui/com.android.systemui.recents.RecentsActivity](this:0xb8ee0a60,id:4074,api:1,p:1072,c:193) setBufferCount: count = 4
03-21 00:40:37.981   193  4223 D GraphicBuffer: alloc, handle(0xb8f4e258) (w:480 h:800 s:480 f:0x1 u:0x000900) err(0)
03-21 00:40:37.981   193  4223 I [MALI][Gralloc]: usage: 0x900, format: 1 stride: 480 vertical_stride: 800 size: 1536000
03-21 00:40:37.982   193  4223 D GraphicBuffer: alloc, handle(0xb8ee4d30) (w:480 h:800 s:480 f:0x1 u:0x000900) err(0)
03-21 00:40:37.982   193  4223 D BufferQueueProducer: [com.android.systemui/com.android.systemui.recents.RecentsActivity](this:0xb8ee0a60,id:4074,api:1,p:1072,c:193) allocateBuffers: allocating from 3 buffers up to 3 buffers
03-21 00:40:37.982   193  1520 D GraphicBuffer: free, handle(0xb8ee8b60) (w:480 h:800 s:480 f:0x1 u:0x000900)
03-21 00:40:37.982   193  1520 D GraphicBuffer: free, handle(0xb8f4e258) (w:480 h:800 s:480 f:0x1 u:0x000900)
03-21 00:40:37.982   193  1520 D GraphicBuffer: free, handle(0xb8ee4d30) (w:480 h:800 s:480 f:0x1 u:0x000900)
03-21 00:40:37.983   193  1520 I BufferQueueConsumer: [com.android.systemui/com.android.systemui.recents.RecentsActivity](this:0xb8ee0a60,id:4074,api:1,p:1072,c:193) getReleasedBuffers: returning mask 0xffffffffffffffff
03-21 00:40:37.984   193   358 I BufferQueueProducer: [com.android.systemui/com.android.systemui.recents.RecentsActivity](this:0xb8ee0a60,id:4074,api:1,p:1072,c:193) new GraphicBuffer needed
03-21 00:40:37.984   193   358 I [MALI][Gralloc]: usage: 0xf02, format: 1 stride: 480 vertical_stride: 800 size: 1536000
03-21 00:40:37.986   193   358 D GraphicBuffer: alloc, handle(0xb8ef24f0) (w:480 h:800 s:480 f:0x1 u:0x000f02) err(0)
03-21 00:40:37.987   718  1026 V tianyunfei: className=com.android.systemui.recents.RecentsActivity
03-21 00:40:37.987   718  1026 V tianyunfei: win.getOwningPackage()=com.android.systemui
03-21 00:40:37.988  1072  1389 D GraphicBuffer: register, handle(0xb9463fd8) (w:480 h:800 s:480 f:0x1 u:0x000f02)
03-21 00:40:37.996  1072  1389 D OpenGLRenderer: CacheTexture 12 upload: x, y, width height = 0, 16, 512, 212
03-21 00:40:38.001  1072  1072 D PhoneStatusBar: setSystemUiVisibility vis=700 mask=ffffffff oldVal=5706 newVal=700 diff=5006
03-21 00:40:38.001   718   769 V WallpaperManagerService: Visibility changed from WMS : true
03-21 00:40:38.001  1072  1072 D PhoneStatusBar: hiding the MENU button
03-21 00:40:38.002  1072  1072 V InputMethodManager: onWindowFocus: null softInputMode=288 first=true flags=#1910100
03-21 00:40:38.003  1072  1072 V InputMethodManager: START INPUT: com.android.internal.policy.PhoneWindow$DecorView{308bd6e V.E...... R......D 0,0-480,800} ic=null tba=android.view.inputmethod.EditorInfo@8b62e0d controlFlags=#104
03-21 00:40:38.003   718  1379 V InputMethodManagerService: windowGainedFocus: android.os.BinderProxy@476646b controlFlags=#104 softInputMode=#120 windowFlags=#1910100
03-21 00:40:38.004   193   193 I BufferQueue: [unnamed-193-4075](this:0xb8f5d720,id:4075,api:0,p:-1,c:-1) BufferQueue core=(193:/system/bin/surfaceflinger)
03-21 00:40:38.005   193   193 D BufferQueueDump: [unnamed-193-4075] this:0xb8f71788, value:0xbecb5650, iLen:6
03-21 00:40:38.005   193   193 I BufferQueueConsumer: [unnamed-193-4075](this:0xb8f5d720,id:4075,api:0,p:-1,c:193) connect(C): consumer=(193:/system/bin/surfaceflinger) controlledByApp=false
03-21 00:40:38.005   193   193 D BufferQueueDump: [unnamed-193-4075] this:0xb8f71788, value:0xbecb5670, iLen:6
03-21 00:40:38.005   193   193 I BufferQueueConsumer: [unnamed-193-4075](this:0xb8f5d720,id:4075,api:0,p:-1,c:193) setConsumerName: unnamed-193-4075
03-21 00:40:38.005   193   193 D BufferQueueDump: [thumbnail anim] this:0xb8f71788, value:0xbecb56c8, iLen:6
03-21 00:40:38.005   193   193 I BufferQueueConsumer: [thumbnail anim](this:0xb8f5d720,id:4075,api:0,p:-1,c:193) setConsumerName: thumbnail anim
03-21 00:40:38.005   193   193 I BufferQueueConsumer: [thumbnail anim](this:0xb8f5d720,id:4075,api:0,p:-1,c:193) setDefaultBufferSize: width=421 height=78
03-21 00:40:38.006   718   769 D Surface : Surface::connect(this=0xb92123f0,api=2)
03-21 00:40:38.006   193   358 I BufferQueueProducer: [thumbnail anim](this:0xb8f5d720,id:4075,api:2,p:718,c:193) connect(P): api=2 producer=(718:system_server) producerControlledByApp=false
03-21 00:40:38.006   193  4223 I BufferQueueProducer: [thumbnail anim](this:0xb8f5d720,id:4075,api:2,p:718,c:193) new GraphicBuffer needed
03-21 00:40:38.007   193  4223 I [MALI][Gralloc]: usage: 0x933, format: 1 stride: 432 vertical_stride: 78 size: 134784
03-21 00:40:38.007   193  4223 D GraphicBuffer: alloc, handle(0xb8f4a530) (w:421 h:78 s:432 f:0x1 u:0x000933) err(0)
03-21 00:40:38.008   718   769 D GraphicBuffer: register, handle(0xb9533cd8) (w:421 h:78 s:432 f:0x1 u:0x000933)
03-21 00:40:38.010   718   769 V WindowManager: Looking for focus: 7 = Window{289a461 u0 StatusBar}, flags=-2122055608, canReceive=false
03-21 00:40:38.010   718   769 V WindowManager: findFocusedWindow: Found new focus @ 4 = Window{1e893d0 u0 com.android.systemui/com.android.systemui.recents.RecentsActivity}
03-21 00:40:38.011   718   769 D WindowManager: notifyActivityDrawnForKeyguard: waiting=false Callers=com.android.server.wm.WindowManagerService.handleAppTransitionReadyLocked:10092 com.android.server.wm.WindowManagerService.performLayoutAndPlaceSurfacesLockedInner:10712 com.android.server.wm.WindowManagerService.performLayoutAndPlaceSurfacesLockedLoop:9456 com.android.server.wm.WindowManagerService.performLayoutAndPlaceSurfacesLocked:9403 com.android.server.wm.WindowManagerService.-wrap8:-1 
03-21 00:40:38.013   217   379 D AALService: Output backlight = 291/1023, CABC gain = 355
03-21 00:40:38.018   718   734 V WindowManager: Looking for focus: 7 = Window{289a461 u0 StatusBar}, flags=-2122055608, canReceive=false
03-21 00:40:38.018   718   734 V WindowManager: findFocusedWindow: Found new focus @ 4 = Window{1e893d0 u0 com.android.systemui/com.android.systemui.recents.RecentsActivity}
03-21 00:40:38.021   193  1520 I BufferQueueProducer: [com.android.systemui/com.android.systemui.recents.RecentsActivity](this:0xb8ee0a60,id:4074,api:1,p:1072,c:193) new GraphicBuffer needed
03-21 00:40:38.021  1072  1072 V WallpaperService: Visibility change in com.android.systemui.ImageWallpaper$DrawableEngine@17b2049: 1
03-21 00:40:38.021   193  1520 I [MALI][Gralloc]: usage: 0xf02, format: 1 stride: 480 vertical_stride: 800 size: 1536000
03-21 00:40:38.021  1072  1072 V WallpaperService: onVisibilityChanged(true): com.android.systemui.ImageWallpaper$DrawableEngine@17b2049
03-21 00:40:38.022  1072  1072 V WallpaperService: Offsets change in com.android.systemui.ImageWallpaper$DrawableEngine@17b2049: 0.0,0.0
03-21 00:40:38.022  1072  1072 D ImageWallpaper: onOffsetsChanged: xOffset=0.0, yOffset=0.0, xOffsetStep=0.0, yOffsetStep=0.0, xPixels=0, yPixels=0
03-21 00:40:38.022   193  1520 D GraphicBuffer: alloc, handle(0xb8f418a0) (w:480 h:800 s:480 f:0x1 u:0x000f02) err(0)
03-21 00:40:38.022  1072  1072 D ImageWallpaper: Suppressed drawFrame since redraw is not needed and offsets have not changed.
03-21 00:40:38.022  1072  1072 D ImageWallpaper: onVisibilityChanged: mVisible, visible=false, true
03-21 00:40:38.022  1072  1072 D ImageWallpaper: Visibility changed to visible=true
03-21 00:40:38.023  1072  1389 D GraphicBuffer: register, handle(0xb97f8f70) (w:480 h:800 s:480 f:0x1 u:0x000f02)
03-21 00:40:38.023  1072  1072 D ImageWallpaper: Suppressed drawFrame since redraw is not needed and offsets have not changed.
03-21 00:40:38.023  1072  1072 V WallpaperService: Changes: creating=false format=false size=false
03-21 00:40:38.026  1072  1072 V WallpaperService: New surface: Surface(name=null)/@0x44c7805, frame=Rect(0, 0 - 480, 800)
03-21 00:40:38.026  1072  1072 V WallpaperService: Wallpaper size has changed: (480, 800
03-21 00:40:38.026  1072  1072 V WallpaperService: Layout: x=0 y=0 w=480 h=800
03-21 00:40:38.026  1072  1072 V WallpaperService: Offsets change in com.android.systemui.ImageWallpaper$DrawableEngine@17b2049: 0.0,0.0
03-21 00:40:38.027  1072  1072 D ImageWallpaper: onOffsetsChanged: xOffset=0.0, yOffset=0.0, xOffsetStep=0.0, yOffsetStep=0.0, xPixels=0, yPixels=0
03-21 00:40:38.027  1072  1072 D ImageWallpaper: Suppressed drawFrame since redraw is not needed and offsets have not changed.
03-21 00:40:38.027  1072  1072 V WallpaperService: Changes: creating=false format=false size=false
03-21 00:40:38.030   193   193 I BufferQueueProducer: [FrameBufferSurface_0](this:0xb8ed3dc0,id:0,api:1,p:193,c:193) queueBuffer: fps=15.35 dur=1954.86 max=1533.11 min=7.66
03-21 00:40:38.036  1072  1072 V WallpaperService: New surface: Surface(name=null)/@0x44c7805, frame=Rect(0, 0 - 480, 800)
03-21 00:40:38.036  1072  1072 V WallpaperService: Wallpaper size has changed: (480, 800
03-21 00:40:38.036  1072  1072 V WallpaperService: Layout: x=0 y=0 w=480 h=800
03-21 00:40:38.036  1072  1072 V WallpaperService: Offsets change in com.android.systemui.ImageWallpaper$DrawableEngine@17b2049: 0.0,0.0
03-21 00:40:38.036  1072  1072 D ImageWallpaper: onOffsetsChanged: xOffset=0.0, yOffset=0.0, xOffsetStep=0.0, yOffsetStep=0.0, xPixels=0, yPixels=0
03-21 00:40:38.037  1072  1072 D ImageWallpaper: Suppressed drawFrame since redraw is not needed and offsets have not changed.
03-21 00:40:38.038   718  1441 V ActivityManager: Broadcast: Intent { act=action_start_enter_animation flg=0x14000010 pkg=com.android.systemui } ordered=true userid=-2 callerApp=ProcessRecord{89db7b7 1072:com.android.systemui/u0a27}
03-21 00:40:38.039   718  2139 D PowerManagerService: releaseWakeLockInternal: lock=62844727 [*launch*], flags=0x0, total_time=99ms
03-21 00:40:38.040   718  2139 D PowerManagerNotifier: onWakeLockReleased: flags=1, tag="*launch*", packageName=android, ownerUid=1000, ownerPid=718, workSource=WorkSource{10027}
03-21 00:40:38.040   718  2139 D PowerManagerService: updateWakeLockSummaryLocked: mWakefulness=Awake, mWakeLockSummary=0x0
03-21 00:40:38.040   718  2139 D PowerManagerService: updateUserActivitySummaryLocked: mWakefulness=Awake, mUserActivitySummary=0x9, nextTimeout=470132218 (in 4845 ms)
03-21 00:40:38.040   718  2139 D DisplayPowerController: requestPowerState: policy=BRIGHT, useProximitySensor=false, screenBrightness=163, screenAutoBrightnessAdjustment=0.0, brightnessSetByUser=true, useAutoBrightness=false, blockScreenOn=false, lowPowerMode=false, boostScreenBrightness=false, dozeScreenBrightness=-1, dozeScreenState=UNKNOWN, waitForNegativeProximity=false
03-21 00:40:38.040  1072  1072 D ActivityThread: BDC-Calling finishReceiver: IIntentReceiver=5fd4310
03-21 00:40:38.040   718  2139 I PowerManagerService: setBrightness mButtonLight, screenBrightness=163
03-21 00:40:38.040   718  2139 D PowerManagerService: updateDisplayPowerStateLocked: mDisplayReady=true, policy=3, mWakefulness=1, mWakeLockSummary=0x0, mUserActivitySummary=0x9, mBootCompleted=true, mScreenBrightnessBoostInProgress=false
03-21 00:40:38.040   718  2139 D PowerManagerService: Releasing suspend blocker "PowerManagerService.WakeLocks".
03-21 00:40:38.042   217   379 D AALService: Output backlight = 292/1023, CABC gain = 355
03-21 00:40:38.100   217   379 D AALService: Output backlight = 303/1023, CABC gain = 349
03-21 00:40:38.114   217   379 D AALService: Output backlight = 316/1023, CABC gain = 343
03-21 00:40:38.128   217   379 D AALService: Output backlight = 327/1023, CABC gain = 338
03-21 00:40:38.143   217   379 D AALService: Output backlight = 337/1023, CABC gain = 333
03-21 00:40:38.157   217   379 D AALService: Output backlight = 352/1023, CABC gain = 325
03-21 00:40:38.172   217   379 D AALService: Output backlight = 368/1023, CABC gain = 318
03-21 00:40:38.186   217   379 D AALService: Output backlight = 382/1023, CABC gain = 314
03-21 00:40:38.194  1543  1551 I PerfService: PerfServiceNative_getPackName
03-21 00:40:38.194   718 22893 I libPerfService: perfGetLastBoostPid 20287
03-21 00:40:38.194   718 22893 D PerfServiceManager: [PerfService] getLastBoostPid 20287 
03-21 00:40:38.194   718 22893 I libPerfService: perfGetLastBoostPid 20287
03-21 00:40:38.201   217   379 D AALService: Output backlight = 393/1023, CABC gain = 310
03-21 00:40:38.215   217   379 D AALService: Output backlight = 402/1023, CABC gain = 307
03-21 00:40:38.229   217   379 D AALService: Output backlight = 411/1023, CABC gain = 304
03-21 00:40:38.244   217   379 D AALService: Output backlight = 419/1023, CABC gain = 301
03-21 00:40:38.258   217   379 D AALService: Output backlight = 427/1023, CABC gain = 298
03-21 00:40:38.272   217   379 D AALService: Output backlight = 436/1023, CABC gain = 295
03-21 00:40:38.286 19417 19417 D ActivityThread: SVC-UNBIND_SERVICE handled : 0 / BindServiceData{token=android.os.BinderProxy@700756e intent=Intent { act=com.google.android.mdh.service.START cmp=com.google.android.gms/.chimera.GmsBoundBrokerService }}
03-21 00:40:38.286 19417 19417 D ActivityThread: SVC-UNBIND_SERVICE handled : 0 / BindServiceData{token=android.os.BinderProxy@700756e intent=Intent { act=com.google.android.mdh.service.listener.START cmp=com.google.android.gms/.chimera.GmsBoundBrokerService }}
03-21 00:40:38.287 19417 19417 D ActivityThread: SVC-Destroying service: com.google.android.gms.chimera.GmsBoundBrokerService@db40f
03-21 00:40:38.287   217   379 D AALService: Output backlight = 441/1023, CABC gain = 293
03-21 00:40:38.287 19417 19417 D ActivityThread: SVC-STOP_SERVICE handled : 0 / android.os.BinderProxy@700756e
03-21 00:40:38.301   217   379 D AALService: Output backlight = 446/1023, CABC gain = 291
03-21 00:40:38.316   217   379 D AALService: Output backlight = 455/1023, CABC gain = 288
03-21 00:40:38.330   217   379 D AALService: Output backlight = 463/1023, CABC gain = 286
03-21 00:40:38.344   217   379 D AALService: Output backlight = 467/1023, CABC gain = 285
03-21 00:40:38.359   217   379 D AALService: Output backlight = 474/1023, CABC gain = 283
03-21 00:40:38.373   217   379 D AALService: Output backlight = 482/1023, CABC gain = 281
03-21 00:40:38.374   193   193 I BufferQueueConsumer: [com.tembac.extensionsTest/com.tembac.extensionsTest.MainActivity](this:0xb8f55170,id:4073,api:1,p:-1,c:-1) disconnect(C)
03-21 00:40:38.374   718   769 D Surface : Surface::disconnect(this=0xb92123f0,api=2)
03-21 00:40:38.375   193  1031 I BufferQueueProducer: [thumbnail anim](this:0xb8f5d720,id:4075,api:2,p:-1,c:193) disconnect(P): api 2
03-21 00:40:38.375   193   193 D GraphicBuffer: free, handle(0xb8f600a0) (w:480 h:800 s:480 f:0x1 u:0x000f02)
03-21 00:40:38.375   193   193 I BufferQueue: [com.tembac.extensionsTest/com.tembac.extensionsTest.MainActivity](this:0xb8f55170,id:4073,api:1,p:-1,c:-1) ~BufferQueueCore
03-21 00:40:38.375   193  1031 I BufferQueueConsumer: [thumbnail anim](this:0xb8f5d720,id:4075,api:2,p:-1,c:193) getReleasedBuffers: returning mask 0xffffffffffffffff
03-21 00:40:38.375   718   769 D GraphicBuffer: unregister, handle(0xb9533cd8) (w:421 h:78 s:432 f:0x1 u:0x000933)
03-21 00:40:38.378   718  1049 I libPerfService: 1: set: 1
03-21 00:40:38.379   718  1049 I libPerfService: 1: set freq: 0
03-21 00:40:38.379   718  1049 I libPerfService: 1: set freq max: 0
03-21 00:40:38.379   718   718 E WifiTrafficPoller: TRAFFIC_STATS_POLL true Token 1789 num clients 5
03-21 00:40:38.379   718   769 V WindowManager: Looking for focus: 7 = Window{289a461 u0 StatusBar}, flags=-2122055608, canReceive=false
03-21 00:40:38.379   718   769 V WindowManager: findFocusedWindow: Found new focus @ 4 = Window{1e893d0 u0 com.android.systemui/com.android.systemui.recents.RecentsActivity}
03-21 00:40:38.380   718   718 E WifiTrafficPoller:  packet count Tx=402590 Rx=726058
03-21 00:40:38.388   217   379 D AALService: Output backlight = 494/1023, CABC gain = 278
03-21 00:40:38.388   193   193 I BufferQueueConsumer: [thumbnail anim](this:0xb8f5d720,id:4075,api:2,p:-1,c:-1) disconnect(C)
03-21 00:40:38.389   193   193 D GraphicBuffer: free, handle(0xb8f4a530) (w:421 h:78 s:432 f:0x1 u:0x000933)
03-21 00:40:38.389   193   193 I BufferQueue: [thumbnail anim](this:0xb8f5d720,id:4075,api:2,p:-1,c:-1) ~BufferQueueCore
03-21 00:40:38.402   217   379 D AALService: Output backlight = 506/1023, CABC gain = 275
03-21 00:40:38.417   217   379 D AALService: Output backlight = 510/1023, CABC gain = 274
03-21 00:40:38.431   217   379 D AALService: Output backlight = 514/1023, CABC gain = 273
03-21 00:40:38.446   217   379 D AALService: Output backlight = 517/1023, CABC gain = 272
03-21 00:40:38.460   217   379 D AALService: Output backlight = 521/1023, CABC gain = 271
03-21 00:40:38.474   217   379 D AALService: Output backlight = 525/1023, CABC gain = 270
03-21 00:40:38.489   217   379 D AALService: Output backlight = 528/1023, CABC gain = 269
03-21 00:40:38.503   217   379 D AALService: Output backlight = 531/1023, CABC gain = 268
03-21 00:40:38.517   217   379 D AALService: Output backlight = 535/1023, CABC gain = 267
03-21 00:40:38.525 15272 15272 D ActivityThread: SVC-UNBIND_SERVICE handled : 0 / BindServiceData{token=android.os.BinderProxy@61a0693 intent=Intent { act=com.google.android.gms.udc.service.START pkg=com.google.android.gms }}
03-21 00:40:38.526 15272 15272 D ActivityThread: SVC-Destroying service: com.google.android.gms.udc.service.UdcApiService@fc7c6d0
03-21 00:40:38.526 15272 15272 D ActivityThread: SVC-STOP_SERVICE handled : 0 / android.os.BinderProxy@61a0693
03-21 00:40:38.527 15272 15272 D ActivityThread: SVC-UNBIND_SERVICE handled : 0 / BindServiceData{token=android.os.BinderProxy@94fc1ed intent=Intent { act=com.google.android.gms.lockbox.service.START pkg=com.google.android.gms }}
03-21 00:40:38.527 15272 15272 D ActivityThread: SVC-Destroying service: com.google.android.gms.lockbox.service.LockboxBrokerService@e59f822
03-21 00:40:38.528 15272 15272 D ActivityThread: SVC-STOP_SERVICE handled : 0 / android.os.BinderProxy@94fc1ed
03-21 00:40:38.546   217   379 D AALService: Output backlight = 538/1023, CABC gain = 266
03-21 00:40:38.561   217   379 D AALService: Output backlight = 542/1023, CABC gain = 265
03-21 00:40:38.575   217   379 D AALService: Output backlight = 541/1023, CABC gain = 265
03-21 00:40:38.589   217   379 D AALService: Output backlight = 545/1023, CABC gain = 264
03-21 00:40:38.604   217   379 D AALService: Output backlight = 544/1023, CABC gain = 264
03-21 00:40:38.618   217   379 D AALService: Output backlight = 548/1023, CABC gain = 263
03-21 00:40:38.633   217   379 D AALService: Output backlight = 547/1023, CABC gain = 263
03-21 00:40:38.647   217   379 D AALService: Output backlight = 551/1023, CABC gain = 262
03-21 00:40:38.662   217   379 D AALService: Output backlight = 550/1023, CABC gain = 262
03-21 00:40:38.676   217   379 D AALService: Output backlight = 549/1023, CABC gain = 262
03-21 00:40:38.690   217   379 D AALService: Output backlight = 552/1023, CABC gain = 261
03-21 00:40:38.716   193  4223 I BufferQueueProducer: [com.android.systemui/com.android.systemui.recents.RecentsActivity](this:0xb8ee0a60,id:4074,api:1,p:1072,c:193) new GraphicBuffer needed
03-21 00:40:38.716   193  4223 I [MALI][Gralloc]: usage: 0xf02, format: 1 stride: 480 vertical_stride: 800 size: 1536000
03-21 00:40:38.718   193  4223 D GraphicBuffer: alloc, handle(0xb8ef8548) (w:480 h:800 s:480 f:0x1 u:0x000f02) err(0)
03-21 00:40:38.719   217   379 D AALService: Output backlight = 551/1023, CABC gain = 261
03-21 00:40:38.721  1072  1389 D GraphicBuffer: register, handle(0xb93c2480) (w:480 h:800 s:480 f:0x1 u:0x000f02)
03-21 00:40:38.734   217   379 D AALService: Output backlight = 555/1023, CABC gain = 260
03-21 00:40:38.748   217   379 D AALService: Output backlight = 554/1023, CABC gain = 260
03-21 00:40:38.777   217   379 D AALService: Output backlight = 553/1023, CABC gain = 260
03-21 00:40:38.791   217   379 D AALService: Output backlight = 556/1023, CABC gain = 259
03-21 00:40:38.834   217   379 D AALService: Output backlight = 555/1023, CABC gain = 259
03-21 00:40:38.849   217   379 D AALService: Output backlight = 554/1023, CABC gain = 259
03-21 00:40:38.863   217   379 D AALService: Output backlight = 558/1023, CABC gain = 258
03-21 00:40:38.877   217   379 D AALService: Output backlight = 557/1023, CABC gain = 258
03-21 00:40:38.892   217   379 D AALService: Output backlight = 556/1023, CABC gain = 258
03-21 00:40:38.920   217   379 D AALService: Output backlight = 555/1023, CABC gain = 258
03-21 00:40:38.933   718  1027 D InputReader: AP_PROF:AppLaunch_dispatchPtr:Down:470128267, ID:0, Index:-1190185160
03-21 00:40:38.934   718  1027 I PerfService: PerfServiceNative_boostEnableAsync:3
03-21 00:40:38.935   718  1049 I libPerfService: 3: set freq: 819000
03-21 00:40:38.935   718  1026 D PowerManagerService: userActivityFromNative
03-21 00:40:38.935   217   379 D AALService: Output backlight = 554/1023, CABC gain = 258
03-21 00:40:38.935   718  1049 I libPerfService: 3: set: 3
03-21 00:40:38.935   718  1026 D PowerManagerService: userActivityNoUpdateLocked: eventTime=470128267, event=2, flags=0x0, uid=1000
03-21 00:40:38.935   718  1026 D PowerManagerNotifier: onUserActivity: event=2, uid=1000
03-21 00:40:38.935   718  1026 D PowerManagerService: updateUserActivitySummaryLocked: mWakefulness=Awake, mUserActivitySummary=0x9, nextTimeout=470132218 (in 3949 ms)
03-21 00:40:38.936   718  1026 D DisplayPowerController: requestPowerState: policy=BRIGHT, useProximitySensor=false, screenBrightness=163, screenAutoBrightnessAdjustment=0.0, brightnessSetByUser=true, useAutoBrightness=false, blockScreenOn=false, lowPowerMode=false, boostScreenBrightness=false, dozeScreenBrightness=-1, dozeScreenState=UNKNOWN, waitForNegativeProximity=false
03-21 00:40:38.936   718  1026 I PowerManagerService: setBrightness mButtonLight, screenBrightness=163
03-21 00:40:38.936   718  1026 D PowerManagerService: updateDisplayPowerStateLocked: mDisplayReady=true, policy=3, mWakefulness=1, mWakeLockSummary=0x0, mUserActivitySummary=0x9, mBootCompleted=true, mScreenBrightnessBoostInProgress=false
03-21 00:40:38.937  1072  1072 V WallpaperService: Delivering touch event: MotionEvent { action=ACTION_DOWN, actionButton=0, id[0]=0, x[0]=158.66943, y[0]=569.2884, toolType[0]=TOOL_TYPE_FINGER, buttonState=0, metaState=0, flags=0x3, edgeFlags=0x0, pointerCount=1, historySize=0, eventTime=470128267, downTime=470128267, deviceId=2, source=0x1002 }
03-21 00:40:38.958  1072  1072 V WallpaperService: Delivering touch event: MotionEvent { action=ACTION_MOVE, actionButton=0, id[0]=0, x[0]=188.60707, y[0]=574.28217, toolType[0]=TOOL_TYPE_FINGER, buttonState=0, metaState=0, flags=0x3, edgeFlags=0x0, pointerCount=1, historySize=0, eventTime=470128281, downTime=470128267, deviceId=2, source=0x1002 }
03-21 00:40:38.963  1072  1072 V WallpaperService: Delivering touch event: MotionEvent { action=ACTION_MOVE, actionButton=0, id[0]=0, x[0]=221.53845, y[0]=580.27466, toolType[0]=TOOL_TYPE_FINGER, buttonState=0, metaState=0, flags=0x3, edgeFlags=0x0, pointerCount=1, historySize=0, eventTime=470128296, downTime=470128267, deviceId=2, source=0x1002 }
03-21 00:40:38.964   217   379 D AALService: Output backlight = 553/1023, CABC gain = 258
03-21 00:40:38.978   217   379 D AALService: Output backlight = 557/1023, CABC gain = 257
03-21 00:40:38.979   193   193 I SurfaceFlinger: [Built-in Screen (type:0)] fps:56.077324,dur:1052.12,max:172.39,min:13.05
03-21 00:40:38.981  1072  1072 V WallpaperService: Delivering touch event: MotionEvent { action=ACTION_MOVE, actionButton=0, id[0]=0, x[0]=257.46362, y[0]=584.26965, toolType[0]=TOOL_TYPE_FINGER, buttonState=0, metaState=0, flags=0x3, edgeFlags=0x0, pointerCount=1, historySize=0, eventTime=470128310, downTime=470128267, deviceId=2, source=0x1002 }
03-21 00:40:38.992  1072  1072 V WallpaperService: Delivering touch event: MotionEvent { action=ACTION_MOVE, actionButton=0, id[0]=0, x[0]=287.40125, y[0]=588.2647, toolType[0]=TOOL_TYPE_FINGER, buttonState=0, metaState=0, flags=0x3, edgeFlags=0x0, pointerCount=1, historySize=0, eventTime=470128325, downTime=470128267, deviceId=2, source=0x1002 }
03-21 00:40:38.993   217   379 D AALService: Output backlight = 556/1023, CABC gain = 257
03-21 00:40:39.007  1072  1072 V WallpaperService: Delivering touch event: MotionEvent { action=ACTION_MOVE, actionButton=0, id[0]=0, x[0]=311.35135, y[0]=591.2609, toolType[0]=TOOL_TYPE_FINGER, buttonState=0, metaState=0, flags=0x3, edgeFlags=0x0, pointerCount=1, historySize=0, eventTime=470128339, downTime=470128267, deviceId=2, source=0x1002 }
03-21 00:40:39.012   193  4223 I BufferQueueProducer: [com.android.systemui/com.android.systemui.recents.RecentsActivity](this:0xb8ee0a60,id:4074,api:1,p:1072,c:193) queueBuffer: fps=32.61 dur=1012.01 max=360.94 min=6.93
03-21 00:40:39.021  1072  1072 V WallpaperService: Delivering touch event: MotionEvent { action=ACTION_MOVE, actionButton=0, id[0]=0, x[0]=328.316, y[0]=592.2597, toolType[0]=TOOL_TYPE_FINGER, buttonState=0, metaState=0, flags=0x3, edgeFlags=0x0, pointerCount=1, historySize=0, eventTime=470128354, downTime=470128267, deviceId=2, source=0x1002 }
03-21 00:40:39.021   217   379 D AALService: Output backlight = 555/1023, CABC gain = 257
03-21 00:40:39.036   217   379 D AALService: Output backlight = 554/1023, CABC gain = 257
03-21 00:40:39.036  1072  1072 V WallpaperService: Delivering touch event: MotionEvent { action=ACTION_MOVE, actionButton=0, id[0]=0, x[0]=338.29523, y[0]=592.2597, toolType[0]=TOOL_TYPE_FINGER, buttonState=0, metaState=0, flags=0x3, edgeFlags=0x0, pointerCount=1, historySize=0, eventTime=470128368, downTime=470128267, deviceId=2, source=0x1002 }
03-21 00:40:39.049   718  1027 D InputReader: AP_PROF:AppLaunch_dispatchPtr:Up:470128383, ID:0, Index:-1190181768
03-21 00:40:39.049   718  1027 I PerfService: PerfServiceNative_boostEnableTimeoutMsAsync:3, 100
03-21 00:40:39.051  1072  1072 V WallpaperService: Delivering touch event: MotionEvent { action=ACTION_UP, actionButton=0, id[0]=0, x[0]=338.29523, y[0]=592.2597, toolType[0]=TOOL_TYPE_FINGER, buttonState=0, metaState=0, flags=0x3, edgeFlags=0x0, pointerCount=1, historySize=0, eventTime=470128383, downTime=470128267, deviceId=2, source=0x1002 }
03-21 00:40:39.064   217   379 D AALService: Output backlight = 553/1023, CABC gain = 257
03-21 00:40:39.079   217   379 D AALService: Output backlight = 552/1023, CABC gain = 257
03-21 00:40:39.108   217   379 D AALService: Output backlight = 551/1023, CABC gain = 257
03-21 00:40:39.136   217   379 D AALService: Output backlight = 550/1023, CABC gain = 257
03-21 00:40:39.150   718  1049 D PerfServiceManager: [PerfService] MESSAGE_TIMEOUT:103 
03-21 00:40:39.150   718  1049 I libPerfService: 3: set: 3
03-21 00:40:39.151   718  1049 I libPerfService: 3: set freq: 819000
03-21 00:40:39.151   217   379 D AALService: Output backlight = 549/1023, CABC gain = 257
03-21 00:40:39.151   718  1049 I libPerfService: 3: set freq max: 0
03-21 00:40:39.180   217   379 D AALService: Output backlight = 548/1023, CABC gain = 257
03-21 00:40:39.186   718  1037 D WifiStateMachine:  ConnectedState (when=-4ms what=131155 arg1=638!CMD_RSSI_POLL  rt=470128518/4552303001 638 0 "Fibertel WiFi413 2.4GHz" 60:14:b3:0b:b2:20 rssi=-33 f=2412 sc=60 link=65 tx=0.0, 0.0, 0.0  rx=0.0 bcn=0 [on:0 tx:0 rx:0 period:3001] from screen [on:0 period:1188816401] gl hn u24 rssi=-28 ag=0 hr ticks 0,0,0 ls-=0 [56,56,56,56,61] brc=0 lrc=0 offload-stopped
03-21 00:40:39.187   718  1037 D WifiStateMachine:  L2ConnectedState (when=-6ms what=131155 arg1=638!CMD_RSSI_POLL  rt=470128520/4552303003 638 0 "Fibertel WiFi413 2.4GHz" 60:14:b3:0b:b2:20 rssi=-33 f=2412 sc=60 link=65 tx=0.0, 0.0, 0.0  rx=0.0 bcn=0 [on:0 tx:0 rx:0 period:2] from screen [on:0 period:1188816403] gl hn u24 rssi=-28 ag=0 hr ticks 0,0,0 ls-=0 [56,56,56,56,61] brc=0 lrc=0 offload-stopped
03-21 00:40:39.187   718  1037 D WifiStateMachine:  get link layer stats 0
03-21 00:40:39.188   718  1037 D WifiHW  : enter -->wifi_send_command cmd=IFNAME=wlan0 SIGNAL_POLL
03-21 00:40:39.189 26577 26577 D wpa_supplicant: wlan0: Control interface command 'SIGNAL_POLL'
03-21 00:40:39.194   217   379 D AALService: Output backlight = 547/1023, CABC gain = 257
03-21 00:40:39.195  1543  1551 I PerfService: PerfServiceNative_getPackName
03-21 00:40:39.195   718  1578 I libPerfService: perfGetLastBoostPid 20287
03-21 00:40:39.195   718  1578 D PerfServiceManager: [PerfService] getLastBoostPid 20287 
03-21 00:40:39.196   718  1578 I libPerfService: perfGetLastBoostPid 20287
03-21 00:40:39.209   718  1037 D WifiHW  : leave --> reply=RSSI=-33
03-21 00:40:39.209   718  1037 D WifiHW  : LINKSPEED=65
03-21 00:40:39.209   718  1037 D WifiHW  : NOISE=9999
03-21 00:40:39.209   718  1037 D WifiHW  : FREQUENCY=2412
03-21 00:40:39.209   718  1037 D WifiHW  : 
03-21 00:40:39.209   718  1037 I WifiStateMachine: fetchRssiLinkSpeedAndFrequencyNative, newRssi:-33, newLinkSpeed:65, SSID:"Fibertel WiFi413 2.4GHz"
03-21 00:40:39.209   718  1037 D WifiStateMachine: mLastSignalLevel:4, newSignalLevel:4
03-21 00:40:39.210   718  1037 E WifiConfigStore: updateConfiguration freq=2412 BSSID=60:14:b3:0b:b2:20 RSSI=-33 "Fibertel WiFi413 2.4GHz"WPA_PSK
03-21 00:40:39.210   718  1037 V ActivityManager: Broadcast sticky: Intent { act=android.net.wifi.RSSI_CHANGED flg=0x4000010 (has extras) } ordered=false userid=-1 callerApp=ProcessRecord{15394b 718:system/1000}
03-21 00:40:39.212   718  1052 D WifiWatchdogStateMachine: RSSI current: 4 new: -33, 4
03-21 00:40:39.217   718  1372 I ActivityManager: Killing 20287:com.tembac.extensionsTest/u0a90 (adj 9): remove task
03-21 00:40:39.223   217   379 D AALService: Output backlight = 550/1023, CABC gain = 256
03-21 00:40:39.237   217   379 D AALService: Output backlight = 549/1023, CABC gain = 256
03-21 00:40:39.257   718  1441 D DisplayManagerService: Display listener for pid 20287 died.
03-21 00:40:39.257   193   360 I SurfaceFlinger: EventThread Client Pid (20287) disconnected by (193)
03-21 00:40:39.257   718  1379 I WindowState: WIN DEATH: Window{59f4ee2 u0 com.tembac.extensionsTest/com.tembac.extensionsTest.MainActivity}
03-21 00:40:39.257   193   360 I SurfaceFlinger: EventThread Client Pid (20287) disconnected by (193)
03-21 00:40:39.258   237 28826 D GuiExt  : [GuiExtS] binder of dump tunnel(RB-0xb9075d18) died
03-21 00:40:39.259   718  1441 D GraphicsStats: Buffer count: 4
03-21 00:40:39.261   718 22893 D ActivityManager: SVC-handleAppDiedLocked: app = ProcessRecord{8482c8b 20287:com.tembac.extensionsTest/u0a90}, app.pid = 20287
03-21 00:40:39.261   718 22893 D ActivityManager: cleanUpApplicationRecord -- 20287
03-21 00:40:39.261   718 22893 D ActivityManager: SVC-mBroadcastQueues: com.android.server.am.BroadcastQueue@31c0bfe
03-21 00:40:39.262   718 22893 D ActivityManager: SVC-mBroadcastQueues: com.android.server.am.BroadcastQueue@30caf5f
03-21 00:40:39.262   718  1379 V WindowManager: Looking for focus: 6 = Window{289a461 u0 StatusBar}, flags=-2122055608, canReceive=false
03-21 00:40:39.262   718  1379 V WindowManager: findFocusedWindow: Found new focus @ 3 = Window{1e893d0 u0 com.android.systemui/com.android.systemui.recents.RecentsActivity}
03-21 00:40:39.262   193   358 I SurfaceFlinger: [SF client] DEL(0xb8ef24a8) for (718:system_server)
03-21 00:40:39.263   718 22893 E MultiWindowProxy: getServiceInstance failed!
03-21 00:40:39.266   217   379 D AALService: Output backlight = 548/1023, CABC gain = 256
03-21 00:40:39.280   217   379 D AALService: Output backlight = 547/1023, CABC gain = 256
03-21 00:40:39.295   217   379 D AALService: enableAALEvent: 1 -> 0
03-21 00:40:39.309   217   379 D AALService: enableAALEvent: 0 -> 1
03-21 00:40:39.309   217   379 D AALService: Output backlight = 546/1023, CABC gain = 256
03-21 00:40:39.324   217   379 D AALService: Output backlight = 545/1023, CABC gain = 256
03-21 00:40:39.338   217   379 D AALService: enableAALEvent: 1 -> 0
03-21 00:40:39.352   217   379 D AALService: enableAALEvent: 0 -> 1
03-21 00:40:39.353   217   379 D AALService: Output backlight = 544/1023, CABC gain = 256
03-21 00:40:39.367   217   379 D AALService: enableAALEvent: 1 -> 0
03-21 00:40:39.380   718   718 E WifiTrafficPoller: TRAFFIC_STATS_POLL true Token 1789 num clients 5
03-21 00:40:39.381   217   379 D AALService: enableAALEvent: 0 -> 1
03-21 00:40:39.381   217   379 D AALService: Output backlight = 543/1023, CABC gain = 256
03-21 00:40:39.382   718   718 E WifiTrafficPoller:  packet count Tx=402590 Rx=726058
03-21 00:40:39.396   217   379 D AALService: Output backlight = 542/1023, CABC gain = 256
03-21 00:40:39.410   217   379 D AALService: enableAALEvent: 1 -> 0
03-21 00:40:39.424   217   379 D AALService: enableAALEvent: 0 -> 1
03-21 00:40:39.425   217   379 D AALService: Output backlight = 541/1023, CABC gain = 256
03-21 00:40:39.439   217   379 D AALService: Output backlight = 540/1023, CABC gain = 256
03-21 00:40:39.453   217   379 D AALService: enableAALEvent: 1 -> 0
03-21 00:40:39.587   718   718 D SettingsInterface:  from settings cache , name = sys_free_storage_log_interval , value = null
03-21 00:40:39.588   718   718 D SettingsInterface:  from settings cache , name = disk_free_change_reporting_threshold , value = null
03-21 00:40:39.869   718  1049 D PerfServiceManager: [PerfService] MESSAGE_TIMEOUT:105 
03-21 00:40:39.870   718  1049 I libPerfService: 5: set: 1
03-21 00:40:39.870   718  1049 I libPerfService: 5: set freq: 0
03-21 00:40:39.870   718  1049 I libPerfService: 5: set freq max: 0
03-21 00:40:39.871   718  1049 D PerfServiceManager: [PerfService] set utilization:0.8 
03-21 00:40:39.938   718  1027 D InputReader: AP_PROF:AppLaunch_dispatchPtr:Down:470129271, ID:0, Index:-1190185160
03-21 00:40:39.938   718  1027 I PerfService: PerfServiceNative_boostEnableAsync:3
03-21 00:40:39.939   718  1049 I libPerfService: 3: set freq: 819000
03-21 00:40:39.939   718  1049 I libPerfService: 3: set: 3
03-21 00:40:39.939   718  1026 D PowerManagerService: userActivityFromNative
03-21 00:40:39.939   718  1026 D PowerManagerService: userActivityNoUpdateLocked: eventTime=470129271, event=2, flags=0x0, uid=1000
03-21 00:40:39.939   718  1026 D PowerManagerNotifier: onUserActivity: event=2, uid=1000
03-21 00:40:39.940   718  1026 D PowerManagerService: updateUserActivitySummaryLocked: mWakefulness=Awake, mUserActivitySummary=0x9, nextTimeout=470132218 (in 2945 ms)
03-21 00:40:39.940   718  1026 D DisplayPowerController: requestPowerState: policy=BRIGHT, useProximitySensor=false, screenBrightness=163, screenAutoBrightnessAdjustment=0.0, brightnessSetByUser=true, useAutoBrightness=false, blockScreenOn=false, lowPowerMode=false, boostScreenBrightness=false, dozeScreenBrightness=-1, dozeScreenState=UNKNOWN, waitForNegativeProximity=false
03-21 00:40:39.940   718  1026 I PowerManagerService: setBrightness mButtonLight, screenBrightness=163
03-21 00:40:39.940   718  1026 D PowerManagerService: updateDisplayPowerStateLocked: mDisplayReady=true, policy=3, mWakefulness=1, mWakeLockSummary=0x0, mUserActivitySummary=0x9, mBootCompleted=true, mScreenBrightnessBoostInProgress=false
