03-21 00:40:33.461 26577 26577 D wpa_supplicant: nl80211: Drv Event 34 (NL80211_CMD_NEW_SCAN_RESULTS) received for wlan0
03-21 00:40:33.461   227   227 D wifi2agps: scan result, found 3 APs
03-21 00:40:33.461 26577 26577 D wpa_supplicant: wlan0: nl80211: New scan results available
03-21 00:40:33.461   227   227 D agps    : [WIFI2AGPS] wifi2agps_scanned
03-21 00:40:33.461 26577 26577 D wpa_supplicant: nl80211: Scan probed for SSID ''
03-21 00:40:33.461 26577 26577 D wpa_supplicant: nl80211: Scan included frequencies: 2412
03-21 00:40:33.461 26577 26577 D wpa_supplicant: wlan0: Event SCAN_RESULTS (3) received
03-21 00:40:33.461 26577 26577 D wpa_supplicant: wlan0: Scan completed in 1.287235 seconds
03-21 00:40:33.462 26577 26577 D wpa_supplicant: nl80211: Associated on 2412 MHz
03-21 00:40:33.462 26577 26577 D wpa_supplicant: nl80211: Associated with 60:14:b3:0b:b2:20
03-21 00:40:33.462   718 26576 D WifiHAL : event received NL80211_CMD_NEW_SCAN_RESULTS
03-21 00:40:33.462 26577 26577 D wpa_supplicant: nl80211: Received scan results (3 BSSes)
03-21 00:40:33.462 26577 26577 D wpa_supplicant: nl80211: Scan results indicate BSS status with 60:14:b3:0b:b2:20 as associated
03-21 00:40:33.462   204   835 I Netd    : Get netlink event, ifname: wlan0 action: 4
03-21 00:40:33.462 26577 26577 D wpa_supplicant: wlan0: BSS: Start scan result update 1641
03-21 00:40:33.462 26577 26577 D wpa_supplicant: BSS: last_scan_res_used=3/32
03-21 00:40:33.462   204   835 D SocketClient: SocketClient sendData done: 600 Iface linkstate wlan0 up
03-21 00:40:33.462 26577 26577 D wpa_supplicant: wlan0: Scan-only results received
03-21 00:40:33.462 26577 26577 D wpa_supplicant: CTRL_IFACE monitor sent successfully to /data/misc/wifi/sockets/wpa_ctrl_718-6\x00
03-21 00:40:33.462 26577 26577 D wpa_supplicant: wlan0: Radio work 'scan'@0xb8a4dba0 done in 1.290420 seconds
03-21 00:40:33.462   718  1033 D NetdConnector: RCV <- {600 Iface linkstate wlan0 up}
03-21 00:40:33.462   224   328 D agps    : [agps][n][WIFI] wifi_scanned  count=19073 timestamp=257329983 num=3
03-21 00:40:33.462   718 26578 D WifiHW  : [1] get event: IFNAME=wlan0 <3>CTRL-EVENT-SCAN-RESULTS 
03-21 00:40:33.462 26577 26577 D wpa_supplicant: RTM_NEWLINK: ifi_index=14 ifname=wlan0 wext ifi_family=0 ifi_flags=0x11043 ([UP][RUNNING][LOWER_UP])
03-21 00:40:33.462   718 26578 D WifiHW  : [2] get event: IFNAME=wlan0 CTRL-EVENT-SCAN-RESULTS 
03-21 00:40:33.463   718 26578 D WifiMonitor: Event [IFNAME=wlan0 CTRL-EVENT-SCAN-RESULTS ]
03-21 00:40:33.463   718   756 D NetworkManagement: onEvent:600 Iface linkstate wlan0 up:5
03-21 00:40:33.463   718 26578 D WifiHW  : enter -->wifi_wait_on_socket buflen=2048
03-21 00:40:33.463   718   756 D Tethering: interfaceLinkStateChanged wlan0, true
03-21 00:40:33.463   718   756 D Tethering: interfaceStatusChanged wlan0, true
03-21 00:40:33.465   718  1037 D WifiStateMachine:  ConnectedState (when=-1ms what=147461!SCAN_RESULTS_EVENT  rt=470122797/4552297280 0 0 found=6 known=1 got=6 bcn=0 con=1
03-21 00:40:33.466   718  1037 D WifiStateMachine:  L2ConnectedState (when=-3ms what=147461!SCAN_RESULTS_EVENT  rt=470122799/4552297282 0 0 found=6 known=1 got=6 bcn=0 con=1
03-21 00:40:33.466   718  1037 D WifiStateMachine:  ConnectModeState (when=-4ms what=147461!SCAN_RESULTS_EVENT  rt=470122800/4552297283 0 0 found=6 known=1 got=6 bcn=0 con=1
03-21 00:40:33.467   718  1037 D WifiStateMachine:  DriverStartedState (when=-5ms what=147461!SCAN_RESULTS_EVENT  rt=470122801/4552297284 0 0 found=6 known=1 got=6 bcn=0 con=1
03-21 00:40:33.470 19417 19502 I Icing   : Usage reports ok 2, Failed Usage reports 0, indexed 0, rejected 0, imm upload false
03-21 00:40:33.470 15272 19713 D SQLiteDatabase: endTransaction()
03-21 00:40:33.473 15272 19713 D SettingsInterface:  from settings cache , name = enabled_accessibility_services , value = null
03-21 00:40:33.474 15272 19713 D SettingsInterface:  from settings cache , name = font_scale , value = null
03-21 00:40:33.474 15272 19713 D SettingsInterface:  from settings cache , name = accessibility_display_magnification_enabled , value = 0
03-21 00:40:33.474 15272 19713 D SettingsInterface:  from settings cache , name = high_text_contrast_enabled , value = null
03-21 00:40:33.475 15272 19713 D SQLiteDatabase: beginTransaction()
03-21 00:40:33.477   718   734 D PowerManagerService: acquireWakeLockInternal: lock=166897856, flags=0x1, tag="CMWakeLock", ws=WorkSource{10013 com.google.android.gms}, uid=10013, pid=15272
03-21 00:40:33.478   718   734 D PowerManagerService: updateWakeLockSummaryLocked: mWakefulness=Awake, mWakeLockSummary=0x1
03-21 00:40:33.478   718   734 D PowerManagerService: updateUserActivitySummaryLocked: mWakefulness=Awake, mUserActivitySummary=0x9, nextTimeout=470125839 (in 3028 ms)
03-21 00:40:33.478   718   734 D DisplayPowerController: requestPowerState: policy=BRIGHT, useProximitySensor=false, screenBrightness=163, screenAutoBrightnessAdjustment=0.0, brightnessSetByUser=true, useAutoBrightness=false, blockScreenOn=false, lowPowerMode=false, boostScreenBrightness=false, dozeScreenBrightness=-1, dozeScreenState=UNKNOWN, waitForNegativeProximity=false
03-21 00:40:33.478   718   734 I PowerManagerService: setBrightness mButtonLight, screenBrightness=163
03-21 00:40:33.478   718   734 D PowerManagerService: updateDisplayPowerStateLocked: mDisplayReady=true, policy=3, mWakefulness=1, mWakeLockSummary=0x1, mUserActivitySummary=0x9, mBootCompleted=true, mScreenBrightnessBoostInProgress=false
03-21 00:40:33.478   718   734 D PowerManagerNotifier: onWakeLockAcquired: flags=1, tag="CMWakeLock", packageName=com.google.android.gms, ownerUid=10013, ownerPid=15272, workSource=WorkSource{10013 com.google.android.gms}
03-21 00:40:33.480   718  1037 D WifiStateMachine:  SupplicantStartedState (when=-17ms what=147461!SCAN_RESULTS_EVENT  rt=470122813/4552297297 0 0 found=6 known=1 got=6 bcn=0 con=1
03-21 00:40:33.481   718  1037 D WifiStateMachine: [1,521,607,233,481 ms] noteScanEnd no scan source onTime=0
03-21 00:40:33.481   718  1037 D WifiHW  : enter -->wifi_send_command cmd=IFNAME=wlan0 BSS RANGE=0- MASK=0x29d87
03-21 00:40:33.481 26577 26577 D wpa_supplicant: wlan0: Control interface command 'BSS RANGE=0- MASK=0x29d87'
03-21 00:40:33.484   718  1037 D WifiHW  : leave --> reply=id=10
03-21 00:40:33.484   718  1037 D WifiHW  : bssid=60:14:b3:0b:b2:20
03-21 00:40:33.484   718  1037 D WifiHW  : freq=2412
03-21 00:40:33.484   718  1037 D WifiHW  : level=-34
03-21 00:40:33.484   718  1037 D WifiHW  : tsf=0004552297277665
03-21 00:40:33.484   718  1037 D WifiHW  : ie=0017466962657274656c205769466934313320322e3447487a010882848b960c1218240301010706415220010d1a2a010032043048606c2d1aad011bffffff00000000000000000001000000000000000000003d16010005000000000000000000000000000000000000004a0e14000a002c01c8001400050019007f080100000000000040dd180050f2020101800003a4000027a4000042435e0062322f00dd0900037f01010000ff7f30180100000fac020200000fac04000fac020100000fac020000dd1a0050f20101000050f20202000050f2040050f20201000050f202dd8d0050f204104a0001101044000102103b000103104700100f7368ce9ed05088aac3b663009ca3a710210013436973636f2053797374656d732c20496e632e10230007445043333834381024000744504333383438104200093030303030303030311054000800060050f2040001101100074450433338343810080002210c103c0001031049000600372a000120
03-21 00:40:33.484   718  1037 D WifiHW  : flags=[WPA-PSK-CCMP+TKIP][WPA2-PSK-CCMP+TKIP][WPS][ESS]
03-21 00:40:33.484   718  1037 D WifiHW  : ssid=Fibertel WiFi413 2.4GHz
03-21 00:40:33.484   718  1037 D WifiHW  : ====
03-21 00:40:33.484   718  1037 D WifiHW  : id=401
03-21 00:40:33.484   718  1037 D WifiHW  : bssid=e0:41:36:f6:c8:8a
03-21 00:40:33.484   718  1037 D WifiHW  : freq=2462
03-21 00:40:33.484   718  1037 D WifiHW  : level=-75
03-21 00:40:33.484   718  1037 D WifiHW  : tsf=0004552297277694
03-21 00:40:33.484   718  1037 D WifiHW  : ie=000d5370656564792d463643383838010
03-21 00:40:33.484   718  1037 D WifiNative-wlan0: scan result len: 4096
03-21 00:40:33.487   718  1037 D WifiStateMachine: wifi setScanResults statecom.android.server.wifi.WifiStateMachine$ConnectedState@51b425b sup_state=COMPLETED debouncing=false mConnectionRequests=1 selection=<none> mNumScanResultsReturned 5 mScanResults 5
03-21 00:40:33.488   718  1037 E WifiConfigStore: updateSavedNetworkHistory(): try "Fibertel WiFi413 2.4GHz"WPA_PSK SSID="Fibertel WiFi413 2.4GHz" Fibertel WiFi413 2.4GHz [WPA-PSK-CCMP+TKIP][WPA2-PSK-CCMP+TKIP][WPS][ESS] ajst=0
03-21 00:40:33.488   718  1037 E WifiConfigStore:         got known scan result 60:14:b3:0b:b2:20 key : "Fibertel WiFi413 2.4GHz"WPA_PSK num: 1 rssi=-34 freq=2412
03-21 00:40:33.489   718  1037 D SettingsInterface:  from settings cache , name = network_scorer_app , value = null
03-21 00:40:33.489   718  1037 D WifiHW  : enter -->wifi_send_command cmd=IFNAME=wlan0 STATUS-NO_EVENTS
03-21 00:40:33.490 26577 26577 D wpa_supplicant: wlan0: Control interface command 'STATUS-NO_EVENTS'
03-21 00:40:33.490 26577 26577 D wpa_supplicant: EAPOL: EAP Session-Id not available
03-21 00:40:33.490   718  1037 D WifiHW  : leave --> reply=bssid=60:14:b3:0b:b2:20
03-21 00:40:33.490   718  1037 D WifiHW  : freq=2412
03-21 00:40:33.490   718  1037 D WifiHW  : ssid=Fibertel WiFi413 2.4GHz
03-21 00:40:33.490   718  1037 D WifiHW  : id=0
03-21 00:40:33.490   718  1037 D WifiHW  : mode=station
03-21 00:40:33.490   718  1037 D WifiHW  : pairwise_cipher=CCMP
03-21 00:40:33.490   718  1037 D WifiHW  : group_cipher=TKIP
03-21 00:40:33.490   718  1037 D WifiHW  : key_mgmt=WPA2-PSK
03-21 00:40:33.490   718  1037 D WifiHW  : wpa_state=COMPLETED
03-21 00:40:33.490   718  1037 D WifiHW  : ip_address=192.168.0.126
03-21 00:40:33.490   718  1037 D WifiHW  : p2p_device_address=ce:79:4a:cf:3f:3c
03-21 00:40:33.490   718  1037 D WifiHW  : address=cc:79:4a:cf:3f:3c
03-21 00:40:33.490   718  1037 D WifiHW  : uuid=38e6fa62-c566-596e-8715-e5140e3fa6eb
03-21 00:40:33.490   718  1037 D WifiHW  : 
03-21 00:40:33.493 19417 19417 D ActivityThread: SVC-Creating service: CreateServiceData{token=android.os.BinderProxy@50c0ba3 className=com.google.android.gms.chimera.GmsInternalBoundBrokerService packageName=com.google.android.gms intent=null}
03-21 00:40:33.495 19417 19417 D ActivityThread: SVC-CREATE_SERVICE handled : 0 / CreateServiceData{token=android.os.BinderProxy@50c0ba3 className=com.google.android.gms.chimera.GmsInternalBoundBrokerService packageName=com.google.android.gms intent=null}
03-21 00:40:33.495 19417 19417 V ActivityThread: handleBindService s=com.google.android.gms.chimera.GmsInternalBoundBrokerService@4becea0 rebind=false
03-21 00:40:33.497   718  1037 D WifiAutoJoinController : Done attemptAutoJoin status=0
03-21 00:40:33.498   718  1037 E WifiConfigStore:  writeKnownNetworkHistory() num networks:1 needWrite=false
03-21 00:40:33.498   718  1037 E WifiStateMachine: mIsFullScanOngoing: false, mSendScanResultsBroadcast: false
03-21 00:40:33.498   718  2139 D PowerManagerService: releaseWakeLockInternal: lock=166897856 [CMWakeLock], flags=0x0, total_time=20ms
03-21 00:40:33.498   718  2139 D PowerManagerNotifier: onWakeLockReleased: flags=1, tag="CMWakeLock", packageName=com.google.android.gms, ownerUid=10013, ownerPid=15272, workSource=WorkSource{10013 com.google.android.gms}
03-21 00:40:33.498   718  2139 D PowerManagerService: updateWakeLockSummaryLocked: mWakefulness=Awake, mWakeLockSummary=0x1
03-21 00:40:33.498   718  2139 D PowerManagerService: updateUserActivitySummaryLocked: mWakefulness=Awake, mUserActivitySummary=0x9, nextTimeout=470125839 (in 3007 ms)
03-21 00:40:33.498   718  2139 D DisplayPowerController: requestPowerState: policy=BRIGHT, useProximitySensor=false, screenBrightness=163, screenAutoBrightnessAdjustment=0.0, brightnessSetByUser=true, useAutoBrightness=false, blockScreenOn=false, lowPowerMode=false, boostScreenBrightness=false, dozeScreenBrightness=-1, dozeScreenState=UNKNOWN, waitForNegativeProximity=false
03-21 00:40:33.499   718  2139 I PowerManagerService: setBrightness mButtonLight, screenBrightness=163
03-21 00:40:33.499   718  2139 D PowerManagerService: updateDisplayPowerStateLocked: mDisplayReady=true, policy=3, mWakefulness=1, mWakeLockSummary=0x1, mUserActivitySummary=0x9, mBootCompleted=true, mScreenBrightnessBoostInProgress=false
03-21 00:40:33.503 19417 19417 D ActivityThread: SVC-BIND_SERVICE handled : 0 / BindServiceData{token=android.os.BinderProxy@50c0ba3 intent=Intent { act=com.google.android.gms.common.BIND_SHARED_PREFS pkg=com.google.android.gms }}
03-21 00:40:33.503 15272 19713 D SQLiteDatabase: endTransaction()
03-21 00:40:33.506 19417 19417 D ActivityThread: SVC-UNBIND_SERVICE handled : 0 / BindServiceData{token=android.os.BinderProxy@50c0ba3 intent=Intent { act=com.google.android.gms.common.BIND_SHARED_PREFS pkg=com.google.android.gms }}
03-21 00:40:33.506 19417 19417 D ActivityThread: SVC-Destroying service: com.google.android.gms.chimera.GmsInternalBoundBrokerService@4becea0
03-21 00:40:33.506 19417 19417 D ActivityThread: SVC-STOP_SERVICE handled : 0 / android.os.BinderProxy@50c0ba3
03-21 00:40:33.507 15272 15279 I System  : FinalizerDaemon: finalize objects = 267
03-21 00:40:33.510 15272 19713 D SettingsInterface:  from settings cache , name = enabled_accessibility_services , value = null
03-21 00:40:33.510 15272 19713 D SettingsInterface:  from settings cache , name = font_scale , value = null
03-21 00:40:33.510 15272 19713 D SettingsInterface:  from settings cache , name = accessibility_display_magnification_enabled , value = 0
03-21 00:40:33.510 15272 19713 D SettingsInterface:  from settings cache , name = high_text_contrast_enabled , value = null
03-21 00:40:33.511 15272 19713 D SQLiteDatabase: beginTransaction()
03-21 00:40:33.521 15272 19713 D SQLiteDatabase: endTransaction()
03-21 00:40:33.525 15272 19713 D SettingsInterface:  from settings cache , name = enabled_accessibility_services , value = null
03-21 00:40:33.525 15272 19713 D SettingsInterface:  from settings cache , name = font_scale , value = null
03-21 00:40:33.525 15272 19713 D SettingsInterface:  from settings cache , name = accessibility_display_magnification_enabled , value = 0
03-21 00:40:33.525 15272 19713 D SettingsInterface:  from settings cache , name = high_text_contrast_enabled , value = null
03-21 00:40:33.526   217   379 D AALService: enableAALEvent: 0 -> 1
03-21 00:40:33.526   217   379 D AALService: Output backlight = 557/1023, CABC gain = 256
03-21 00:40:33.527 15272 19713 D SQLiteDatabase: beginTransaction()
03-21 00:40:33.535 15272 19713 D SQLiteDatabase: endTransaction()
03-21 00:40:33.536   217   379 D AALService: Output backlight = 558/1023, CABC gain = 256
03-21 00:40:33.542 15272 15272 D ActivityThread: SVC-Calling onStartCommand: com.google.android.gms.udc.service.UdcApiService@fc7c6d0, flags=0, startId=2
03-21 00:40:33.543 15272 15272 D ActivityThread: SVC-SERVICE_ARGS handled : 0 / ServiceArgsData{token=android.os.BinderProxy@61a0693 startId=2 args=Intent { cmp=com.google.android.gms/.udc.service.UdcApiService }}
03-21 00:40:33.547   718  1441 D PowerManagerService: acquireWakeLockInternal: lock=166897856, flags=0x1, tag="CMWakeLock", ws=WorkSource{10013 com.google.android.gms}, uid=10013, pid=15272
03-21 00:40:33.548   718  1441 D PowerManagerService: updateWakeLockSummaryLocked: mWakefulness=Awake, mWakeLockSummary=0x1
03-21 00:40:33.548   718  1441 D PowerManagerService: updateUserActivitySummaryLocked: mWakefulness=Awake, mUserActivitySummary=0x9, nextTimeout=470125839 (in 2958 ms)
03-21 00:40:33.548   718  1441 D DisplayPowerController: requestPowerState: policy=BRIGHT, useProximitySensor=false, screenBrightness=163, screenAutoBrightnessAdjustment=0.0, brightnessSetByUser=true, useAutoBrightness=false, blockScreenOn=false, lowPowerMode=false, boostScreenBrightness=false, dozeScreenBrightness=-1, dozeScreenState=UNKNOWN, waitForNegativeProximity=false
03-21 00:40:33.548   718  1441 I PowerManagerService: setBrightness mButtonLight, screenBrightness=163
03-21 00:40:33.548   718  1441 D PowerManagerService: updateDisplayPowerStateLocked: mDisplayReady=true, policy=3, mWakefulness=1, mWakeLockSummary=0x1, mUserActivitySummary=0x9, mBootCompleted=true, mScreenBrightnessBoostInProgress=false
03-21 00:40:33.548   718  1441 D PowerManagerNotifier: onWakeLockAcquired: flags=1, tag="CMWakeLock", packageName=com.google.android.gms, ownerUid=10013, ownerPid=15272, workSource=WorkSource{10013 com.google.android.gms}
03-21 00:40:33.550   217   379 D AALService: enableAALEvent: 1 -> 0
03-21 00:40:33.555   718  1513 D PowerManagerService: releaseWakeLockInternal: lock=166897856 [CMWakeLock], flags=0x0, total_time=7ms
03-21 00:40:33.555   718  1513 D PowerManagerNotifier: onWakeLockReleased: flags=1, tag="CMWakeLock", packageName=com.google.android.gms, ownerUid=10013, ownerPid=15272, workSource=WorkSource{10013 com.google.android.gms}
03-21 00:40:33.555   718  1513 D PowerManagerService: updateWakeLockSummaryLocked: mWakefulness=Awake, mWakeLockSummary=0x1
03-21 00:40:33.555   718  1513 D PowerManagerService: updateUserActivitySummaryLocked: mWakefulness=Awake, mUserActivitySummary=0x9, nextTimeout=470125839 (in 2950 ms)
03-21 00:40:33.555   718  1513 D DisplayPowerController: requestPowerState: policy=BRIGHT, useProximitySensor=false, screenBrightness=163, screenAutoBrightnessAdjustment=0.0, brightnessSetByUser=true, useAutoBrightness=false, blockScreenOn=false, lowPowerMode=false, boostScreenBrightness=false, dozeScreenBrightness=-1, dozeScreenState=UNKNOWN, waitForNegativeProximity=false
03-21 00:40:33.555   718  1513 I PowerManagerService: setBrightness mButtonLight, screenBrightness=163
03-21 00:40:33.556   718  1513 D PowerManagerService: updateDisplayPowerStateLocked: mDisplayReady=true, policy=3, mWakefulness=1, mWakeLockSummary=0x1, mUserActivitySummary=0x9, mBootCompleted=true, mScreenBrightnessBoostInProgress=false
03-21 00:40:33.559 15272 19012 D SettingsInterface:  from settings cache , name = enabled_accessibility_services , value = null
03-21 00:40:33.559 15272 19012 D SettingsInterface:  from settings cache , name = font_scale , value = null
03-21 00:40:33.559 15272 19012 D SettingsInterface:  from settings cache , name = accessibility_display_magnification_enabled , value = 0
03-21 00:40:33.559 15272 19012 D SettingsInterface:  from settings cache , name = high_text_contrast_enabled , value = null
03-21 00:40:33.560 15272 19012 D SQLiteDatabase: beginTransaction()
03-21 00:40:33.567 15272 19012 D SQLiteDatabase: endTransaction()
03-21 00:40:33.570 15272 19012 D SettingsInterface:  from settings cache , name = enabled_accessibility_services , value = null
03-21 00:40:33.570 15272 19012 D SettingsInterface:  from settings cache , name = font_scale , value = null
03-21 00:40:33.570 15272 19012 D SettingsInterface:  from settings cache , name = accessibility_display_magnification_enabled , value = 0
03-21 00:40:33.570 15272 19012 D SettingsInterface:  from settings cache , name = high_text_contrast_enabled , value = null
03-21 00:40:33.571 15272 19012 D SQLiteDatabase: beginTransaction()
03-21 00:40:33.577 15272 19012 D SQLiteDatabase: endTransaction()
03-21 00:40:33.579 19417 19417 D ActivityThread: SVC-Creating service: CreateServiceData{token=android.os.BinderProxy@7f2ea59 className=com.google.android.gms.chimera.GmsInternalBoundBrokerService packageName=com.google.android.gms intent=null}
03-21 00:40:33.580 19417 19417 D ActivityThread: SVC-CREATE_SERVICE handled : 0 / CreateServiceData{token=android.os.BinderProxy@7f2ea59 className=com.google.android.gms.chimera.GmsInternalBoundBrokerService packageName=com.google.android.gms intent=null}
03-21 00:40:33.581 19417 19417 V ActivityThread: handleBindService s=com.google.android.gms.chimera.GmsInternalBoundBrokerService@fab161e rebind=false
03-21 00:40:33.584 19417 19417 D ActivityThread: SVC-BIND_SERVICE handled : 0 / BindServiceData{token=android.os.BinderProxy@7f2ea59 intent=Intent { act=com.google.android.gms.common.BIND_SHARED_PREFS pkg=com.google.android.gms }}
03-21 00:40:33.589 19417 19417 D ActivityThread: SVC-UNBIND_SERVICE handled : 0 / BindServiceData{token=android.os.BinderProxy@7f2ea59 intent=Intent { act=com.google.android.gms.common.BIND_SHARED_PREFS pkg=com.google.android.gms }}
03-21 00:40:33.589 19417 19417 D ActivityThread: SVC-Destroying service: com.google.android.gms.chimera.GmsInternalBoundBrokerService@fab161e
03-21 00:40:33.590 19417 19417 D ActivityThread: SVC-STOP_SERVICE handled : 0 / android.os.BinderProxy@7f2ea59
03-21 00:40:33.621 15272 15272 D ActivityThread: SVC-Calling onStartCommand: com.google.android.gms.udc.service.UdcApiService@fc7c6d0, flags=0, startId=3
03-21 00:40:33.622 15272 15272 D ActivityThread: SVC-SERVICE_ARGS handled : 0 / ServiceArgsData{token=android.os.BinderProxy@61a0693 startId=3 args=Intent { cmp=com.google.android.gms/.udc.service.UdcApiService }}
03-21 00:40:33.627   718  1578 D PowerManagerService: acquireWakeLockInternal: lock=216067771, flags=0x1, tag="CMWakeLock", ws=WorkSource{10013 com.google.android.gms}, uid=10013, pid=15272
03-21 00:40:33.628   718  1578 D PowerManagerService: updateWakeLockSummaryLocked: mWakefulness=Awake, mWakeLockSummary=0x1
03-21 00:40:33.628   718  1578 D PowerManagerService: updateUserActivitySummaryLocked: mWakefulness=Awake, mUserActivitySummary=0x9, nextTimeout=470125839 (in 2878 ms)
03-21 00:40:33.628   718  1578 D DisplayPowerController: requestPowerState: policy=BRIGHT, useProximitySensor=false, screenBrightness=163, screenAutoBrightnessAdjustment=0.0, brightnessSetByUser=true, useAutoBrightness=false, blockScreenOn=false, lowPowerMode=false, boostScreenBrightness=false, dozeScreenBrightness=-1, dozeScreenState=UNKNOWN, waitForNegativeProximity=false
03-21 00:40:33.628   718  1578 I PowerManagerService: setBrightness mButtonLight, screenBrightness=163
03-21 00:40:33.628   718  1578 D PowerManagerService: updateDisplayPowerStateLocked: mDisplayReady=true, policy=3, mWakefulness=1, mWakeLockSummary=0x1, mUserActivitySummary=0x9, mBootCompleted=true, mScreenBrightnessBoostInProgress=false
03-21 00:40:33.628   718  1578 D PowerManagerNotifier: onWakeLockAcquired: flags=1, tag="CMWakeLock", packageName=com.google.android.gms, ownerUid=10013, ownerPid=15272, workSource=WorkSource{10013 com.google.android.gms}
03-21 00:40:33.633   718   735 D PowerManagerService: releaseWakeLockInternal: lock=216067771 [CMWakeLock], flags=0x0, total_time=6ms
03-21 00:40:33.634   718   735 D PowerManagerNotifier: onWakeLockReleased: flags=1, tag="CMWakeLock", packageName=com.google.android.gms, ownerUid=10013, ownerPid=15272, workSource=WorkSource{10013 com.google.android.gms}
03-21 00:40:33.634   718   735 D PowerManagerService: updateWakeLockSummaryLocked: mWakefulness=Awake, mWakeLockSummary=0x1
03-21 00:40:33.634   718   735 D PowerManagerService: updateUserActivitySummaryLocked: mWakefulness=Awake, mUserActivitySummary=0x9, nextTimeout=470125839 (in 2872 ms)
03-21 00:40:33.634   718   735 D DisplayPowerController: requestPowerState: policy=BRIGHT, useProximitySensor=false, screenBrightness=163, screenAutoBrightnessAdjustment=0.0, brightnessSetByUser=true, useAutoBrightness=false, blockScreenOn=false, lowPowerMode=false, boostScreenBrightness=false, dozeScreenBrightness=-1, dozeScreenState=UNKNOWN, waitForNegativeProximity=false
03-21 00:40:33.634   718   735 I PowerManagerService: setBrightness mButtonLight, screenBrightness=163
03-21 00:40:33.634   718   735 D PowerManagerService: updateDisplayPowerStateLocked: mDisplayReady=true, policy=3, mWakefulness=1, mWakeLockSummary=0x1, mUserActivitySummary=0x9, mBootCompleted=true, mScreenBrightnessBoostInProgress=false
03-21 00:40:33.635 15272 19713 D SettingsInterface:  from settings cache , name = enabled_accessibility_services , value = null
03-21 00:40:33.635 15272 19713 D SettingsInterface:  from settings cache , name = font_scale , value = null
03-21 00:40:33.636 15272 19713 D SettingsInterface:  from settings cache , name = accessibility_display_magnification_enabled , value = 0
03-21 00:40:33.636 15272 19713 D SettingsInterface:  from settings cache , name = high_text_contrast_enabled , value = null
03-21 00:40:33.638 15272 19713 D SQLiteDatabase: beginTransaction()
03-21 00:40:33.640   718  1372 D PowerManagerService: acquireWakeLockInternal: lock=216067771, flags=0x1, tag="CMWakeLock", ws=WorkSource{10013 com.google.android.gms}, uid=10013, pid=15272
03-21 00:40:33.641   718  1372 D PowerManagerService: updateWakeLockSummaryLocked: mWakefulness=Awake, mWakeLockSummary=0x1
03-21 00:40:33.641   718  1372 D PowerManagerService: updateUserActivitySummaryLocked: mWakefulness=Awake, mUserActivitySummary=0x9, nextTimeout=470125839 (in 2865 ms)
03-21 00:40:33.641   718  1372 D DisplayPowerController: requestPowerState: policy=BRIGHT, useProximitySensor=false, screenBrightness=163, screenAutoBrightnessAdjustment=0.0, brightnessSetByUser=true, useAutoBrightness=false, blockScreenOn=false, lowPowerMode=false, boostScreenBrightness=false, dozeScreenBrightness=-1, dozeScreenState=UNKNOWN, waitForNegativeProximity=false
03-21 00:40:33.641   718  1372 I PowerManagerService: setBrightness mButtonLight, screenBrightness=163
03-21 00:40:33.641   718  1372 D PowerManagerService: updateDisplayPowerStateLocked: mDisplayReady=true, policy=3, mWakefulness=1, mWakeLockSummary=0x1, mUserActivitySummary=0x9, mBootCompleted=true, mScreenBrightnessBoostInProgress=false
03-21 00:40:33.641   718  1372 D PowerManagerNotifier: onWakeLockAcquired: flags=1, tag="CMWakeLock", packageName=com.google.android.gms, ownerUid=10013, ownerPid=15272, workSource=WorkSource{10013 com.google.android.gms}
03-21 00:40:33.645 15272 19713 D SQLiteDatabase: endTransaction()
03-21 00:40:33.648 15272 19713 D SettingsInterface:  from settings cache , name = enabled_accessibility_services , value = null
03-21 00:40:33.648 15272 19713 D SettingsInterface:  from settings cache , name = font_scale , value = null
03-21 00:40:33.648 15272 19713 D SettingsInterface:  from settings cache , name = accessibility_display_magnification_enabled , value = 0
03-21 00:40:33.648   718  1578 D PowerManagerService: releaseWakeLockInternal: lock=216067771 [CMWakeLock], flags=0x0, total_time=7ms
03-21 00:40:33.648 15272 19713 D SettingsInterface:  from settings cache , name = high_text_contrast_enabled , value = null
03-21 00:40:33.648   718  1578 D PowerManagerNotifier: onWakeLockReleased: flags=1, tag="CMWakeLock", packageName=com.google.android.gms, ownerUid=10013, ownerPid=15272, workSource=WorkSource{10013 com.google.android.gms}
03-21 00:40:33.648   718  1578 D PowerManagerService: updateWakeLockSummaryLocked: mWakefulness=Awake, mWakeLockSummary=0x1
03-21 00:40:33.648   718  1578 D PowerManagerService: updateUserActivitySummaryLocked: mWakefulness=Awake, mUserActivitySummary=0x9, nextTimeout=470125839 (in 2857 ms)
03-21 00:40:33.649   718  1578 D DisplayPowerController: requestPowerState: policy=BRIGHT, useProximitySensor=false, screenBrightness=163, screenAutoBrightnessAdjustment=0.0, brightnessSetByUser=true, useAutoBrightness=false, blockScreenOn=false, lowPowerMode=false, boostScreenBrightness=false, dozeScreenBrightness=-1, dozeScreenState=UNKNOWN, waitForNegativeProximity=false
03-21 00:40:33.649   718  1578 I PowerManagerService: setBrightness mButtonLight, screenBrightness=163
03-21 00:40:33.649   718  1578 D PowerManagerService: updateDisplayPowerStateLocked: mDisplayReady=true, policy=3, mWakefulness=1, mWakeLockSummary=0x1, mUserActivitySummary=0x9, mBootCompleted=true, mScreenBrightnessBoostInProgress=false
03-21 00:40:33.649 15272 19713 D SQLiteDatabase: beginTransaction()
03-21 00:40:33.649 19417 19502 I Icing   : Usage reports ok 1, Failed Usage reports 0, indexed 0, rejected 0, imm upload false
03-21 00:40:33.650   718  1127 D PowerManagerService: releaseWakeLockInternal: lock=60896632 [Icing], flags=0x0, total_time=696ms
03-21 00:40:33.651   718  1127 D PowerManagerNotifier: onWakeLockReleased: flags=1, tag="Icing", packageName=com.google.android.gms, ownerUid=10013, ownerPid=19417, workSource=WorkSource{10013 com.google.android.gms}
03-21 00:40:33.651   718  1127 D PowerManagerService: updateWakeLockSummaryLocked: mWakefulness=Awake, mWakeLockSummary=0x0
03-21 00:40:33.651   718  1127 D PowerManagerService: updateUserActivitySummaryLocked: mWakefulness=Awake, mUserActivitySummary=0x9, nextTimeout=470125839 (in 2855 ms)
03-21 00:40:33.651   718  1127 D DisplayPowerController: requestPowerState: policy=BRIGHT, useProximitySensor=false, screenBrightness=163, screenAutoBrightnessAdjustment=0.0, brightnessSetByUser=true, useAutoBrightness=false, blockScreenOn=false, lowPowerMode=false, boostScreenBrightness=false, dozeScreenBrightness=-1, dozeScreenState=UNKNOWN, waitForNegativeProximity=false
03-21 00:40:33.651   718  1127 I PowerManagerService: setBrightness mButtonLight, screenBrightness=163
03-21 00:40:33.651   718  1127 D PowerManagerService: updateDisplayPowerStateLocked: mDisplayReady=true, policy=3, mWakefulness=1, mWakeLockSummary=0x0, mUserActivitySummary=0x9, mBootCompleted=true, mScreenBrightnessBoostInProgress=false
03-21 00:40:33.651   718  1127 D PowerManagerService: Releasing suspend blocker "PowerManagerService.WakeLocks".
03-21 00:40:33.654 19417 19417 D ActivityThread: SVC-Destroying service: com.google.android.gms.icing.service.IndexWorkerService@ecbd47d
03-21 00:40:33.654 19417 19417 D ActivityThread: SVC-STOP_SERVICE handled : 0 / android.os.BinderProxy@3463ad4
03-21 00:40:33.657 15272 19713 D SQLiteDatabase: endTransaction()
03-21 00:40:33.665 15272 19713 D SettingsInterface:  from settings cache , name = enabled_accessibility_services , value = null
03-21 00:40:33.665 15272 19713 D SettingsInterface:  from settings cache , name = font_scale , value = null
03-21 00:40:33.665 15272 19713 D SettingsInterface:  from settings cache , name = accessibility_display_magnification_enabled , value = 0
03-21 00:40:33.665 15272 19713 D SettingsInterface:  from settings cache , name = high_text_contrast_enabled , value = null
03-21 00:40:33.667 15272 19713 D SQLiteDatabase: beginTransaction()
03-21 00:40:33.673 15272 19713 D SQLiteDatabase: endTransaction()
03-21 00:40:33.716 15272 19713 D SettingsInterface:  from settings cache , name = enabled_accessibility_services , value = null
03-21 00:40:33.716 15272 19713 D SettingsInterface:  from settings cache , name = font_scale , value = null
03-21 00:40:33.716 15272 19713 D SettingsInterface:  from settings cache , name = accessibility_display_magnification_enabled , value = 0
03-21 00:40:33.716 15272 19713 D SettingsInterface:  from settings cache , name = high_text_contrast_enabled , value = null
03-21 00:40:33.717 15272 19713 D SQLiteDatabase: beginTransaction()
03-21 00:40:33.719 15272 15272 D ActivityThread: SVC-Calling onStartCommand: com.google.android.gms.udc.service.UdcApiService@fc7c6d0, flags=0, startId=4
03-21 00:40:33.720 15272 15272 D ActivityThread: SVC-SERVICE_ARGS handled : 0 / ServiceArgsData{token=android.os.BinderProxy@61a0693 startId=4 args=Intent { cmp=com.google.android.gms/.udc.service.UdcApiService }}
03-21 00:40:33.724 15272 19713 D SQLiteDatabase: endTransaction()
03-21 00:40:33.725   718   745 D PowerManagerService: acquireWakeLockInternal: lock=216067771, flags=0x1, tag="CMWakeLock", ws=WorkSource{10013 com.google.android.gms}, uid=10013, pid=15272
03-21 00:40:33.725   718   745 D PowerManagerService: updateWakeLockSummaryLocked: mWakefulness=Awake, mWakeLockSummary=0x1
03-21 00:40:33.725   718   745 D PowerManagerService: updateUserActivitySummaryLocked: mWakefulness=Awake, mUserActivitySummary=0x9, nextTimeout=470125839 (in 2781 ms)
03-21 00:40:33.725   718   745 D DisplayPowerController: requestPowerState: policy=BRIGHT, useProximitySensor=false, screenBrightness=163, screenAutoBrightnessAdjustment=0.0, brightnessSetByUser=true, useAutoBrightness=false, blockScreenOn=false, lowPowerMode=false, boostScreenBrightness=false, dozeScreenBrightness=-1, dozeScreenState=UNKNOWN, waitForNegativeProximity=false
03-21 00:40:33.725   718   745 I PowerManagerService: setBrightness mButtonLight, screenBrightness=163
03-21 00:40:33.725   718   745 D PowerManagerService: updateDisplayPowerStateLocked: mDisplayReady=true, policy=3, mWakefulness=1, mWakeLockSummary=0x1, mUserActivitySummary=0x9, mBootCompleted=true, mScreenBrightnessBoostInProgress=false
03-21 00:40:33.725   718   745 D PowerManagerService: Acquiring suspend blocker "PowerManagerService.WakeLocks".
03-21 00:40:33.726   718   745 D PowerManagerNotifier: onWakeLockAcquired: flags=1, tag="CMWakeLock", packageName=com.google.android.gms, ownerUid=10013, ownerPid=15272, workSource=WorkSource{10013 com.google.android.gms}
03-21 00:40:33.730   718  2141 D PowerManagerService: releaseWakeLockInternal: lock=216067771 [CMWakeLock], flags=0x0, total_time=6ms
03-21 00:40:33.731   718  2141 D PowerManagerNotifier: onWakeLockReleased: flags=1, tag="CMWakeLock", packageName=com.google.android.gms, ownerUid=10013, ownerPid=15272, workSource=WorkSource{10013 com.google.android.gms}
03-21 00:40:33.731   718  2141 D PowerManagerService: updateWakeLockSummaryLocked: mWakefulness=Awake, mWakeLockSummary=0x0
03-21 00:40:33.731   718  2141 D PowerManagerService: updateUserActivitySummaryLocked: mWakefulness=Awake, mUserActivitySummary=0x9, nextTimeout=470125839 (in 2775 ms)
03-21 00:40:33.731   718  2141 D DisplayPowerController: requestPowerState: policy=BRIGHT, useProximitySensor=false, screenBrightness=163, screenAutoBrightnessAdjustment=0.0, brightnessSetByUser=true, useAutoBrightness=false, blockScreenOn=false, lowPowerMode=false, boostScreenBrightness=false, dozeScreenBrightness=-1, dozeScreenState=UNKNOWN, waitForNegativeProximity=false
03-21 00:40:33.731   718  2141 I PowerManagerService: setBrightness mButtonLight, screenBrightness=163
03-21 00:40:33.731   718  2141 D PowerManagerService: updateDisplayPowerStateLocked: mDisplayReady=true, policy=3, mWakefulness=1, mWakeLockSummary=0x0, mUserActivitySummary=0x9, mBootCompleted=true, mScreenBrightnessBoostInProgress=false
03-21 00:40:33.731   718  2141 D PowerManagerService: Releasing suspend blocker "PowerManagerService.WakeLocks".
03-21 00:40:33.734 15272 18950 D SettingsInterface:  from settings cache , name = enabled_accessibility_services , value = null
03-21 00:40:33.734 15272 18950 D SettingsInterface:  from settings cache , name = font_scale , value = null
03-21 00:40:33.734 15272 18950 D SettingsInterface:  from settings cache , name = accessibility_display_magnification_enabled , value = 0
03-21 00:40:33.735 15272 18950 D SettingsInterface:  from settings cache , name = high_text_contrast_enabled , value = null
03-21 00:40:33.736 15272 18950 D SQLiteDatabase: beginTransaction()
03-21 00:40:33.742 15272 18950 D SQLiteDatabase: endTransaction()
03-21 00:40:33.745 15272 18950 D SettingsInterface:  from settings cache , name = enabled_accessibility_services , value = null
03-21 00:40:33.745 15272 18950 D SettingsInterface:  from settings cache , name = font_scale , value = null
03-21 00:40:33.745 15272 18950 D SettingsInterface:  from settings cache , name = accessibility_display_magnification_enabled , value = 0
03-21 00:40:33.745 15272 18950 D SettingsInterface:  from settings cache , name = high_text_contrast_enabled , value = null
03-21 00:40:33.746 15272 18950 D SQLiteDatabase: beginTransaction()
03-21 00:40:33.752 15272 18950 D SQLiteDatabase: endTransaction()
03-21 00:40:34.023   193  1031 I BufferQueueProducer: [com.google.android.apps.messaging/com.google.android.apps.messaging.ui.conversation.ConversationActivity](this:0xb8f59690,id:4070,api:1,p:19353,c:193) queueBuffer: fps=3.88 dur=1030.77 max=504.79 min=76.82
03-21 00:40:34.026   193   193 I SurfaceFlinger: [Built-in Screen (type:0)] fps:33.068890,dur:1481.76,max:503.81,min:12.82
03-21 00:40:34.031   217   379 D AALService: enableAALEvent: 0 -> 1
03-21 00:40:34.031   217   379 D AALService: Output backlight = 559/1023, CABC gain = 256
03-21 00:40:34.040   217   379 D AALService: Output backlight = 560/1023, CABC gain = 256
03-21 00:40:34.054   217   379 D AALService: enableAALEvent: 1 -> 0
03-21 00:40:34.179  1543  1551 I PerfService: PerfServiceNative_getPackName
03-21 00:40:34.179   718  1127 I libPerfService: perfGetLastBoostPid 19353
03-21 00:40:34.180   718  1127 D PerfServiceManager: [PerfService] getLastBoostPid 19353 
03-21 00:40:34.180   718  1127 I libPerfService: perfGetLastBoostPid 19353
03-21 00:40:34.258   718  1027 D InputReader: AP_PROF:AppLaunch_dispatchPtr:Down:470123591, ID:0, Index:-1190185160
03-21 00:40:34.258   718  1027 I PerfService: PerfServiceNative_boostEnableAsync:3
03-21 00:40:34.259   718  1049 I libPerfService: 3: set freq: 819000
03-21 00:40:34.259   718  1026 D PowerManagerService: userActivityFromNative
03-21 00:40:34.260   718  1026 D PowerManagerService: userActivityNoUpdateLocked: eventTime=470123591, event=2, flags=0x0, uid=1000
03-21 00:40:34.260   718  1049 I libPerfService: 3: set: 3
03-21 00:40:34.260   718  1026 D PowerManagerNotifier: onUserActivity: event=2, uid=1000
03-21 00:40:34.260   718  1026 D PowerManagerService: updateUserActivitySummaryLocked: mWakefulness=Awake, mUserActivitySummary=0x9, nextTimeout=470125839 (in 2246 ms)
03-21 00:40:34.260   718  1026 D DisplayPowerController: requestPowerState: policy=BRIGHT, useProximitySensor=false, screenBrightness=163, screenAutoBrightnessAdjustment=0.0, brightnessSetByUser=true, useAutoBrightness=false, blockScreenOn=false, lowPowerMode=false, boostScreenBrightness=false, dozeScreenBrightness=-1, dozeScreenState=UNKNOWN, waitForNegativeProximity=false
03-21 00:40:34.260   718  1026 I PowerManagerService: setBrightness mButtonLight, screenBrightness=163
03-21 00:40:34.260   718  1026 D PowerManagerService: updateDisplayPowerStateLocked: mDisplayReady=true, policy=3, mWakefulness=1, mWakeLockSummary=0x0, mUserActivitySummary=0x9, mBootCompleted=true, mScreenBrightnessBoostInProgress=false
03-21 00:40:34.304   217   379 D AALService: enableAALEvent: 0 -> 1
03-21 00:40:34.304   217   379 D AALService: Output backlight = 561/1023, CABC gain = 256
03-21 00:40:34.313   217   379 D AALService: enableAALEvent: 1 -> 0
03-21 00:40:34.330   718  1027 D InputReader: AP_PROF:AppLaunch_dispatchPtr:Up:470123664, ID:0, Index:-1190181768
03-21 00:40:34.331   718  1027 I PerfService: PerfServiceNative_boostEnableTimeoutMsAsync:3, 100
03-21 00:40:34.337   718  1383 I ActivityManager: START u0 {act=android.intent.action.VIEW dat=http://tembac.com/... cmp=android/com.android.internal.app.ResolverActivity (has extras)} from uid 10058 from pid 19353 on display 0
03-21 00:40:34.337   718  1383 V WindowManager: Looking for focus: 7 = Window{289a461 u0 StatusBar}, flags=-2122055608, canReceive=false
03-21 00:40:34.337   718  1383 V WindowManager: findFocusedWindow: Found new focus @ 4 = Window{23529c6 u0 com.google.android.apps.messaging/com.google.android.apps.messaging.ui.conversation.ConversationActivity}
03-21 00:40:34.340   718  1049 I libPerfService: 1: set freq: 1300000
03-21 00:40:34.340   718  1383 D PowerManagerService: acquireWakeLockInternal: lock=62844727, flags=0x1, tag="*launch*", ws=WorkSource{1000}, uid=1000, pid=718
03-21 00:40:34.340   718  1049 I libPerfService: 1: set: 4
03-21 00:40:34.340   718  1383 D PowerManagerService: updateWakeLockSummaryLocked: mWakefulness=Awake, mWakeLockSummary=0x1
03-21 00:40:34.340   718  1383 D PowerManagerService: updateUserActivitySummaryLocked: mWakefulness=Awake, mUserActivitySummary=0x9, nextTimeout=470125839 (in 2165 ms)
03-21 00:40:34.340   718  1383 D DisplayPowerController: requestPowerState: policy=BRIGHT, useProximitySensor=false, screenBrightness=163, screenAutoBrightnessAdjustment=0.0, brightnessSetByUser=true, useAutoBrightness=false, blockScreenOn=false, lowPowerMode=false, boostScreenBrightness=false, dozeScreenBrightness=-1, dozeScreenState=UNKNOWN, waitForNegativeProximity=false
03-21 00:40:34.340   718  1383 I PowerManagerService: setBrightness mButtonLight, screenBrightness=163
03-21 00:40:34.340   718  1383 D PowerManagerService: updateDisplayPowerStateLocked: mDisplayReady=true, policy=3, mWakefulness=1, mWakeLockSummary=0x1, mUserActivitySummary=0x9, mBootCompleted=true, mScreenBrightnessBoostInProgress=false
03-21 00:40:34.340   718  1383 D PowerManagerService: Acquiring suspend blocker "PowerManagerService.WakeLocks".
03-21 00:40:34.341   718  1383 D PowerManagerNotifier: onWakeLockAcquired: flags=1, tag="*launch*", packageName=android, ownerUid=1000, ownerPid=718, workSource=WorkSource{1000}
03-21 00:40:34.342   718  1383 V WindowManager: Looking for focus: 7 = Window{289a461 u0 StatusBar}, flags=-2122055608, canReceive=false
03-21 00:40:34.342   718  1383 V WindowManager: findFocusedWindow: Found new focus @ 4 = Window{23529c6 u0 com.google.android.apps.messaging/com.google.android.apps.messaging.ui.conversation.ConversationActivity}
03-21 00:40:34.344   718  1383 V WindowManager: Set focused app to: AppWindowToken{2ad4616 token=Token{4107f31 ActivityRecord{424cfd8 u0 android/com.android.internal.app.ResolverActivity t508}}} old focus=AppWindowToken{b627f01 token=Token{aa2ace8 ActivityRecord{706d60b u0 com.google.android.apps.messaging/.ui.conversation.ConversationActivity t508}}} moveFocusNow=true
03-21 00:40:34.344   718  1383 V WindowManager: Looking for focus: 7 = Window{289a461 u0 StatusBar}, flags=-2122055608, canReceive=false
03-21 00:40:34.344   718  1383 V WindowManager: findFocusedWindow: Reached focused app=AppWindowToken{2ad4616 token=Token{4107f31 ActivityRecord{424cfd8 u0 android/com.android.internal.app.ResolverActivity t508}}}
03-21 00:40:34.346   718  1383 V WindowManager: Changing focus from Window{23529c6 u0 com.google.android.apps.messaging/com.google.android.apps.messaging.ui.conversation.ConversationActivity} to null Callers=com.android.server.wm.WindowManagerService.setFocusedApp:4470 com.android.server.am.ActivityManagerService.setFocusedActivityLocked:2927 com.android.server.am.ActivityStackSupervisor.startActivityUncheckedLocked:2837 com.android.server.am.ActivityStackSupervisor.startActivityLocked:1821 
03-21 00:40:34.346   718  1383 D WindowManager: Input focus has changed to null
03-21 00:40:34.347   718   769 I WindowManager: Focus moving from Window{23529c6 u0 com.google.android.apps.messaging/com.google.android.apps.messaging.ui.conversation.ConversationActivity} to null
03-21 00:40:34.347   718   769 I WindowManager: Losing focus: Window{23529c6 u0 com.google.android.apps.messaging/com.google.android.apps.messaging.ui.conversation.ConversationActivity}
03-21 00:40:34.348  1390  1426 D SettingsInterface:  from settings cache , name = multi_sim_sms , value = 1
03-21 00:40:34.351   718  1286 D PowerManagerService: acquireWakeLockInternal: lock=251859332, flags=0x1, tag="bugle_datamodel_executor_wakelock", ws=null, uid=10058, pid=19353
03-21 00:40:34.351   718  1286 D PowerManagerService: updateWakeLockSummaryLocked: mWakefulness=Awake, mWakeLockSummary=0x1
03-21 00:40:34.351   718  1286 D PowerManagerService: updateUserActivitySummaryLocked: mWakefulness=Awake, mUserActivitySummary=0x9, nextTimeout=470125839 (in 2154 ms)
03-21 00:40:34.351   718  1286 D DisplayPowerController: requestPowerState: policy=BRIGHT, useProximitySensor=false, screenBrightness=163, screenAutoBrightnessAdjustment=0.0, brightnessSetByUser=true, useAutoBrightness=false, blockScreenOn=false, lowPowerMode=false, boostScreenBrightness=false, dozeScreenBrightness=-1, dozeScreenState=UNKNOWN, waitForNegativeProximity=false
03-21 00:40:34.352   718  1286 I PowerManagerService: setBrightness mButtonLight, screenBrightness=163
03-21 00:40:34.352   718  1286 D PowerManagerService: updateDisplayPowerStateLocked: mDisplayReady=true, policy=3, mWakefulness=1, mWakeLockSummary=0x1, mUserActivitySummary=0x9, mBootCompleted=true, mScreenBrightnessBoostInProgress=false
03-21 00:40:34.352   718  1286 D PowerManagerNotifier: onWakeLockAcquired: flags=1, tag="bugle_datamodel_executor_wakelock", packageName=com.google.android.apps.messaging, ownerUid=10058, ownerPid=19353, workSource=null
03-21 00:40:34.352   718  1286 D AppOps  : startOperation: allowing code 40 uid 10058 package com.google.android.apps.messaging
03-21 00:40:34.353 19353 19414 D SQLiteDatabase: beginTransaction()
03-21 00:40:34.355 19353 19353 D ActivityThread: ACT-AM_ON_PAUSE_CALLED ActivityRecord{7f7dcfc token=android.os.BinderProxy@c60f85 {com.google.android.apps.messaging/com.google.android.apps.messaging.ui.conversation.ConversationActivity}}
03-21 00:40:34.358   718 22892 D InputReader: InputReader:: getSwitchState lock 
03-21 00:40:34.358   718 22892 D InputReader: InputReader::getStateLocked:: return 
03-21 00:40:34.359   217   379 D AALService: enableAALEvent: 0 -> 1
03-21 00:40:34.359   217   379 D AALService: Output backlight = 562/1023, CABC gain = 256
03-21 00:40:34.360   718 22892 I libPerfService: perfSetFavorPid - pid:19513, 4c39
03-21 00:40:34.360 19353 19414 D SQLiteDatabase: endTransaction()
03-21 00:40:34.364   718 22892 D ActivityManager: Delay resumeKeyDispatchingLocked() to avoid deadlock.
03-21 00:40:34.365 19353 19353 D ActivityThread: ACT-PAUSE_ACTIVITY handled : 1 / android.os.BinderProxy@c60f85
03-21 00:40:34.367 19353 19353 D ActivityThread: SVC-Creating service: CreateServiceData{token=android.os.BinderProxy@28930fd className=com.google.android.apps.messaging.shared.datamodel.action.ActionExecutorImpl$EmptyService packageName=com.google.android.apps.messaging intent=null}
03-21 00:40:34.368 19353 19353 D ActivityThread: SVC-CREATE_SERVICE handled : 0 / CreateServiceData{token=android.os.BinderProxy@28930fd className=com.google.android.apps.messaging.shared.datamodel.action.ActionExecutorImpl$EmptyService packageName=com.google.android.apps.messaging intent=null}
03-21 00:40:34.368 19353 19353 D ActivityThread: SVC-Calling onStartCommand: com.google.android.apps.messaging.shared.datamodel.action.ActionExecutorImpl$EmptyService@20521f2, flags=0, startId=1
03-21 00:40:34.368 19353 19353 I BugleDataModel: ActionExecutor Empty Service started
03-21 00:40:34.370   718   718 E WifiTrafficPoller: TRAFFIC_STATS_POLL true Token 1789 num clients 5
03-21 00:40:34.371   217   379 D AALService: Output backlight = 563/1023, CABC gain = 256
03-21 00:40:34.372   718   718 E WifiTrafficPoller:  packet count Tx=402590 Rx=726058
03-21 00:40:34.373 19353 19353 D ActivityThread: SVC-SERVICE_ARGS handled : 0 / ServiceArgsData{token=android.os.BinderProxy@28930fd startId=1 args=Intent { cmp=com.google.android.apps.messaging/.shared.datamodel.action.ActionExecutorImpl$EmptyService (has extras) }}
03-21 00:40:34.384 19513 19524 I art     : CollectorTransition marksweep + semispace GC freed 1649(76KB) AllocSpace objects, 3(64KB) LOS objects, 25% free, 3MB/4MB, paused 21.118ms total 21.118ms
03-21 00:40:34.384 19513 19522 I System  : FinalizerDaemon: finalize objects = 193
03-21 00:40:34.385   718  1127 V ActivityManager: Broadcast: Intent { act=com.android.Bugle.intent.action.ACTION_NOTIFY_CONVERSATIONS_CHANGED flg=0x10 cmp=com.google.android.apps.messaging/.wearable.WearableReceiver } ordered=false userid=0 callerApp=ProcessRecord{5c87819 19353:com.google.android.apps.messaging/u0a58}
03-21 00:40:34.385   217   379 D AALService: enableAALEvent: 1 -> 0
03-21 00:40:34.387   718   734 V ActivityManager: Broadcast: Intent { act=com.android.Bugle.intent.action.ACTION_NOTIFY_CONVERSATIONS_CHANGED flg=0x10 cmp=com.google.android.apps.messaging/.widget.BugleWidgetProvider } ordered=false userid=0 callerApp=ProcessRecord{5c87819 19353:com.google.android.apps.messaging/u0a58}
03-21 00:40:34.390 19513 19513 V ActivityThread: Handling launch of ActivityRecord{600d2f7 token=android.os.BinderProxy@ab4564 {android/com.android.internal.app.ResolverActivity}} startsNotResumed=false
03-21 00:40:34.393 15272 18950 D SettingsInterface:  from settings cache , name = enabled_accessibility_services , value = null
03-21 00:40:34.394 15272 18950 D SettingsInterface:  from settings cache , name = font_scale , value = null
03-21 00:40:34.394 15272 18950 D SettingsInterface:  from settings cache , name = accessibility_display_magnification_enabled , value = 0
03-21 00:40:34.394 15272 18950 D SettingsInterface:  from settings cache , name = high_text_contrast_enabled , value = null
03-21 00:40:34.395 15272 18950 D SQLiteDatabase: beginTransaction()
03-21 00:40:34.401 15272 18950 D SQLiteDatabase: endTransaction()
03-21 00:40:34.402   217   379 D AALService: enableAALEvent: 0 -> 1
03-21 00:40:34.402   217   379 D AALService: Output backlight = 564/1023, CABC gain = 256
03-21 00:40:34.402   718  2139 D PowerManagerService: releaseWakeLockInternal: lock=251859332 [bugle_datamodel_executor_wakelock], flags=0x0, total_time=50ms
03-21 00:40:34.402   718  2139 D PowerManagerNotifier: onWakeLockReleased: flags=1, tag="bugle_datamodel_executor_wakelock", packageName=com.google.android.apps.messaging, ownerUid=10058, ownerPid=19353, workSource=null
03-21 00:40:34.402   718  2139 D PowerManagerService: updateWakeLockSummaryLocked: mWakefulness=Awake, mWakeLockSummary=0x1
03-21 00:40:34.402   718  2139 D PowerManagerService: updateUserActivitySummaryLocked: mWakefulness=Awake, mUserActivitySummary=0x9, nextTimeout=470125839 (in 2103 ms)
