03-21 00:40:34.402   718  2139 D DisplayPowerController: requestPowerState: policy=BRIGHT, useProximitySensor=false, screenBrightness=163, screenAutoBrightnessAdjustment=0.0, brightnessSetByUser=true, useAutoBrightness=false, blockScreenOn=false, lowPowerMode=false, boostScreenBrightness=false, dozeScreenBrightness=-1, dozeScreenState=UNKNOWN, waitForNegativeProximity=false
03-21 00:40:34.403   718  2139 I PowerManagerService: setBrightness mButtonLight, screenBrightness=163
03-21 00:40:34.403   718  2139 D PowerManagerService: updateDisplayPowerStateLocked: mDisplayReady=true, policy=3, mWakefulness=1, mWakeLockSummary=0x1, mUserActivitySummary=0x9, mBootCompleted=true, mScreenBrightnessBoostInProgress=false
03-21 00:40:34.404 19513 19513 V ActivityThread: ActivityRecord{600d2f7 token=android.os.BinderProxy@ab4564 {android/com.android.internal.app.ResolverActivity}}: app=android.app.Application@8bf8661, appName=android, pkg=android, comp={android/com.android.internal.app.ResolverActivity}, dir=/system/framework/framework-res.apk
03-21 00:40:34.407 19353 19353 D ActivityThread: BDC-Calling onReceive: intent=Intent { act=com.android.Bugle.intent.action.ACTION_NOTIFY_CONVERSATIONS_CHANGED flg=0x10 cmp=com.google.android.apps.messaging/.wearable.WearableReceiver }, receiver=com.google.android.apps.messaging.wearable.WearableReceiver@cbcdff9
03-21 00:40:34.411 19353 19353 D ActivityThread: BDC-RECEIVER handled : 0 / ReceiverData{intent=Intent { act=com.android.Bugle.intent.action.ACTION_NOTIFY_CONVERSATIONS_CHANGED flg=0x10 cmp=com.google.android.apps.messaging/.wearable.WearableReceiver } packageName=com.google.android.apps.messaging resultCode=-1 resultData=null resultExtras=null}
03-21 00:40:34.411 19417 19417 D ActivityThread: SVC-Creating service: CreateServiceData{token=android.os.BinderProxy@ca28ef7 className=com.google.android.gms.icing.service.IndexWorkerService packageName=com.google.android.gms intent=null}
03-21 00:40:34.412 19353 19353 D ActivityThread: SVC-Destroying service: com.google.android.apps.messaging.shared.datamodel.action.ActionExecutorImpl$EmptyService@20521f2
03-21 00:40:34.413 19353 19353 I BugleDataModel: ActionExecutor Empty Service destroyed
03-21 00:40:34.413 19353 19353 D ActivityThread: SVC-STOP_SERVICE handled : 0 / android.os.BinderProxy@28930fd
03-21 00:40:34.413 19417 19417 D ActivityThread: SVC-CREATE_SERVICE handled : 0 / CreateServiceData{token=android.os.BinderProxy@ca28ef7 className=com.google.android.gms.icing.service.IndexWorkerService packageName=com.google.android.gms intent=null}
03-21 00:40:34.413   718  1578 D PowerManagerService: acquireWakeLockInternal: lock=60896632, flags=0x1, tag="Icing", ws=WorkSource{10058 com.google.android.apps.messaging}, uid=10013, pid=19417
03-21 00:40:34.413 19417 19417 D ActivityThread: SVC-Calling onStartCommand: com.google.android.gms.icing.service.IndexWorkerService@2d05164, flags=0, startId=1
03-21 00:40:34.413   718  1578 D PowerManagerService: updateWakeLockSummaryLocked: mWakefulness=Awake, mWakeLockSummary=0x1
03-21 00:40:34.413   718  1578 D PowerManagerService: updateUserActivitySummaryLocked: mWakefulness=Awake, mUserActivitySummary=0x9, nextTimeout=470125839 (in 2092 ms)
03-21 00:40:34.414   718  1578 D DisplayPowerController: requestPowerState: policy=BRIGHT, useProximitySensor=false, screenBrightness=163, screenAutoBrightnessAdjustment=0.0, brightnessSetByUser=true, useAutoBrightness=false, blockScreenOn=false, lowPowerMode=false, boostScreenBrightness=false, dozeScreenBrightness=-1, dozeScreenState=UNKNOWN, waitForNegativeProximity=false
03-21 00:40:34.414   718  1578 I PowerManagerService: setBrightness mButtonLight, screenBrightness=163
03-21 00:40:34.414 19417 19417 D ActivityThread: SVC-SERVICE_ARGS handled : 0 / ServiceArgsData{token=android.os.BinderProxy@ca28ef7 startId=1 args=Intent { act=com.google.android.gms.icing.START_STICKY cmp=com.google.android.gms/.icing.service.IndexWorkerService }}
03-21 00:40:34.414   718  1578 D PowerManagerService: updateDisplayPowerStateLocked: mDisplayReady=true, policy=3, mWakefulness=1, mWakeLockSummary=0x1, mUserActivitySummary=0x9, mBootCompleted=true, mScreenBrightnessBoostInProgress=false
03-21 00:40:34.414   718  1578 D PowerManagerNotifier: onWakeLockAcquired: flags=1, tag="Icing", packageName=com.google.android.gms, ownerUid=10013, ownerPid=19417, workSource=WorkSource{10058 com.google.android.apps.messaging}
03-21 00:40:34.414   217   379 D AALService: Output backlight = 565/1023, CABC gain = 256
03-21 00:40:34.416 19417 19501 I Icing   : IndexChimeraService.getServiceInterface callingPackage=com.google.android.apps.messaging componentName=null serviceId=36
03-21 00:40:34.421 19353 19353 V Bugle   : no RCS because Contacts service isn't connected
03-21 00:40:34.423   718   734 D PowerManagerService: updateWakeLockWorkSourceInternal: lock=60896632 [Icing], ws=WorkSource{10013 com.google.android.gms, 10058 com.google.android.apps.messaging}
03-21 00:40:34.423   718   734 D PowerManagerNotifier: onWakeLockChanging: flags=1, tag="Icing", packageName=com.google.android.gms, ownerUid=10013, ownerPid=19417, workSource=WorkSource{10013 com.google.android.gms, 10058 com.google.android.apps.messaging}
03-21 00:40:34.425 19353 19353 I Bugle   : draft switching to MMS
03-21 00:40:34.426  1390  1643 D SettingsInterface:  from settings cache , name = multi_sim_sms , value = 1
03-21 00:40:34.426   718   735 D PowerManagerService: updateWakeLockWorkSourceInternal: lock=60896632 [Icing], ws=WorkSource{10013 com.google.android.gms}
03-21 00:40:34.426   718   735 D PowerManagerNotifier: onWakeLockChanging: flags=1, tag="Icing", packageName=com.google.android.gms, ownerUid=10013, ownerPid=19417, workSource=WorkSource{10013 com.google.android.gms}
03-21 00:40:34.428  1390  1576 D SettingsInterface:  from settings cache , name = multi_sim_sms , value = 1
03-21 00:40:34.428   217   379 D AALService: enableAALEvent: 1 -> 0
03-21 00:40:34.429  1390  1575 D SettingsInterface:  from settings cache , name = multi_sim_sms , value = 1
03-21 00:40:34.431  1390  1425 D SettingsInterface:  from settings cache , name = multi_sim_sms , value = 1
03-21 00:40:34.431   718  1049 D PerfServiceManager: [PerfService] MESSAGE_TIMEOUT:103 
03-21 00:40:34.431   718  1049 I libPerfService: 3: set freq: 1300000
03-21 00:40:34.431   718  1049 I libPerfService: 3: set freq max: 0
03-21 00:40:34.433  1390  1754 D SettingsInterface:  from settings cache , name = multi_sim_sms , value = 1
03-21 00:40:34.435  1390 13101 D SettingsInterface:  from settings cache , name = multi_sim_sms , value = 1
03-21 00:40:34.436 15272 15272 D ActivityThread: SVC-Calling onStartCommand: com.google.android.gms.chimera.PersistentBoundBrokerService@e92767b, flags=0, startId=1098
03-21 00:40:34.437  1390  1426 D SettingsInterface:  from settings cache , name = multi_sim_sms , value = 1
03-21 00:40:34.437 15272 15272 D ActivityThread: SVC-SERVICE_ARGS handled : 0 / ServiceArgsData{token=android.os.BinderProxy@7e64e0a startId=1098 args=Intent { cmp=com.google.android.gms/.chimera.PersistentBoundBrokerService }}
03-21 00:40:34.448 19353 19353 D ActivityThread: BDC-Calling onReceive: intent=Intent { act=com.android.Bugle.intent.action.ACTION_NOTIFY_CONVERSATIONS_CHANGED flg=0x10 cmp=com.google.android.apps.messaging/.widget.BugleWidgetProvider }, receiver=com.google.android.apps.messaging.widget.BugleWidgetProvider@9a1bd9f
03-21 00:40:34.449 19353 19353 D ActivityThread: BDC-RECEIVER handled : 0 / ReceiverData{intent=Intent { act=com.android.Bugle.intent.action.ACTION_NOTIFY_CONVERSATIONS_CHANGED flg=0x10 cmp=com.google.android.apps.messaging/.widget.BugleWidgetProvider } packageName=com.google.android.apps.messaging resultCode=-1 resultData=null resultExtras=null}
03-21 00:40:34.450   718  1372 D PackageManager: Home
03-21 00:40:34.452   718  1513 D PowerManagerService: updateWakeLockWorkSourceInternal: lock=60896632 [Icing], ws=WorkSource{10013 com.google.android.gms, 10058 com.google.android.apps.messaging}
03-21 00:40:34.452   718  1513 D PowerManagerNotifier: onWakeLockChanging: flags=1, tag="Icing", packageName=com.google.android.gms, ownerUid=10013, ownerPid=19417, workSource=WorkSource{10013 com.google.android.gms, 10058 com.google.android.apps.messaging}
03-21 00:40:34.456 19513 19513 D MPlugin : createInstance(): Begin = 470123789
03-21 00:40:34.456 19513 19513 D MPlugin : create Instance (two parameters) with : com.mediatek.common.media.IRCSePriorityExt
03-21 00:40:34.456 19513 19513 D MPlugin : Clazz exists on mapping table : true
03-21 00:40:34.456 19513 19513 D MPlugin : create Instance from : com.mediatek.op.media.DefaultRCSePriority
03-21 00:40:34.457 19513 19513 D MPluginGuard: SystemProperties is 1
03-21 00:40:34.457 19513 19513 D MPluginGuard: /system/plugin/FwkPlugin/FwkPlugin.apk(com.mediatek.fwk.plugin) exists in the sApkCache with status : Success
03-21 00:40:34.457 19513 19513 D MPluginGuard: (FwkPlugin.apk) had been checked --> Success
03-21 00:40:34.457 19513 19513 V MPlugin : Get cached path class loader (/system/plugin/FwkPlugin/FwkPlugin.apk)
03-21 00:40:34.457 19513 19513 D MPlugin : Init PathClassLoader successfully : dalvik.system.PathClassLoader[DexPathList[[zip file "/system/plugin/FwkPlugin/FwkPlugin.apk"],nativeLibraryDirectories=[/vendor/lib, /system/lib]]]
03-21 00:40:34.457 19513 19513 D MPlugin : Load class : com.mediatek.op.media.DefaultRCSePriority successfully
03-21 00:40:34.457 19513 19513 D MPlugin : Create PackageContext successfully : android.app.ContextImpl@8e5a793
03-21 00:40:34.463   718  1383 D PowerManagerService: updateWakeLockWorkSourceInternal: lock=60896632 [Icing], ws=WorkSource{10013 com.google.android.gms}
03-21 00:40:34.463   718  1383 D PowerManagerNotifier: onWakeLockChanging: flags=1, tag="Icing", packageName=com.google.android.gms, ownerUid=10013, ownerPid=19417, workSource=WorkSource{10013 com.google.android.gms}
03-21 00:40:34.463 19513 19513 D MPlugin : Create constructor with context successfully : public com.mediatek.op.media.DefaultRCSePriority(android.content.Context)
03-21 00:40:34.463 19513 19513 I DefaultRCSePriority:  Constructor called with argument context
03-21 00:40:34.463 19513 19513 D MPlugin : createInstance(): End = 470123797
03-21 00:40:34.464 19513 19513 D ResolverActivity: RCSe Plugin initiated com.mediatek.op.media.DefaultRCSePriority@18953d0
03-21 00:40:34.464 19513 19513 D ResolverActivity: mRCSePriorityExt to sort the list
03-21 00:40:34.464 19513 19513 I DefaultRCSePriority: sortTheListForRCSe.
03-21 00:40:34.492 19353 19507 D SQLiteDatabase: beginTransaction()
03-21 00:40:34.493 19353 19507 D SQLiteDatabase: endTransaction()
03-21 00:40:34.497 19417 19502 I Icing   : Usage reports ok 2, Failed Usage reports 0, indexed 0, rejected 0, imm upload false
03-21 00:40:34.500 19513 19513 E MultiWindowProxy: getServiceInstance failed!
03-21 00:40:34.506   718  1383 D PowerManagerService: releaseWakeLockInternal: lock=60896632 [Icing], flags=0x0, total_time=92ms
03-21 00:40:34.506   718  1383 D PowerManagerNotifier: onWakeLockReleased: flags=1, tag="Icing", packageName=com.google.android.gms, ownerUid=10013, ownerPid=19417, workSource=WorkSource{10013 com.google.android.gms}
03-21 00:40:34.506   718  1383 D PowerManagerService: updateWakeLockSummaryLocked: mWakefulness=Awake, mWakeLockSummary=0x1
03-21 00:40:34.506   718  1383 D PowerManagerService: updateUserActivitySummaryLocked: mWakefulness=Awake, mUserActivitySummary=0x9, nextTimeout=470125839 (in 1999 ms)
03-21 00:40:34.506   718  1383 D DisplayPowerController: requestPowerState: policy=BRIGHT, useProximitySensor=false, screenBrightness=163, screenAutoBrightnessAdjustment=0.0, brightnessSetByUser=true, useAutoBrightness=false, blockScreenOn=false, lowPowerMode=false, boostScreenBrightness=false, dozeScreenBrightness=-1, dozeScreenState=UNKNOWN, waitForNegativeProximity=false
03-21 00:40:34.506   718  1383 I PowerManagerService: setBrightness mButtonLight, screenBrightness=163
03-21 00:40:34.507   718  1383 D PowerManagerService: updateDisplayPowerStateLocked: mDisplayReady=true, policy=3, mWakefulness=1, mWakeLockSummary=0x1, mUserActivitySummary=0x9, mBootCompleted=true, mScreenBrightnessBoostInProgress=false
03-21 00:40:34.509 19417 19417 D ActivityThread: SVC-Destroying service: com.google.android.gms.icing.service.IndexWorkerService@2d05164
03-21 00:40:34.509 19417 19417 D ActivityThread: SVC-STOP_SERVICE handled : 0 / android.os.BinderProxy@ca28ef7
03-21 00:40:34.548 19513 19528 V ResolverActivity: LoadIconTask doInBackground Enter:
03-21 00:40:34.549 19513 19513 V ActivityThread: Performing resume of ActivityRecord{600d2f7 token=android.os.BinderProxy@ab4564 {android/com.android.internal.app.ResolverActivity}}
03-21 00:40:34.549 19513 19513 D ActivityThread: ACT-AM_ON_RESUME_CALLED ActivityRecord{600d2f7 token=android.os.BinderProxy@ab4564 {android/com.android.internal.app.ResolverActivity}}
03-21 00:40:34.549 19513 19513 V ActivityThread: Resume ActivityRecord{600d2f7 token=android.os.BinderProxy@ab4564 {android/com.android.internal.app.ResolverActivity}} started activity: false, hideForNow: false, finished: false
03-21 00:40:34.549 19513 19513 V PhoneWindow: DecorView setVisiblity: visibility = 4 ,Parent =null, this =com.android.internal.policy.PhoneWindow$DecorView{1e23fc9 I.E...... R.....I. 0,0-0,0}
03-21 00:40:34.551 19513 19513 D WindowClient: Add to mViews: com.android.internal.policy.PhoneWindow$DecorView{1e23fc9 I.E...... R.....I. 0,0-0,0}, this = android.view.WindowManagerGlobal@86d6440
03-21 00:40:34.552 19513 19513 D ViewRootImpl: disable hardware acceleration by APP!!!, this = ViewRoot{44afa30 android/com.android.internal.app.ResolverActivity,ident = 1}
03-21 00:40:34.555   718  2140 D WindowManager: addWindowToListInOrderLocked: win=Window{4be868f u0 android/com.android.internal.app.ResolverActivity} Callers=com.android.server.wm.WindowManagerService.addWindow:2772 com.android.server.wm.Session.addToDisplay:171 android.view.IWindowSession$Stub.onTransact:124 com.android.server.wm.Session.onTransact:133 
03-21 00:40:34.556 19513 19513 V ActivityThread: Resuming ActivityRecord{600d2f7 token=android.os.BinderProxy@ab4564 {android/com.android.internal.app.ResolverActivity}} with isForward=true
03-21 00:40:34.556 19513 19513 V PhoneWindow: DecorView setVisiblity: visibility = 0 ,Parent =ViewRoot{44afa30 android/com.android.internal.app.ResolverActivity,ident = 1}, this =com.android.internal.policy.PhoneWindow$DecorView{1e23fc9 V.E...... R.....I. 0,0-0,0}
03-21 00:40:34.557 19513 19513 V ActivityThread: Scheduling idle handler for ActivityRecord{600d2f7 token=android.os.BinderProxy@ab4564 {android/com.android.internal.app.ResolverActivity}}
03-21 00:40:34.558 19513 19513 D ActivityThread: ACT-LAUNCH_ACTIVITY handled : 0 / ActivityRecord{600d2f7 token=android.os.BinderProxy@ab4564 {android/com.android.internal.app.ResolverActivity}}
03-21 00:40:34.563   193  1031 I BufferQueueProducer: [com.google.android.apps.messaging/com.google.android.apps.messaging.ui.conversation.ConversationActivity](this:0xb8f59690,id:4070,api:1,p:19353,c:193) new GraphicBuffer needed
03-21 00:40:34.563   193  1031 I [MALI][Gralloc]: usage: 0xf02, format: 1 stride: 480 vertical_stride: 800 size: 1536000
03-21 00:40:34.564   193  1031 D GraphicBuffer: alloc, handle(0xb8f3d7d0) (w:480 h:800 s:480 f:0x1 u:0x000f02) err(0)
03-21 00:40:34.566 19353 19447 D GraphicBuffer: register, handle(0xb91f8ad0) (w:480 h:800 s:480 f:0x1 u:0x000f02)
03-21 00:40:34.573 19513 19513 V ResolverActivity: onBindView Opera Mini
03-21 00:40:34.575   217   379 D AALService: enableAALEvent: 0 -> 1
03-21 00:40:34.575   217   379 D AALService: Output backlight = 566/1023, CABC gain = 256
03-21 00:40:34.576   193   193 I BufferQueue: [unnamed-193-4072](this:0xb8ee0a60,id:4072,api:0,p:-1,c:-1) BufferQueue core=(193:/system/bin/surfaceflinger)
03-21 00:40:34.577   193   193 D BufferQueueDump: [unnamed-193-4072] this:0xb8ef9390, value:0xbecb5650, iLen:6
03-21 00:40:34.577   193   193 I BufferQueueConsumer: [unnamed-193-4072](this:0xb8ee0a60,id:4072,api:0,p:-1,c:193) connect(C): consumer=(193:/system/bin/surfaceflinger) controlledByApp=false
03-21 00:40:34.577   193   193 D BufferQueueDump: [unnamed-193-4072] this:0xb8ef9390, value:0xbecb5670, iLen:6
03-21 00:40:34.577   193   193 I BufferQueueConsumer: [unnamed-193-4072](this:0xb8ee0a60,id:4072,api:0,p:-1,c:193) setConsumerName: unnamed-193-4072
03-21 00:40:34.577   193   193 D BufferQueueDump: [android/com.android.internal.app.ResolverActivity] this:0xb8ef9390, value:0xbecb56c8, iLen:6
03-21 00:40:34.577   193   193 I BufferQueueConsumer: [android/com.android.internal.app.ResolverActivity](this:0xb8ee0a60,id:4072,api:0,p:-1,c:193) setConsumerName: android/com.android.internal.app.ResolverActivity
03-21 00:40:34.577   193   193 I BufferQueueConsumer: [android/com.android.internal.app.ResolverActivity](this:0xb8ee0a60,id:4072,api:0,p:-1,c:193) setDefaultBufferSize: width=1 height=1
03-21 00:40:34.578   718  2141 V WindowManager: Looking for focus: 8 = Window{289a461 u0 StatusBar}, flags=-2122055608, canReceive=false
03-21 00:40:34.579   718  2141 V WindowManager: findFocusedWindow: Found new focus @ 5 = Window{4be868f u0 android/com.android.internal.app.ResolverActivity}
03-21 00:40:34.579   718  2141 V WindowManager: Changing focus from null to Window{4be868f u0 android/com.android.internal.app.ResolverActivity} Callers=com.android.server.wm.WindowManagerService.relayoutWindow:3589 com.android.server.wm.Session.relayout:201 android.view.IWindowSession$Stub.onTransact:284 com.android.server.wm.Session.onTransact:133 
03-21 00:40:34.580   718  2141 D WindowManager: Input focus has changed to Window{4be868f u0 android/com.android.internal.app.ResolverActivity}
03-21 00:40:34.581  1072  1072 D PhoneStatusBar: hiding the MENU button
03-21 00:40:34.584 19513 19528 V ResolverActivity: loadIconForResolveInfo ResolveInfo{627df48 com.tembac.extensionsTest/.MainActivity m=0x508000}
03-21 00:40:34.584 19513 19528 V ResolverActivity: LoadIconTask doInBackground Leave: android.graphics.drawable.BitmapDrawable@eb231e1
03-21 00:40:34.584 19513 19528 V ResolverActivity: LoadIconTask doInBackground Enter:
03-21 00:40:34.587   217   379 D AALService: Output backlight = 567/1023, CABC gain = 256
03-21 00:40:34.588   193   193 I BufferQueueConsumer: [android/com.android.internal.app.ResolverActivity](this:0xb8ee0a60,id:4072,api:0,p:-1,c:193) setDefaultBufferSize: width=480 height=764
03-21 00:40:34.593 19417 19417 D ActivityThread: SVC-Creating service: CreateServiceData{token=android.os.BinderProxy@ee08939 className=com.google.android.gms.icing.service.IndexWorkerService packageName=com.google.android.gms intent=null}
03-21 00:40:34.593 19513 19528 V ResolverActivity: loadIconForResolveInfo ResolveInfo{27fa7f4 com.opera.mini.native/com.opera.mini.android.Browser m=0x208000}
03-21 00:40:34.593 19513 19528 V ResolverActivity: LoadIconTask doInBackground Leave: android.graphics.drawable.BitmapDrawable@3f0b1d
03-21 00:40:34.594 19417 19417 D ActivityThread: SVC-CREATE_SERVICE handled : 0 / CreateServiceData{token=android.os.BinderProxy@ee08939 className=com.google.android.gms.icing.service.IndexWorkerService packageName=com.google.android.gms intent=null}
03-21 00:40:34.595 19417 19417 D ActivityThread: SVC-Calling onStartCommand: com.google.android.gms.icing.service.IndexWorkerService@a7ffb7e, flags=0, startId=1
03-21 00:40:34.595   718  2140 D PowerManagerService: acquireWakeLockInternal: lock=60896632, flags=0x1, tag="Icing", ws=WorkSource{10058 com.google.android.apps.messaging}, uid=10013, pid=19417
03-21 00:40:34.595   718  2140 D PowerManagerService: updateWakeLockSummaryLocked: mWakefulness=Awake, mWakeLockSummary=0x1
03-21 00:40:34.595 19417 19417 D ActivityThread: SVC-SERVICE_ARGS handled : 0 / ServiceArgsData{token=android.os.BinderProxy@ee08939 startId=1 args=Intent { act=com.google.android.gms.icing.START_STICKY cmp=com.google.android.gms/.icing.service.IndexWorkerService }}
03-21 00:40:34.595   718  2140 D PowerManagerService: updateUserActivitySummaryLocked: mWakefulness=Awake, mUserActivitySummary=0x9, nextTimeout=470125839 (in 1910 ms)
03-21 00:40:34.595   718  2140 D DisplayPowerController: requestPowerState: policy=BRIGHT, useProximitySensor=false, screenBrightness=163, screenAutoBrightnessAdjustment=0.0, brightnessSetByUser=true, useAutoBrightness=false, blockScreenOn=false, lowPowerMode=false, boostScreenBrightness=false, dozeScreenBrightness=-1, dozeScreenState=UNKNOWN, waitForNegativeProximity=false
03-21 00:40:34.595   718  2140 I PowerManagerService: setBrightness mButtonLight, screenBrightness=163
03-21 00:40:34.595   718  2140 D PowerManagerService: updateDisplayPowerStateLocked: mDisplayReady=true, policy=3, mWakefulness=1, mWakeLockSummary=0x1, mUserActivitySummary=0x9, mBootCompleted=true, mScreenBrightnessBoostInProgress=false
03-21 00:40:34.595   718  2140 D PowerManagerNotifier: onWakeLockAcquired: flags=1, tag="Icing", packageName=com.google.android.gms, ownerUid=10013, ownerPid=19417, workSource=WorkSource{10058 com.google.android.apps.messaging}
03-21 00:40:34.597   718   769 I WindowManager: Focus moving from null to Window{4be868f u0 android/com.android.internal.app.ResolverActivity}
03-21 00:40:34.597   718   769 I WindowManager: Gaining focus: Window{4be868f u0 android/com.android.internal.app.ResolverActivity}
03-21 00:40:34.598 19417 19501 I Icing   : IndexChimeraService.getServiceInterface callingPackage=com.google.android.apps.messaging componentName=null serviceId=36
03-21 00:40:34.600 19513 19513 V ResolverActivity: onBindView Opera Mini
03-21 00:40:34.601 19513 19530 V ResolverActivity: LoadIconTask doInBackground Enter:
03-21 00:40:34.601   217   379 D AALService: enableAALEvent: 1 -> 0
03-21 00:40:34.604 19513 19513 V ResolverActivity: onBindView Opera Mini
03-21 00:40:34.607 19513 19530 V ResolverActivity: loadIconForResolveInfo ResolveInfo{27fa7f4 com.opera.mini.native/com.opera.mini.android.Browser m=0x208000}
03-21 00:40:34.607 19513 19530 V ResolverActivity: LoadIconTask doInBackground Leave: android.graphics.drawable.BitmapDrawable@5a8c192
03-21 00:40:34.608 19513 19530 V ResolverActivity: LoadIconTask doInBackground Enter:
03-21 00:40:34.611   718   734 D PowerManagerService: updateWakeLockWorkSourceInternal: lock=60896632 [Icing], ws=WorkSource{10013 com.google.android.gms, 10058 com.google.android.apps.messaging}
03-21 00:40:34.611   718   734 D PowerManagerNotifier: onWakeLockChanging: flags=1, tag="Icing", packageName=com.google.android.gms, ownerUid=10013, ownerPid=19417, workSource=WorkSource{10013 com.google.android.gms, 10058 com.google.android.apps.messaging}
03-21 00:40:34.611 19513 19530 V ResolverActivity: loadIconForResolveInfo ResolveInfo{27fa7f4 com.opera.mini.native/com.opera.mini.android.Browser m=0x208000}
03-21 00:40:34.611 19513 19530 V ResolverActivity: LoadIconTask doInBackground Leave: android.graphics.drawable.BitmapDrawable@c84018c
03-21 00:40:34.611 19513 19513 V ResolverActivity: onBindView Opera Mini
03-21 00:40:34.612 19513 19530 V ResolverActivity: LoadIconTask doInBackground Enter:
03-21 00:40:34.614 19513 19530 V ResolverActivity: loadIconForResolveInfo ResolveInfo{27fa7f4 com.opera.mini.native/com.opera.mini.android.Browser m=0x208000}
03-21 00:40:34.614 19513 19530 V ResolverActivity: LoadIconTask doInBackground Leave: android.graphics.drawable.BitmapDrawable@af580d5
03-21 00:40:34.614 19513 19513 D Surface : Surface::connect(this=0xb9063128,api=2)
03-21 00:40:34.615   193   360 I BufferQueueProducer: [android/com.android.internal.app.ResolverActivity](this:0xb8ee0a60,id:4072,api:2,p:19513,c:193) connect(P): api=2 producer=(19513:system:ui) producerControlledByApp=true
03-21 00:40:34.615   217   379 D AALService: enableAALEvent: 0 -> 1
03-21 00:40:34.616   217   379 D AALService: Output backlight = 568/1023, CABC gain = 256
03-21 00:40:34.616   193  1031 I BufferQueueProducer: [android/com.android.internal.app.ResolverActivity](this:0xb8ee0a60,id:4072,api:2,p:19513,c:193) new GraphicBuffer needed
03-21 00:40:34.616   193  1031 I [MALI][Gralloc]: usage: 0x933, format: 1 stride: 480 vertical_stride: 764 size: 1466880
03-21 00:40:34.621   193  1031 D GraphicBuffer: alloc, handle(0xb8ef2548) (w:480 h:764 s:480 f:0x1 u:0x000933) err(0)
03-21 00:40:34.627   718  1578 D PowerManagerService: updateWakeLockWorkSourceInternal: lock=60896632 [Icing], ws=WorkSource{10013 com.google.android.gms}
03-21 00:40:34.627   718  1578 D PowerManagerNotifier: onWakeLockChanging: flags=1, tag="Icing", packageName=com.google.android.gms, ownerUid=10013, ownerPid=19417, workSource=WorkSource{10013 com.google.android.gms}
03-21 00:40:34.630   217   379 D AALService: enableAALEvent: 1 -> 0
03-21 00:40:34.630   718  1441 D PowerManagerService: updateWakeLockWorkSourceInternal: lock=60896632 [Icing], ws=WorkSource{10013 com.google.android.gms, 10058 com.google.android.apps.messaging}
03-21 00:40:34.630   718  1441 D PowerManagerNotifier: onWakeLockChanging: flags=1, tag="Icing", packageName=com.google.android.gms, ownerUid=10013, ownerPid=19417, workSource=WorkSource{10013 com.google.android.gms, 10058 com.google.android.apps.messaging}
03-21 00:40:34.638 19513 19513 D GraphicBuffer: register, handle(0xb9072f58) (w:480 h:764 s:480 f:0x1 u:0x000933)
03-21 00:40:34.639 15272 15272 D ActivityThread: SVC-Calling onStartCommand: com.google.android.gms.chimera.PersistentBoundBrokerService@e92767b, flags=0, startId=1099
03-21 00:40:34.639 15272 15272 D ActivityThread: SVC-SERVICE_ARGS handled : 0 / ServiceArgsData{token=android.os.BinderProxy@7e64e0a startId=1099 args=Intent { cmp=com.google.android.gms/.chimera.PersistentBoundBrokerService }}
03-21 00:40:34.644   217   379 D AALService: enableAALEvent: 0 -> 1
03-21 00:40:34.645   217   379 D AALService: Output backlight = 569/1023, CABC gain = 256
03-21 00:40:34.647 19353 19507 D SQLiteDatabase: beginTransaction()
03-21 00:40:34.648   718  1127 D PowerManagerService: updateWakeLockWorkSourceInternal: lock=60896632 [Icing], ws=WorkSource{10013 com.google.android.gms}
03-21 00:40:34.649   718  1127 D PowerManagerNotifier: onWakeLockChanging: flags=1, tag="Icing", packageName=com.google.android.gms, ownerUid=10013, ownerPid=19417, workSource=WorkSource{10013 com.google.android.gms}
03-21 00:40:34.651 19353 19507 D SQLiteDatabase: endTransaction()
03-21 00:40:34.659   217   379 D AALService: Output backlight = 570/1023, CABC gain = 256
03-21 00:40:34.668   718   769 V WindowManager: Looking for focus: 8 = Window{289a461 u0 StatusBar}, flags=-2122055608, canReceive=false
03-21 00:40:34.668   718   769 V WindowManager: findFocusedWindow: Found new focus @ 5 = Window{4be868f u0 android/com.android.internal.app.ResolverActivity}
03-21 00:40:34.669   718   769 D WindowManager: notifyActivityDrawnForKeyguard: waiting=false Callers=com.android.server.wm.WindowManagerService.handleAppTransitionReadyLocked:10092 com.android.server.wm.WindowManagerService.performLayoutAndPlaceSurfacesLockedInner:10712 com.android.server.wm.WindowManagerService.performLayoutAndPlaceSurfacesLockedLoop:9456 com.android.server.wm.WindowManagerService.performLayoutAndPlaceSurfacesLocked:9403 com.android.server.wm.WindowManagerService.-wrap8:-1 
03-21 00:40:34.673   217   379 D AALService: enableAALEvent: 1 -> 0
03-21 00:40:34.674   718   769 I ActivityManager: [AppLaunch] Displayed Displayed android/com.android.internal.app.ResolverActivity: +318ms
03-21 00:40:34.674   718   769 D ActivityManager: AP_PROF:AppLaunch_LaunchTime:android/com.android.internal.app.ResolverActivity:318:470124007
03-21 00:40:34.680 19513 19513 V InputMethodManager: onWindowFocus: android.widget.ListView{7318d7 VFED.VCL. .F....ID 0,596-480,764 #1020316 android:id/resolver_list} softInputMode=272 first=true flags=#800002
03-21 00:40:34.680 19513 19513 V InputMethodManager: START INPUT: android.widget.ListView{7318d7 VFED.VCL. .F....ID 0,596-480,764 #1020316 android:id/resolver_list} ic=null tba=android.view.inputmethod.EditorInfo@186f0ea controlFlags=#105
03-21 00:40:34.681   718   734 V InputMethodManagerService: windowGainedFocus: android.os.BinderProxy@2efff18 controlFlags=#105 softInputMode=#110 windowFlags=#800002
03-21 00:40:34.685 19513 19513 V ResolverActivity: onBindView Opera Mini
03-21 00:40:34.686 19513 19513 V ResolverActivity: onBindView Opera Mini
03-21 00:40:34.687   193  4223 I BufferQueueProducer: [android/com.android.internal.app.ResolverActivity](this:0xb8ee0a60,id:4072,api:2,p:19513,c:193) new GraphicBuffer needed
03-21 00:40:34.687   217   379 D AALService: enableAALEvent: 0 -> 1
03-21 00:40:34.687   193  4223 I [MALI][Gralloc]: usage: 0x933, format: 1 stride: 480 vertical_stride: 764 size: 1466880
03-21 00:40:34.688   217   379 D AALService: Output backlight = 571/1023, CABC gain = 256
03-21 00:40:34.691   193  4223 D GraphicBuffer: alloc, handle(0xb8f418a0) (w:480 h:764 s:480 f:0x1 u:0x000933) err(0)
03-21 00:40:34.692   193   193 I BufferQueueProducer: [FrameBufferSurface_0](this:0xb8ed3dc0,id:0,api:1,p:193,c:193) queueBuffer: fps=11.97 dur=1670.81 max=1397.68 min=12.82
03-21 00:40:34.693 19513 19513 D GraphicBuffer: register, handle(0xb9073dd0) (w:480 h:764 s:480 f:0x1 u:0x000933)
03-21 00:40:34.696 19417 19502 I Icing   : Usage reports ok 0, Failed Usage reports 0, indexed 0, rejected 0, imm upload false
03-21 00:40:34.702   217   379 D AALService: Output backlight = 572/1023, CABC gain = 256
03-21 00:40:34.703   718  1379 D PowerManagerService: releaseWakeLockInternal: lock=60896632 [Icing], flags=0x0, total_time=108ms
03-21 00:40:34.703   718  1379 D PowerManagerNotifier: onWakeLockReleased: flags=1, tag="Icing", packageName=com.google.android.gms, ownerUid=10013, ownerPid=19417, workSource=WorkSource{10013 com.google.android.gms}
03-21 00:40:34.703   718  1379 D PowerManagerService: updateWakeLockSummaryLocked: mWakefulness=Awake, mWakeLockSummary=0x1
03-21 00:40:34.703   718  1379 D PowerManagerService: updateUserActivitySummaryLocked: mWakefulness=Awake, mUserActivitySummary=0x9, nextTimeout=470125839 (in 1802 ms)
03-21 00:40:34.703   718  1379 D DisplayPowerController: requestPowerState: policy=BRIGHT, useProximitySensor=false, screenBrightness=163, screenAutoBrightnessAdjustment=0.0, brightnessSetByUser=true, useAutoBrightness=false, blockScreenOn=false, lowPowerMode=false, boostScreenBrightness=false, dozeScreenBrightness=-1, dozeScreenState=UNKNOWN, waitForNegativeProximity=false
03-21 00:40:34.704   718  1379 I PowerManagerService: setBrightness mButtonLight, screenBrightness=163
03-21 00:40:34.704   718  1379 D PowerManagerService: updateDisplayPowerStateLocked: mDisplayReady=true, policy=3, mWakefulness=1, mWakeLockSummary=0x1, mUserActivitySummary=0x9, mBootCompleted=true, mScreenBrightnessBoostInProgress=false
03-21 00:40:34.705   718  2140 D PowerManagerService: releaseWakeLockInternal: lock=62844727 [*launch*], flags=0x0, total_time=366ms
03-21 00:40:34.705   718  2140 D PowerManagerNotifier: onWakeLockReleased: flags=1, tag="*launch*", packageName=android, ownerUid=1000, ownerPid=718, workSource=WorkSource{1000}
03-21 00:40:34.706   718  2140 D PowerManagerService: updateWakeLockSummaryLocked: mWakefulness=Awake, mWakeLockSummary=0x0
03-21 00:40:34.706   718  2140 D PowerManagerService: updateUserActivitySummaryLocked: mWakefulness=Awake, mUserActivitySummary=0x9, nextTimeout=470125839 (in 1800 ms)
03-21 00:40:34.706   718  2140 D DisplayPowerController: requestPowerState: policy=BRIGHT, useProximitySensor=false, screenBrightness=163, screenAutoBrightnessAdjustment=0.0, brightnessSetByUser=true, useAutoBrightness=false, blockScreenOn=false, lowPowerMode=false, boostScreenBrightness=false, dozeScreenBrightness=-1, dozeScreenState=UNKNOWN, waitForNegativeProximity=false
03-21 00:40:34.706   718  2140 I PowerManagerService: setBrightness mButtonLight, screenBrightness=163
03-21 00:40:34.706   718  2140 D PowerManagerService: updateDisplayPowerStateLocked: mDisplayReady=true, policy=3, mWakefulness=1, mWakeLockSummary=0x0, mUserActivitySummary=0x9, mBootCompleted=true, mScreenBrightnessBoostInProgress=false
03-21 00:40:34.706   718  2140 D PowerManagerService: Releasing suspend blocker "PowerManagerService.WakeLocks".
03-21 00:40:34.709 19417 19417 D ActivityThread: SVC-Destroying service: com.google.android.gms.icing.service.IndexWorkerService@a7ffb7e
03-21 00:40:34.710 19417 19417 D ActivityThread: SVC-STOP_SERVICE handled : 0 / android.os.BinderProxy@ee08939
03-21 00:40:34.714 19417 19417 D ActivityThread: SVC-Creating service: CreateServiceData{token=android.os.BinderProxy@194d1eb className=com.google.android.gms.icing.service.IndexWorkerService packageName=com.google.android.gms intent=null}
03-21 00:40:34.715   718 22892 D PowerManagerService: acquireWakeLockInternal: lock=60896632, flags=0x1, tag="Icing", ws=WorkSource{10058 com.google.android.apps.messaging}, uid=10013, pid=19417
03-21 00:40:34.716   718 22892 D PowerManagerService: updateWakeLockSummaryLocked: mWakefulness=Awake, mWakeLockSummary=0x1
03-21 00:40:34.716   718 22892 D PowerManagerService: updateUserActivitySummaryLocked: mWakefulness=Awake, mUserActivitySummary=0x9, nextTimeout=470125839 (in 1790 ms)
03-21 00:40:34.716   718 22892 D DisplayPowerController: requestPowerState: policy=BRIGHT, useProximitySensor=false, screenBrightness=163, screenAutoBrightnessAdjustment=0.0, brightnessSetByUser=true, useAutoBrightness=false, blockScreenOn=false, lowPowerMode=false, boostScreenBrightness=false, dozeScreenBrightness=-1, dozeScreenState=UNKNOWN, waitForNegativeProximity=false
03-21 00:40:34.716   217   379 D AALService: enableAALEvent: 1 -> 0
03-21 00:40:34.716   718 22892 I PowerManagerService: setBrightness mButtonLight, screenBrightness=163
03-21 00:40:34.716 19417 19417 D ActivityThread: SVC-CREATE_SERVICE handled : 0 / CreateServiceData{token=android.os.BinderProxy@194d1eb className=com.google.android.gms.icing.service.IndexWorkerService packageName=com.google.android.gms intent=null}
03-21 00:40:34.716   718 22892 D PowerManagerService: updateDisplayPowerStateLocked: mDisplayReady=true, policy=3, mWakefulness=1, mWakeLockSummary=0x1, mUserActivitySummary=0x9, mBootCompleted=true, mScreenBrightnessBoostInProgress=false
03-21 00:40:34.716   718 22892 D PowerManagerService: Acquiring suspend blocker "PowerManagerService.WakeLocks".
03-21 00:40:34.717 19417 19417 D ActivityThread: SVC-Calling onStartCommand: com.google.android.gms.icing.service.IndexWorkerService@b152b48, flags=0, startId=1
03-21 00:40:34.717   718 22892 D PowerManagerNotifier: onWakeLockAcquired: flags=1, tag="Icing", packageName=com.google.android.gms, ownerUid=10013, ownerPid=19417, workSource=WorkSource{10058 com.google.android.apps.messaging}
03-21 00:40:34.717 19417 19417 D ActivityThread: SVC-SERVICE_ARGS handled : 0 / ServiceArgsData{token=android.os.BinderProxy@194d1eb startId=1 args=Intent { act=com.google.android.gms.icing.START_STICKY cmp=com.google.android.gms/.icing.service.IndexWorkerService }}
03-21 00:40:34.720 19417 19501 I Icing   : IndexChimeraService.getServiceInterface callingPackage=com.google.android.apps.messaging componentName=null serviceId=36
03-21 00:40:34.726   718  1383 D PowerManagerService: updateWakeLockWorkSourceInternal: lock=60896632 [Icing], ws=WorkSource{10013 com.google.android.gms, 10058 com.google.android.apps.messaging}
03-21 00:40:34.726   718  1383 D PowerManagerNotifier: onWakeLockChanging: flags=1, tag="Icing", packageName=com.google.android.gms, ownerUid=10013, ownerPid=19417, workSource=WorkSource{10013 com.google.android.gms, 10058 com.google.android.apps.messaging}
03-21 00:40:34.731   217   379 D AALService: enableAALEvent: 0 -> 1
03-21 00:40:34.731   217   379 D AALService: Output backlight = 573/1023, CABC gain = 256
03-21 00:40:34.735   718  1372 D PowerManagerService: updateWakeLockWorkSourceInternal: lock=60896632 [Icing], ws=WorkSource{10013 com.google.android.gms}
03-21 00:40:34.735   718  1372 D PowerManagerNotifier: onWakeLockChanging: flags=1, tag="Icing", packageName=com.google.android.gms, ownerUid=10013, ownerPid=19417, workSource=WorkSource{10013 com.google.android.gms}
03-21 00:40:34.735 19353 19507 D SQLiteDatabase: beginTransaction()
03-21 00:40:34.737 19353 19507 D SQLiteDatabase: endTransaction()
03-21 00:40:34.741 15272 15272 D ActivityThread: SVC-Calling onStartCommand: com.google.android.gms.chimera.PersistentBoundBrokerService@e92767b, flags=0, startId=1100
03-21 00:40:34.741 15272 15272 D ActivityThread: SVC-SERVICE_ARGS handled : 0 / ServiceArgsData{token=android.os.BinderProxy@7e64e0a startId=1100 args=Intent { cmp=com.google.android.gms/.chimera.PersistentBoundBrokerService }}
03-21 00:40:34.745   217   379 D AALService: Output backlight = 572/1023, CABC gain = 256
03-21 00:40:34.758 19417 19500 I Icing   : Usage reports ok 0, Failed Usage reports 0, indexed 0, rejected 0, imm upload false
03-21 00:40:34.759   217   379 D AALService: enableAALEvent: 1 -> 0
03-21 00:40:34.765   718   735 D PowerManagerService: releaseWakeLockInternal: lock=60896632 [Icing], flags=0x0, total_time=49ms
03-21 00:40:34.765   718   735 D PowerManagerNotifier: onWakeLockReleased: flags=1, tag="Icing", packageName=com.google.android.gms, ownerUid=10013, ownerPid=19417, workSource=WorkSource{10013 com.google.android.gms}
03-21 00:40:34.765   718   735 D PowerManagerService: updateWakeLockSummaryLocked: mWakefulness=Awake, mWakeLockSummary=0x0
03-21 00:40:34.765   718   735 D PowerManagerService: updateUserActivitySummaryLocked: mWakefulness=Awake, mUserActivitySummary=0x9, nextTimeout=470125839 (in 1740 ms)
03-21 00:40:34.766   718   735 D DisplayPowerController: requestPowerState: policy=BRIGHT, useProximitySensor=false, screenBrightness=163, screenAutoBrightnessAdjustment=0.0, brightnessSetByUser=true, useAutoBrightness=false, blockScreenOn=false, lowPowerMode=false, boostScreenBrightness=false, dozeScreenBrightness=-1, dozeScreenState=UNKNOWN, waitForNegativeProximity=false
03-21 00:40:34.766   718   735 I PowerManagerService: setBrightness mButtonLight, screenBrightness=163
03-21 00:40:34.766   718   735 D PowerManagerService: updateDisplayPowerStateLocked: mDisplayReady=true, policy=3, mWakefulness=1, mWakeLockSummary=0x0, mUserActivitySummary=0x9, mBootCompleted=true, mScreenBrightnessBoostInProgress=false
03-21 00:40:34.766   718   735 D PowerManagerService: Releasing suspend blocker "PowerManagerService.WakeLocks".
03-21 00:40:34.769 19417 19417 D ActivityThread: SVC-Destroying service: com.google.android.gms.icing.service.IndexWorkerService@b152b48
03-21 00:40:34.769 19417 19417 D ActivityThread: SVC-STOP_SERVICE handled : 0 / android.os.BinderProxy@194d1eb
03-21 00:40:34.772 19417 19417 D ActivityThread: SVC-Creating service: CreateServiceData{token=android.os.BinderProxy@9c8118d className=com.google.android.gms.icing.service.IndexWorkerService packageName=com.google.android.gms intent=null}
03-21 00:40:34.773   718   745 D PowerManagerService: acquireWakeLockInternal: lock=60896632, flags=0x1, tag="Icing", ws=WorkSource{10058 com.google.android.apps.messaging}, uid=10013, pid=19417
03-21 00:40:34.773   718   745 D PowerManagerService: updateWakeLockSummaryLocked: mWakefulness=Awake, mWakeLockSummary=0x1
03-21 00:40:34.773   718   745 D PowerManagerService: updateUserActivitySummaryLocked: mWakefulness=Awake, mUserActivitySummary=0x9, nextTimeout=470125839 (in 1733 ms)
03-21 00:40:34.773   718   745 D DisplayPowerController: requestPowerState: policy=BRIGHT, useProximitySensor=false, screenBrightness=163, screenAutoBrightnessAdjustment=0.0, brightnessSetByUser=true, useAutoBrightness=false, blockScreenOn=false, lowPowerMode=false, boostScreenBrightness=false, dozeScreenBrightness=-1, dozeScreenState=UNKNOWN, waitForNegativeProximity=false
03-21 00:40:34.773   718   745 I PowerManagerService: setBrightness mButtonLight, screenBrightness=163
03-21 00:40:34.773   718   745 D PowerManagerService: updateDisplayPowerStateLocked: mDisplayReady=true, policy=3, mWakefulness=1, mWakeLockSummary=0x1, mUserActivitySummary=0x9, mBootCompleted=true, mScreenBrightnessBoostInProgress=false
03-21 00:40:34.773   718   745 D PowerManagerService: Acquiring suspend blocker "PowerManagerService.WakeLocks".
03-21 00:40:34.773   718   745 D PowerManagerNotifier: onWakeLockAcquired: flags=1, tag="Icing", packageName=com.google.android.gms, ownerUid=10013, ownerPid=19417, workSource=WorkSource{10058 com.google.android.apps.messaging}
03-21 00:40:34.774   217   379 D AALService: enableAALEvent: 0 -> 1
03-21 00:40:34.774   217   379 D AALService: Output backlight = 571/1023, CABC gain = 256
03-21 00:40:34.774 19417 19417 D ActivityThread: SVC-CREATE_SERVICE handled : 0 / CreateServiceData{token=android.os.BinderProxy@9c8118d className=com.google.android.gms.icing.service.IndexWorkerService packageName=com.google.android.gms intent=null}
03-21 00:40:34.775 19417 19417 D ActivityThread: SVC-Calling onStartCommand: com.google.android.gms.icing.service.IndexWorkerService@6b41b53, flags=0, startId=1
03-21 00:40:34.777 19417 19417 D ActivityThread: SVC-SERVICE_ARGS handled : 0 / ServiceArgsData{token=android.os.BinderProxy@9c8118d startId=1 args=Intent { act=com.google.android.gms.icing.START_STICKY cmp=com.google.android.gms/.icing.service.IndexWorkerService }}
03-21 00:40:34.778 19417 19503 I Icing   : IndexChimeraService.getServiceInterface callingPackage=com.google.android.apps.messaging componentName=null serviceId=36
03-21 00:40:34.785   718 22892 D PowerManagerService: updateWakeLockWorkSourceInternal: lock=60896632 [Icing], ws=WorkSource{10013 com.google.android.gms, 10058 com.google.android.apps.messaging}
03-21 00:40:34.785   718 22892 D PowerManagerNotifier: onWakeLockChanging: flags=1, tag="Icing", packageName=com.google.android.gms, ownerUid=10013, ownerPid=19417, workSource=WorkSource{10013 com.google.android.gms, 10058 com.google.android.apps.messaging}
03-21 00:40:34.788   217   379 D AALService: Output backlight = 570/1023, CABC gain = 256
03-21 00:40:34.801 19353 19507 D SQLiteDatabase: beginTransaction()
03-21 00:40:34.803 19353 19507 D SQLiteDatabase: endTransaction()
03-21 00:40:34.803   217   379 D AALService: enableAALEvent: 1 -> 0
03-21 00:40:34.803   718  1372 D PowerManagerService: updateWakeLockWorkSourceInternal: lock=60896632 [Icing], ws=WorkSource{10013 com.google.android.gms}
03-21 00:40:34.804   718  1372 D PowerManagerNotifier: onWakeLockChanging: flags=1, tag="Icing", packageName=com.google.android.gms, ownerUid=10013, ownerPid=19417, workSource=WorkSource{10013 com.google.android.gms}
03-21 00:40:34.806 15272 15272 D ActivityThread: SVC-Calling onStartCommand: com.google.android.gms.chimera.PersistentBoundBrokerService@e92767b, flags=0, startId=1101
03-21 00:40:34.807 15272 15272 D ActivityThread: SVC-SERVICE_ARGS handled : 0 / ServiceArgsData{token=android.os.BinderProxy@7e64e0a startId=1101 args=Intent { cmp=com.google.android.gms/.chimera.PersistentBoundBrokerService }}
03-21 00:40:34.817   217   379 D AALService: enableAALEvent: 0 -> 1
03-21 00:40:34.817   217   379 D AALService: Output backlight = 569/1023, CABC gain = 256
03-21 00:40:34.828 19417 19502 I Icing   : Usage reports ok 0, Failed Usage reports 0, indexed 0, rejected 0, imm upload false
03-21 00:40:34.832   217   379 D AALService: Output backlight = 568/1023, CABC gain = 256
03-21 00:40:34.833   718  1441 D PowerManagerService: releaseWakeLockInternal: lock=60896632 [Icing], flags=0x0, total_time=60ms
03-21 00:40:34.833   718  1441 D PowerManagerNotifier: onWakeLockReleased: flags=1, tag="Icing", packageName=com.google.android.gms, ownerUid=10013, ownerPid=19417, workSource=WorkSource{10013 com.google.android.gms}
03-21 00:40:34.833   718  1441 D PowerManagerService: updateWakeLockSummaryLocked: mWakefulness=Awake, mWakeLockSummary=0x0
03-21 00:40:34.833   718  1441 D PowerManagerService: updateUserActivitySummaryLocked: mWakefulness=Awake, mUserActivitySummary=0x9, nextTimeout=470125839 (in 1672 ms)
03-21 00:40:34.834   718  1441 D DisplayPowerController: requestPowerState: policy=BRIGHT, useProximitySensor=false, screenBrightness=163, screenAutoBrightnessAdjustment=0.0, brightnessSetByUser=true, useAutoBrightness=false, blockScreenOn=false, lowPowerMode=false, boostScreenBrightness=false, dozeScreenBrightness=-1, dozeScreenState=UNKNOWN, waitForNegativeProximity=false
03-21 00:40:34.834   718  1441 I PowerManagerService: setBrightness mButtonLight, screenBrightness=163
03-21 00:40:34.834   718  1441 D PowerManagerService: updateDisplayPowerStateLocked: mDisplayReady=true, policy=3, mWakefulness=1, mWakeLockSummary=0x0, mUserActivitySummary=0x9, mBootCompleted=true, mScreenBrightnessBoostInProgress=false
03-21 00:40:34.834   718  1441 D PowerManagerService: Releasing suspend blocker "PowerManagerService.WakeLocks".
03-21 00:40:34.837 19417 19417 D ActivityThread: SVC-Destroying service: com.google.android.gms.icing.service.IndexWorkerService@6b41b53
03-21 00:40:34.837 19417 19417 D ActivityThread: SVC-STOP_SERVICE handled : 0 / android.os.BinderProxy@9c8118d
03-21 00:40:34.841 19417 19417 D ActivityThread: SVC-Creating service: CreateServiceData{token=android.os.BinderProxy@30bcc9f className=com.google.android.gms.icing.service.IndexWorkerService packageName=com.google.android.gms intent=null}
03-21 00:40:34.842   718 22892 D PowerManagerService: acquireWakeLockInternal: lock=60896632, flags=0x1, tag="Icing", ws=WorkSource{10058 com.google.android.apps.messaging}, uid=10013, pid=19417
03-21 00:40:34.842   718 22892 D PowerManagerService: updateWakeLockSummaryLocked: mWakefulness=Awake, mWakeLockSummary=0x1
03-21 00:40:34.842   718 22892 D PowerManagerService: updateUserActivitySummaryLocked: mWakefulness=Awake, mUserActivitySummary=0x9, nextTimeout=470125839 (in 1664 ms)
03-21 00:40:34.842   718 22892 D DisplayPowerController: requestPowerState: policy=BRIGHT, useProximitySensor=false, screenBrightness=163, screenAutoBrightnessAdjustment=0.0, brightnessSetByUser=true, useAutoBrightness=false, blockScreenOn=false, lowPowerMode=false, boostScreenBrightness=false, dozeScreenBrightness=-1, dozeScreenState=UNKNOWN, waitForNegativeProximity=false
03-21 00:40:34.842   718 22892 I PowerManagerService: setBrightness mButtonLight, screenBrightness=163
03-21 00:40:34.842   718 22892 D PowerManagerService: updateDisplayPowerStateLocked: mDisplayReady=true, policy=3, mWakefulness=1, mWakeLockSummary=0x1, mUserActivitySummary=0x9, mBootCompleted=true, mScreenBrightnessBoostInProgress=false
03-21 00:40:34.842   718 22892 D PowerManagerService: Acquiring suspend blocker "PowerManagerService.WakeLocks".
03-21 00:40:34.843   718 22892 D PowerManagerNotifier: onWakeLockAcquired: flags=1, tag="Icing", packageName=com.google.android.gms, ownerUid=10013, ownerPid=19417, workSource=WorkSource{10058 com.google.android.apps.messaging}
03-21 00:40:34.843 19417 19417 D ActivityThread: SVC-CREATE_SERVICE handled : 0 / CreateServiceData{token=android.os.BinderProxy@30bcc9f className=com.google.android.gms.icing.service.IndexWorkerService packageName=com.google.android.gms intent=null}
03-21 00:40:34.843 19417 19417 D ActivityThread: SVC-Calling onStartCommand: com.google.android.gms.icing.service.IndexWorkerService@658c1ec, flags=0, startId=1
03-21 00:40:34.843 19417 19417 D ActivityThread: SVC-SERVICE_ARGS handled : 0 / ServiceArgsData{token=android.os.BinderProxy@30bcc9f startId=1 args=Intent { act=com.google.android.gms.icing.START_STICKY cmp=com.google.android.gms/.icing.service.IndexWorkerService }}
03-21 00:40:34.845 19417 19501 I Icing   : IndexChimeraService.getServiceInterface callingPackage=com.google.android.apps.messaging componentName=null serviceId=36
03-21 00:40:34.846   217   379 D AALService: enableAALEvent: 1 -> 0
03-21 00:40:34.852   718  1383 D PowerManagerService: updateWakeLockWorkSourceInternal: lock=60896632 [Icing], ws=WorkSource{10013 com.google.android.gms, 10058 com.google.android.apps.messaging}
03-21 00:40:34.852   718  1383 D PowerManagerNotifier: onWakeLockChanging: flags=1, tag="Icing", packageName=com.google.android.gms, ownerUid=10013, ownerPid=19417, workSource=WorkSource{10013 com.google.android.gms, 10058 com.google.android.apps.messaging}
03-21 00:40:34.858 19353 19507 D SQLiteDatabase: beginTransaction()
03-21 00:40:34.859   718   745 D PowerManagerService: updateWakeLockWorkSourceInternal: lock=60896632 [Icing], ws=WorkSource{10013 com.google.android.gms}
03-21 00:40:34.859   718   745 D PowerManagerNotifier: onWakeLockChanging: flags=1, tag="Icing", packageName=com.google.android.gms, ownerUid=10013, ownerPid=19417, workSource=WorkSource{10013 com.google.android.gms}
03-21 00:40:34.860 19353 19507 D SQLiteDatabase: endTransaction()
03-21 00:40:34.861   217   379 D AALService: enableAALEvent: 0 -> 1
03-21 00:40:34.861   217   379 D AALService: Output backlight = 567/1023, CABC gain = 256
03-21 00:40:34.864 15272 15272 D ActivityThread: SVC-Calling onStartCommand: com.google.android.gms.chimera.PersistentBoundBrokerService@e92767b, flags=0, startId=1102
03-21 00:40:34.864 15272 15272 D ActivityThread: SVC-SERVICE_ARGS handled : 0 / ServiceArgsData{token=android.os.BinderProxy@7e64e0a startId=1102 args=Intent { cmp=com.google.android.gms/.chimera.PersistentBoundBrokerService }}
03-21 00:40:34.874   217   379 D AALService: enableAALEvent: 1 -> 0
03-21 00:40:34.879 19417 19500 I Icing   : Usage reports ok 0, Failed Usage reports 0, indexed 0, rejected 0, imm upload false
